******************************************************************************
                  TI ARM Linker PC v20.2.1                     
******************************************************************************
>> Linked Sat Nov  7 03:23:29 2020

OUTPUT FILE NAME:   <DMX512Project.out>
ENTRY POINT SYMBOL: "_c_int00_noargs"  address: 00002a05


MEMORY CONFIGURATION

         name            origin    length      used     unused   attr    fill
----------------------  --------  ---------  --------  --------  ----  --------
  FLASH                 00000000   00040000  00002c71  0003d38f  R  X
  SRAM                  20000000   00008000  0000130d  00006cf3  RW X


SEGMENT ALLOCATION MAP

run origin  load origin   length   init length attrs members
----------  ----------- ---------- ----------- ----- -------
00000000    00000000    00002c78   00002c78    r-x
  00000000    00000000    0000026c   0000026c    r-- .intvecs
  0000026c    0000026c    000028d4   000028d4    r-x .text
  00002b40    00002b40    00000101   00000101    r-- .const
  00002c48    00002c48    00000030   00000030    r-- .cinit
20000000    20000000    00001310   00000000    rw-
  20000000    20000000    00001000   00000000    rw- .stack
  20001000    20001000    00000305   00000000    rw- .bss
  20001308    20001308    00000008   00000000    rw- .data


SECTION ALLOCATION MAP

 output                                  attributes/
section   page    origin      length       input sections
--------  ----  ----------  ----------   ----------------
.intvecs   0    00000000    0000026c     
                  00000000    0000026c     tm4c123gh6pm_startup_ccs.obj (.intvecs)

.text      0    0000026c    000028d4     
                  0000026c    00000a4e     rtsv7M4_T_le_v4SPD16_eabi.lib : _printfi.c.obj (.text:__TI_printfi)
                  00000cba    00000002                                   : div0.asm.obj (.text)
                  00000cbc    0000079c     dmxData.obj (.text)
                  00001458    00000294     uart0.obj (.text)
                  000016ec    00000270     rtsv7M4_T_le_v4SPD16_eabi.lib : _printfi.c.obj (.text:_pconv_a)
                  0000195c    000001d0                                   : _printfi.c.obj (.text:_pconv_g)
                  00001b2c    000001b6                                   : fd_add_t2.asm.obj (.text)
                  00001ce2    00000002     --HOLE-- [fill = 0]
                  00001ce4    0000013c                                   : _printfi.c.obj (.text:_pconv_e)
                  00001e20    00000136                                   : fd_div_t2.asm.obj (.text)
                  00001f56    00000002     --HOLE-- [fill = 0]
                  00001f58    00000124                                   : _printfi.c.obj (.text:fcvt)
                  0000207c    00000110                                   : s_scalbn.c.obj (.text:scalbn)
                  0000218c    000000fc                                   : fd_mul_t2.asm.obj (.text)
                  00002288    000000b1                                   : _printfi.c.obj (.text:_ltostr)
                  00002339    00000001     --HOLE-- [fill = 0]
                  0000233a    0000009c                                   : memcpy_t2.asm.obj (.text)
                  000023d6    00000096                                   : ull_div_t2.asm.obj (.text)
                  0000246c    00000086                                   : fd_cmp_t2.asm.obj (.text:__aeabi_cdcmple)
                  000024f2    00000086                                   : fd_cmp_t2.asm.obj (.text:__aeabi_cdrcmple)
                  00002578    00000084     eeprom.obj (.text)
                  000025fc    0000007a     rtsv7M4_T_le_v4SPD16_eabi.lib : memset_t2.asm.obj (.text)
                  00002676    0000006e                                   : _printfi.c.obj (.text:_mcpy)
                  000026e4    00000068                                   : copy_decompress_lzss.c.obj (.text:decompress:lzss:__TI_decompress_lzss)
                  0000274c    00000064                                   : s_frexp.c.obj (.text:frexp)
                  000027b0    00000056                                   : _printfi.c.obj (.text:_pconv_f)
                  00002806    00000054                                   : _ltoa.c.obj (.text:__TI_ltoa)
                  0000285a    00000052                                   : _printfi.c.obj (.text:_ecpy)
                  000028ac    0000004c                                   : atoi.c.obj (.text:atoi)
                  000028f8    00000048                                   : fd_toi_t2.asm.obj (.text)
                  00002940    00000044                                   : autoinit.c.obj (.text:__TI_auto_init_nobinit_nopinit:__TI_auto_init_nobinit_nopinit)
                  00002984    00000040                                   : sprintf.c.obj (.text:sprintf)
                  000029c4    0000003e                                   : _printfi.c.obj (.text:_fcpy)
                  00002a02    00000002     --HOLE-- [fill = 0]
                  00002a04    00000034                                   : boot_cortex_m.c.obj (.text:_c_int00_noargs:_c_int00_noargs)
                  00002a38    0000002e                                   : i_tofd_t2.asm.obj (.text)
                  00002a66    0000001c                                   : copy_zero_init.c.obj (.text:decompress:ZI:__TI_zero_init_nomemset:__TI_zero_init_nomemset)
                  00002a82    0000001c                                   : memccpy.c.obj (.text:memccpy)
                  00002a9e    0000001a                                   : s_copysign.c.obj (.text:copysign)
                  00002ab8    00000018                                   : sprintf.c.obj (.text:_outs)
                  00002ad0    00000016                                   : strchr.c.obj (.text:strchr)
                  00002ae6    00000014                                   : strlen.c.obj (.text:strlen)
                  00002afa    00000012                                   : wcslen.c.obj (.text:wcslen)
                  00002b0c    0000000e                                   : copy_decompress_none.c.obj (.text:decompress:none:__TI_decompress_none)
                  00002b1a    0000000c     tm4c123gh6pm_startup_ccs.obj (.text)
                  00002b26    0000000a     rtsv7M4_T_le_v4SPD16_eabi.lib : sprintf.c.obj (.text:_outc)
                  00002b30    00000008                                   : errno.c.obj (.text:__aeabi_errno_addr)
                  00002b38    00000004                                   : pre_init.c.obj (.text:_system_pre_init)
                  00002b3c    00000004                                   : exit.c.obj (.text:abort:abort)

.const     0    00002b40    00000101     
                  00002b40    00000101     rtsv7M4_T_le_v4SPD16_eabi.lib : ctype.c.obj (.const:.string:_ctypes_)

.cinit     0    00002c48    00000030     
                  00002c48    0000000c     (__TI_handler_table)
                  00002c54    0000000a     (.cinit..data.load) [load image, compression = lzss]
                  00002c5e    00000002     --HOLE-- [fill = 0]
                  00002c60    00000008     (.cinit..bss.load) [load image, compression = zero_init]
                  00002c68    00000010     (__TI_cinit_table)

.init_array 
*          0    00000000    00000000     UNINITIALIZED

.bss       0    20001000    00000305     UNINITIALIZED
                  20001000    00000200     dmxData.obj (.bss:dataTable)
                  20001200    00000100     (.common:TXBuffer)
                  20001300    00000005     dmxData.obj (.bss)

.data      0    20001308    00000008     UNINITIALIZED
                  20001308    00000004     rtsv7M4_T_le_v4SPD16_eabi.lib : errno.c.obj (.data)
                  2000130c    00000002     dmxData.obj (.data)
                  2000130e    00000002     uart0.obj (.data)

.stack     0    20000000    00001000     UNINITIALIZED
                  20000000    00000004     rtsv7M4_T_le_v4SPD16_eabi.lib : boot_cortex_m.c.obj (.stack)
                  20000004    00000ffc     --HOLE--

__llvm_prf_cnts 
*          0    20000000    00000000     UNINITIALIZED

MODULE SUMMARY

       Module                         code    ro data   rw data
       ------                         ----    -------   -------
    .\
       dmxData.obj                    1948    0         519    
       uart0.obj                      660     0         258    
       tm4c123gh6pm_startup_ccs.obj   12      620       0      
       eeprom.obj                     132     0         0      
    +--+------------------------------+-------+---------+---------+
       Total:                         2752    620       777    
                                                               
    C:\ti\ccs1011\ccs\tools\compiler\ti-cgt-arm_20.2.1.LTS\lib\rtsv7M4_T_le_v4SPD16_eabi.lib
       _printfi.c.obj                 4851    0         0      
       fd_add_t2.asm.obj              438     0         0      
       fd_div_t2.asm.obj              310     0         0      
       s_scalbn.c.obj                 272     0         0      
       fd_cmp_t2.asm.obj              268     0         0      
       ctype.c.obj                    0       257       0      
       fd_mul_t2.asm.obj              252     0         0      
       memcpy_t2.asm.obj              156     0         0      
       ull_div_t2.asm.obj             150     0         0      
       memset_t2.asm.obj              122     0         0      
       copy_decompress_lzss.c.obj     104     0         0      
       s_frexp.c.obj                  100     0         0      
       sprintf.c.obj                  98      0         0      
       _ltoa.c.obj                    84      0         0      
       atoi.c.obj                     76      0         0      
       fd_toi_t2.asm.obj              72      0         0      
       autoinit.c.obj                 68      0         0      
       boot_cortex_m.c.obj            52      0         0      
       i_tofd_t2.asm.obj              46      0         0      
       copy_zero_init.c.obj           28      0         0      
       memccpy.c.obj                  28      0         0      
       s_copysign.c.obj               26      0         0      
       strchr.c.obj                   22      0         0      
       strlen.c.obj                   20      0         0      
       wcslen.c.obj                   18      0         0      
       copy_decompress_none.c.obj     14      0         0      
       errno.c.obj                    8       0         4      
       exit.c.obj                     4       0         0      
       pre_init.c.obj                 4       0         0      
       div0.asm.obj                   2       0         0      
    +--+------------------------------+-------+---------+---------+
       Total:                         7693    257       4      
                                                               
       Stack:                         0       0         4096   
       Linker Generated:              0       46        0      
    +--+------------------------------+-------+---------+---------+
       Grand Total:                   10445   923       4877   


LINKER GENERATED COPY TABLES

__TI_cinit_table @ 00002c68 records: 2, size/record: 8, table size: 16
	.data: load addr=00002c54, load size=0000000a bytes, run addr=20001308, run size=00000008 bytes, compression=lzss
	.bss: load addr=00002c60, load size=00000008 bytes, run addr=20001000, run size=00000305 bytes, compression=zero_init


LINKER GENERATED HANDLER TABLE

__TI_handler_table @ 00002c48 records: 3, size/record: 4, table size: 12
	index: 0, handler: __TI_decompress_lzss
	index: 1, handler: __TI_decompress_none
	index: 2, handler: __TI_zero_init


GLOBAL SYMBOLS: SORTED ALPHABETICALLY BY Name 

address   name                          
-------   ----                          
00002b3d  C$$EXIT                       
00002b1b  ResetISR                      
20001200  TXBuffer                      
20001000  __STACK_END                   
00001000  __STACK_SIZE                  
20000200  __STACK_TOP                   
00002c68  __TI_CINIT_Base               
00002c78  __TI_CINIT_Limit              
00002c48  __TI_Handler_Table_Base       
00002c54  __TI_Handler_Table_Limit      
00002941  __TI_auto_init_nobinit_nopinit
000026e5  __TI_decompress_lzss          
00002b0d  __TI_decompress_none          
00002807  __TI_ltoa                     
ffffffff  __TI_pprof_out_hndl           
0000026d  __TI_printfi                  
ffffffff  __TI_prof_data_size           
ffffffff  __TI_prof_data_start          
00000000  __TI_static_base__            
00002a67  __TI_zero_init_nomemset       
0000246d  __aeabi_cdcmpeq               
0000246d  __aeabi_cdcmple               
000024f3  __aeabi_cdrcmple              
000028f9  __aeabi_d2iz                  
00001b37  __aeabi_dadd                  
00001e21  __aeabi_ddiv                  
0000218d  __aeabi_dmul                  
00001b2d  __aeabi_dsub                  
00002b31  __aeabi_errno_addr            
00002a39  __aeabi_i2d                   
00000cbb  __aeabi_idiv0                 
00000cbb  __aeabi_ldiv0                 
000025fd  __aeabi_memclr                
000025fd  __aeabi_memclr4               
000025fd  __aeabi_memclr8               
0000233b  __aeabi_memcpy                
0000233b  __aeabi_memcpy4               
0000233b  __aeabi_memcpy8               
000025ff  __aeabi_memset                
000025ff  __aeabi_memset4               
000025ff  __aeabi_memset8               
000023d7  __aeabi_uldivmod              
ffffffff  __binit__                     
ffffffff  __c_args__                    
UNDEFED   __mpu_init                    
20000000  __stack                       
20000000  __start___llvm_prf_cnts       
20000000  __stop___llvm_prf_cnts        
00002a05  _c_int00_noargs               
00002b40  _ctypes_                      
UNDEFED   _system_post_cinit            
00002b39  _system_pre_init              
00002b3d  abort                         
00001059  addTask                       
00000ea9  alphabetToInteger             
000028ad  atoi                          
ffffffff  binit                         
0000108f  clear                         
00001071  controllerMode                
00002a9f  copysign                      
00002a9f  copysignl                     
0000107d  deviceMode                    
00001599  displayUart0                  
20001308  errno                         
0000274d  frexp                         
0000274d  frexpl                        
00000000  g_pfnVectors                  
0000100f  getData                       
0000104d  getDate                       
00000f87  getFieldInteger               
00000e79  getFieldString                
0000102f  getTime                       
0000156b  getcUart0                     
00000cbf  getsUart0                     
00002579  initEeprom                    
00000cbd  initHw                        
00001459  initUart0                     
00000fc1  isCommand                     
0000157f  kbhitUart0                    
0000207d  ldexp                         
0000207d  ldexpl                        
00001099  main                          
00002a83  memccpy                       
0000233b  memcpy                        
00002605  memset                        
00000d3d  parseFields                   
00001523  putcUart0                     
0000153f  putsUart0                     
000025c1  readEeprom                    
2000130e  readIndex                     
0000207d  scalbn                        
0000207d  scalbnl                       
00000ff3  setData                       
0000103d  setDate                       
0000101b  setTime                       
000014f7  setUart0BaudRate              
00002985  sprintf                       
00002ad1  strchr                        
00000eeb  stringCompare                 
00002ae7  strlen                        
0000162d  uart0ISR                      
00002afb  wcslen                        
0000258f  writeEeprom                   
2000130f  writeIndex                    


GLOBAL SYMBOLS: SORTED BY Symbol Address 

address   name                          
-------   ----                          
00000000  __TI_static_base__            
00000000  g_pfnVectors                  
0000026d  __TI_printfi                  
00000cbb  __aeabi_idiv0                 
00000cbb  __aeabi_ldiv0                 
00000cbd  initHw                        
00000cbf  getsUart0                     
00000d3d  parseFields                   
00000e79  getFieldString                
00000ea9  alphabetToInteger             
00000eeb  stringCompare                 
00000f87  getFieldInteger               
00000fc1  isCommand                     
00000ff3  setData                       
00001000  __STACK_SIZE                  
0000100f  getData                       
0000101b  setTime                       
0000102f  getTime                       
0000103d  setDate                       
0000104d  getDate                       
00001059  addTask                       
00001071  controllerMode                
0000107d  deviceMode                    
0000108f  clear                         
00001099  main                          
00001459  initUart0                     
000014f7  setUart0BaudRate              
00001523  putcUart0                     
0000153f  putsUart0                     
0000156b  getcUart0                     
0000157f  kbhitUart0                    
00001599  displayUart0                  
0000162d  uart0ISR                      
00001b2d  __aeabi_dsub                  
00001b37  __aeabi_dadd                  
00001e21  __aeabi_ddiv                  
0000207d  ldexp                         
0000207d  ldexpl                        
0000207d  scalbn                        
0000207d  scalbnl                       
0000218d  __aeabi_dmul                  
0000233b  __aeabi_memcpy                
0000233b  __aeabi_memcpy4               
0000233b  __aeabi_memcpy8               
0000233b  memcpy                        
000023d7  __aeabi_uldivmod              
0000246d  __aeabi_cdcmpeq               
0000246d  __aeabi_cdcmple               
000024f3  __aeabi_cdrcmple              
00002579  initEeprom                    
0000258f  writeEeprom                   
000025c1  readEeprom                    
000025fd  __aeabi_memclr                
000025fd  __aeabi_memclr4               
000025fd  __aeabi_memclr8               
000025ff  __aeabi_memset                
000025ff  __aeabi_memset4               
000025ff  __aeabi_memset8               
00002605  memset                        
000026e5  __TI_decompress_lzss          
0000274d  frexp                         
0000274d  frexpl                        
00002807  __TI_ltoa                     
000028ad  atoi                          
000028f9  __aeabi_d2iz                  
00002941  __TI_auto_init_nobinit_nopinit
00002985  sprintf                       
00002a05  _c_int00_noargs               
00002a39  __aeabi_i2d                   
00002a67  __TI_zero_init_nomemset       
00002a83  memccpy                       
00002a9f  copysign                      
00002a9f  copysignl                     
00002ad1  strchr                        
00002ae7  strlen                        
00002afb  wcslen                        
00002b0d  __TI_decompress_none          
00002b1b  ResetISR                      
00002b31  __aeabi_errno_addr            
00002b39  _system_pre_init              
00002b3d  C$$EXIT                       
00002b3d  abort                         
00002b40  _ctypes_                      
00002c48  __TI_Handler_Table_Base       
00002c54  __TI_Handler_Table_Limit      
00002c68  __TI_CINIT_Base               
00002c78  __TI_CINIT_Limit              
20000000  __stack                       
20000000  __start___llvm_prf_cnts       
20000000  __stop___llvm_prf_cnts        
20000200  __STACK_TOP                   
20001000  __STACK_END                   
20001200  TXBuffer                      
20001308  errno                         
2000130e  readIndex                     
2000130f  writeIndex                    
ffffffff  __TI_pprof_out_hndl           
ffffffff  __TI_prof_data_size           
ffffffff  __TI_prof_data_start          
ffffffff  __binit__                     
ffffffff  __c_args__                    
ffffffff  binit                         
UNDEFED   __mpu_init                    
UNDEFED   _system_post_cinit            

[104 symbols]
