******************************************************************************
                  TI ARM Linker PC v20.2.1                     
******************************************************************************
>> Linked Tue Dec  8 15:50:06 2020

OUTPUT FILE NAME:   <DMX512Project.out>
ENTRY POINT SYMBOL: "_c_int00_noargs"  address: 00003d65


MEMORY CONFIGURATION

         name            origin    length      used     unused   attr    fill
----------------------  --------  ---------  --------  --------  ----  --------
  FLASH                 00000000   00040000  00003fed  0003c013  R  X
  SRAM                  20000000   00008000  00002f5c  000050a4  RW X


SEGMENT ALLOCATION MAP

run origin  load origin   length   init length attrs members
----------  ----------- ---------- ----------- ----- -------
00000000    00000000    00003ff0   00003ff0    r-x
  00000000    00000000    0000026c   0000026c    r-- .intvecs
  0000026c    0000026c    00003c48   00003c48    r-x .text
  00003eb4    00003eb4    00000101   00000101    r-- .const
  00003fb8    00003fb8    00000038   00000038    r-- .cinit
20000000    20000000    00002f5c   00000000    rw-
  20000000    20000000    00002800   00000000    rw- .stack
  20002800    20002800    0000070c   00000000    rw- .bss
  20002f0c    20002f0c    00000050   00000000    rw- .data


SECTION ALLOCATION MAP

 output                                  attributes/
section   page    origin      length       input sections
--------  ----  ----------  ----------   ----------------
.intvecs   0    00000000    0000026c     
                  00000000    0000026c     tm4c123gh6pm_startup_ccs.obj (.intvecs)

.text      0    0000026c    00003c48     
                  0000026c    000013e0     dmxData.obj (.text)
                  0000164c    00000a4e     rtsv7M4_T_le_v4SPD16_eabi.lib : _printfi.c.obj (.text:__TI_printfi)
                  0000209a    00000002                                   : div0.asm.obj (.text)
                  0000209c    00000480     uart1.obj (.text)
                  0000251c    00000294     uart0.obj (.text)
                  000027b0    00000270     rtsv7M4_T_le_v4SPD16_eabi.lib : _printfi.c.obj (.text:_pconv_a)
                  00002a20    000001d0                                   : _printfi.c.obj (.text:_pconv_g)
                  00002bf0    000001b6                                   : fd_add_t2.asm.obj (.text)
                  00002da6    00000002     --HOLE-- [fill = 0]
                  00002da8    00000184     PWM.obj (.text)
                  00002f2c    0000013c     rtsv7M4_T_le_v4SPD16_eabi.lib : _printfi.c.obj (.text:_pconv_e)
                  00003068    00000136                                   : fd_div_t2.asm.obj (.text)
                  0000319e    00000002     --HOLE-- [fill = 0]
                  000031a0    00000124                                   : _printfi.c.obj (.text:fcvt)
                  000032c4    00000118     timer1.obj (.text)
                  000033dc    00000110     rtsv7M4_T_le_v4SPD16_eabi.lib : s_scalbn.c.obj (.text:scalbn)
                  000034ec    000000fc                                   : fd_mul_t2.asm.obj (.text)
                  000035e8    000000b1                                   : _printfi.c.obj (.text:_ltostr)
                  00003699    00000001     --HOLE-- [fill = 0]
                  0000369a    0000009c                                   : memcpy_t2.asm.obj (.text)
                  00003736    00000096                                   : ull_div_t2.asm.obj (.text)
                  000037cc    00000086                                   : fd_cmp_t2.asm.obj (.text:__aeabi_cdcmple)
                  00003852    00000086                                   : fd_cmp_t2.asm.obj (.text:__aeabi_cdrcmple)
                  000038d8    00000084     eeprom.obj (.text)
                  0000395c    0000007a     rtsv7M4_T_le_v4SPD16_eabi.lib : memset_t2.asm.obj (.text)
                  000039d6    0000006e                                   : _printfi.c.obj (.text:_mcpy)
                  00003a44    00000068                                   : copy_decompress_lzss.c.obj (.text:decompress:lzss:__TI_decompress_lzss)
                  00003aac    00000064                                   : s_frexp.c.obj (.text:frexp)
                  00003b10    00000056                                   : _printfi.c.obj (.text:_pconv_f)
                  00003b66    00000054                                   : _ltoa.c.obj (.text:__TI_ltoa)
                  00003bba    00000052                                   : _printfi.c.obj (.text:_ecpy)
                  00003c0c    0000004c                                   : atoi.c.obj (.text:atoi)
                  00003c58    00000048                                   : fd_toi_t2.asm.obj (.text)
                  00003ca0    00000044                                   : autoinit.c.obj (.text:__TI_auto_init_nobinit_nopinit:__TI_auto_init_nobinit_nopinit)
                  00003ce4    00000040                                   : sprintf.c.obj (.text:sprintf)
                  00003d24    0000003e                                   : _printfi.c.obj (.text:_fcpy)
                  00003d62    00000002     --HOLE-- [fill = 0]
                  00003d64    00000034                                   : boot_cortex_m.c.obj (.text:_c_int00_noargs:_c_int00_noargs)
                  00003d98    0000002e                                   : i_tofd_t2.asm.obj (.text)
                  00003dc6    00000024     wait.obj (.text)
                  00003dea    0000001c     rtsv7M4_T_le_v4SPD16_eabi.lib : memccpy.c.obj (.text:memccpy)
                  00003e06    0000001a                                   : s_copysign.c.obj (.text:copysign)
                  00003e20    00000018                                   : sprintf.c.obj (.text:_outs)
                  00003e38    00000016                                   : strchr.c.obj (.text:strchr)
                  00003e4e    00000014                                   : strlen.c.obj (.text:strlen)
                  00003e62    00000012                                   : wcslen.c.obj (.text:wcslen)
                  00003e74    0000000e                                   : copy_decompress_none.c.obj (.text:decompress:none:__TI_decompress_none)
                  00003e82    0000000c                                   : copy_zero_init.c.obj (.text:decompress:ZI:__TI_zero_init)
                  00003e8e    0000000c     tm4c123gh6pm_startup_ccs.obj (.text)
                  00003e9a    0000000a     rtsv7M4_T_le_v4SPD16_eabi.lib : sprintf.c.obj (.text:_outc)
                  00003ea4    00000008                                   : errno.c.obj (.text:__aeabi_errno_addr)
                  00003eac    00000004                                   : pre_init.c.obj (.text:_system_pre_init)
                  00003eb0    00000004                                   : exit.c.obj (.text:abort:abort)

.const     0    00003eb4    00000101     
                  00003eb4    00000101     rtsv7M4_T_le_v4SPD16_eabi.lib : ctype.c.obj (.const:.string:_ctypes_)

.cinit     0    00003fb8    00000038     
                  00003fb8    00000010     (.cinit..data.load) [load image, compression = lzss]
                  00003fc8    0000000c     (__TI_handler_table)
                  00003fd4    00000004     --HOLE-- [fill = 0]
                  00003fd8    00000008     (.cinit..bss.load) [load image, compression = zero_init]
                  00003fe0    00000010     (__TI_cinit_table)

.init_array 
*          0    00000000    00000000     UNINITIALIZED

.bss       0    20002800    0000070c     UNINITIALIZED
                  20002800    00000400     (.common:pollFound)
                  20002c00    00000204     (.common:dataTable)
                  20002e04    00000100     (.common:TXBuffer)
                  20002f04    00000004     (.common:MODE)
                  20002f08    00000002     (.common:Rxphase)
                  20002f0a    00000002     (.common:phase)

.data      0    20002f0c    00000050     UNINITIALIZED
                  20002f0c    0000003c     dmxData.obj (.data:setAtTable)
                  20002f48    0000000d     dmxData.obj (.data)
                  20002f55    00000002     uart0.obj (.data)
                  20002f57    00000001     --HOLE--
                  20002f58    00000004     rtsv7M4_T_le_v4SPD16_eabi.lib : errno.c.obj (.data)

.stack     0    20000000    00002800     UNINITIALIZED
                  20000000    00000004     rtsv7M4_T_le_v4SPD16_eabi.lib : boot_cortex_m.c.obj (.stack)
                  20000004    000027fc     --HOLE--

__llvm_prf_cnts 
*          0    20000000    00000000     UNINITIALIZED

MODULE SUMMARY

       Module                         code    ro data   rw data
       ------                         ----    -------   -------
    .\
       dmxData.obj                    5088    0         1619   
       uart1.obj                      1152    0         2      
       uart0.obj                      660     0         258    
       tm4c123gh6pm_startup_ccs.obj   12      620       0      
       PWM.obj                        388     0         0      
       timer1.obj                     280     0         0      
       eeprom.obj                     132     0         0      
       wait.obj                       36      0         0      
    +--+------------------------------+-------+---------+---------+
       Total:                         7748    620       1879   
                                                               
    C:\ti\ccs1011\ccs\tools\compiler\ti-cgt-arm_20.2.1.LTS\lib\rtsv7M4_T_le_v4SPD16_eabi.lib
       _printfi.c.obj                 4851    0         0      
       fd_add_t2.asm.obj              438     0         0      
       fd_div_t2.asm.obj              310     0         0      
       s_scalbn.c.obj                 272     0         0      
       fd_cmp_t2.asm.obj              268     0         0      
       ctype.c.obj                    0       257       0      
       fd_mul_t2.asm.obj              252     0         0      
       memcpy_t2.asm.obj              156     0         0      
       ull_div_t2.asm.obj             150     0         0      
       memset_t2.asm.obj              122     0         0      
       copy_decompress_lzss.c.obj     104     0         0      
       s_frexp.c.obj                  100     0         0      
       sprintf.c.obj                  98      0         0      
       _ltoa.c.obj                    84      0         0      
       atoi.c.obj                     76      0         0      
       fd_toi_t2.asm.obj              72      0         0      
       autoinit.c.obj                 68      0         0      
       boot_cortex_m.c.obj            52      0         0      
       i_tofd_t2.asm.obj              46      0         0      
       memccpy.c.obj                  28      0         0      
       s_copysign.c.obj               26      0         0      
       strchr.c.obj                   22      0         0      
       strlen.c.obj                   20      0         0      
       wcslen.c.obj                   18      0         0      
       copy_decompress_none.c.obj     14      0         0      
       copy_zero_init.c.obj           12      0         0      
       errno.c.obj                    8       0         4      
       exit.c.obj                     4       0         0      
       pre_init.c.obj                 4       0         0      
       div0.asm.obj                   2       0         0      
    +--+------------------------------+-------+---------+---------+
       Total:                         7677    257       4      
                                                               
       Stack:                         0       0         10240  
       Linker Generated:              0       52        0      
    +--+------------------------------+-------+---------+---------+
       Grand Total:                   15425   929       12123  


LINKER GENERATED COPY TABLES

__TI_cinit_table @ 00003fe0 records: 2, size/record: 8, table size: 16
	.data: load addr=00003fb8, load size=00000010 bytes, run addr=20002f0c, run size=00000050 bytes, compression=lzss
	.bss: load addr=00003fd8, load size=00000008 bytes, run addr=20002800, run size=0000070c bytes, compression=zero_init


LINKER GENERATED HANDLER TABLE

__TI_handler_table @ 00003fc8 records: 3, size/record: 4, table size: 12
	index: 0, handler: __TI_decompress_lzss
	index: 1, handler: __TI_decompress_none
	index: 2, handler: __TI_zero_init


GLOBAL SYMBOLS: SORTED ALPHABETICALLY BY Name 

address   name                          
-------   ----                          
00003eb1  C$$EXIT                       
00000321  HIB_INIT                      
20002f48  LED_OFF_TIMEOUT               
20002f49  LED_ON_TIMEOUT                
20002f04  MODE                          
20002f4c  ON                            
00003e8f  ResetISR                      
20002f08  Rxphase                       
20002e04  TXBuffer                      
20002800  __STACK_END                   
00002800  __STACK_SIZE                  
20000200  __STACK_TOP                   
00003fe0  __TI_CINIT_Base               
00003ff0  __TI_CINIT_Limit              
00003fc8  __TI_Handler_Table_Base       
00003fd4  __TI_Handler_Table_Limit      
00003ca1  __TI_auto_init_nobinit_nopinit
00003a45  __TI_decompress_lzss          
00003e75  __TI_decompress_none          
00003b67  __TI_ltoa                     
ffffffff  __TI_pprof_out_hndl           
0000164d  __TI_printfi                  
ffffffff  __TI_prof_data_size           
ffffffff  __TI_prof_data_start          
00000000  __TI_static_base__            
00003e83  __TI_zero_init                
000037cd  __aeabi_cdcmpeq               
000037cd  __aeabi_cdcmple               
00003853  __aeabi_cdrcmple              
00003c59  __aeabi_d2iz                  
00002bfb  __aeabi_dadd                  
00003069  __aeabi_ddiv                  
000034ed  __aeabi_dmul                  
00002bf1  __aeabi_dsub                  
00003ea5  __aeabi_errno_addr            
00003d99  __aeabi_i2d                   
0000209b  __aeabi_idiv0                 
0000209b  __aeabi_ldiv0                 
0000395d  __aeabi_memclr                
0000395d  __aeabi_memclr4               
0000395d  __aeabi_memclr8               
0000369b  __aeabi_memcpy                
0000369b  __aeabi_memcpy4               
0000369b  __aeabi_memcpy8               
0000395f  __aeabi_memset                
0000395f  __aeabi_memset4               
0000395f  __aeabi_memset8               
00003737  __aeabi_uldivmod              
ffffffff  __binit__                     
ffffffff  __c_args__                    
UNDEFED   __mpu_init                    
20000000  __stack                       
20000000  __start___llvm_prf_cnts       
20000000  __stop___llvm_prf_cnts        
00003d65  _c_int00_noargs               
00003eb4  _ctypes_                      
UNDEFED   _system_post_cinit            
00003ead  _system_pre_init              
00003eb1  abort                         
0000090d  addTask                       
00000dfd  alarmISR                      
00000641  alphabetToInteger             
00003c0d  atoi                          
ffffffff  binit                         
20002f54  checkBreak                    
00000cd5  clear                         
00000bd9  controllerMode                
00003e07  copysign                      
00003e07  copysignl                     
20002c00  dataTable                     
20002f4e  devAddr                       
00000c1f  deviceMode                    
0000265d  displayUart0                  
20002f58  errno                         
00003aad  frexp                         
00003aad  frexpl                        
00000000  g_pfnVectors                  
000007c7  getData                       
000008c5  getDate                       
0000073d  getFieldInteger               
000005f5  getFieldString                
00000823  getTime                       
0000262f  getcUart0                     
000003dd  getsUart0                     
000038d9  initEeprom                    
0000026d  initHw                        
00002da9  initLEDPWM                    
000032c5  initTimer1                    
0000251d  initUart0                     
0000209d  initUart1                     
00000777  isCommand                     
00002643  kbhitUart0                    
000033dd  ldexp                         
000033dd  ldexpl                        
00000f5d  main                          
20002f4a  max                           
00003deb  memccpy                       
0000369b  memcpy                        
00003965  memset                        
00000485  parseFields                   
20002f0a  phase                         
00000d77  poll                          
20002800  pollFound                     
20002f52  pollIndex                     
20002f50  pollMode                      
000025e7  putcUart0                     
00002603  putsUart0                     
00003921  readEeprom                    
20002f55  readIndex                     
000033dd  scalbn                        
000033dd  scalbnl                       
0000215d  sendByteUart1                 
20002f0c  setAtTable                    
000007ab  setData                       
00000895  setDate                       
00002e75  setLEDPWM                     
000007ef  setTime                       
000025bb  setUart0BaudRate              
00002131  setUart1BaudRate              
00003ce5  sprintf                       
20002f51  startCode                     
00000d0b  startDMX_TX                   
00003e39  strchr                        
000006a1  stringCompare                 
00003e4f  strlen                        
00003327  timer1ISR                     
00000381  timer3ISR                     
000026f1  uart0ISR                      
000021b1  uart1ISR                      
00002eb9  uninitPWM                     
00003dc7  waitMicrosecond               
00003e63  wcslen                        
000038ef  writeEeprom                   
20002f56  writeIndex                    


GLOBAL SYMBOLS: SORTED BY Symbol Address 

address   name                          
-------   ----                          
00000000  __TI_static_base__            
00000000  g_pfnVectors                  
0000026d  initHw                        
00000321  HIB_INIT                      
00000381  timer3ISR                     
000003dd  getsUart0                     
00000485  parseFields                   
000005f5  getFieldString                
00000641  alphabetToInteger             
000006a1  stringCompare                 
0000073d  getFieldInteger               
00000777  isCommand                     
000007ab  setData                       
000007c7  getData                       
000007ef  setTime                       
00000823  getTime                       
00000895  setDate                       
000008c5  getDate                       
0000090d  addTask                       
00000bd9  controllerMode                
00000c1f  deviceMode                    
00000cd5  clear                         
00000d0b  startDMX_TX                   
00000d77  poll                          
00000dfd  alarmISR                      
00000f5d  main                          
0000164d  __TI_printfi                  
0000209b  __aeabi_idiv0                 
0000209b  __aeabi_ldiv0                 
0000209d  initUart1                     
00002131  setUart1BaudRate              
0000215d  sendByteUart1                 
000021b1  uart1ISR                      
0000251d  initUart0                     
000025bb  setUart0BaudRate              
000025e7  putcUart0                     
00002603  putsUart0                     
0000262f  getcUart0                     
00002643  kbhitUart0                    
0000265d  displayUart0                  
000026f1  uart0ISR                      
00002800  __STACK_SIZE                  
00002bf1  __aeabi_dsub                  
00002bfb  __aeabi_dadd                  
00002da9  initLEDPWM                    
00002e75  setLEDPWM                     
00002eb9  uninitPWM                     
00003069  __aeabi_ddiv                  
000032c5  initTimer1                    
00003327  timer1ISR                     
000033dd  ldexp                         
000033dd  ldexpl                        
000033dd  scalbn                        
000033dd  scalbnl                       
000034ed  __aeabi_dmul                  
0000369b  __aeabi_memcpy                
0000369b  __aeabi_memcpy4               
0000369b  __aeabi_memcpy8               
0000369b  memcpy                        
00003737  __aeabi_uldivmod              
000037cd  __aeabi_cdcmpeq               
000037cd  __aeabi_cdcmple               
00003853  __aeabi_cdrcmple              
000038d9  initEeprom                    
000038ef  writeEeprom                   
00003921  readEeprom                    
0000395d  __aeabi_memclr                
0000395d  __aeabi_memclr4               
0000395d  __aeabi_memclr8               
0000395f  __aeabi_memset                
0000395f  __aeabi_memset4               
0000395f  __aeabi_memset8               
00003965  memset                        
00003a45  __TI_decompress_lzss          
00003aad  frexp                         
00003aad  frexpl                        
00003b67  __TI_ltoa                     
00003c0d  atoi                          
00003c59  __aeabi_d2iz                  
00003ca1  __TI_auto_init_nobinit_nopinit
00003ce5  sprintf                       
00003d65  _c_int00_noargs               
00003d99  __aeabi_i2d                   
00003dc7  waitMicrosecond               
00003deb  memccpy                       
00003e07  copysign                      
00003e07  copysignl                     
00003e39  strchr                        
00003e4f  strlen                        
00003e63  wcslen                        
00003e75  __TI_decompress_none          
00003e83  __TI_zero_init                
00003e8f  ResetISR                      
00003ea5  __aeabi_errno_addr            
00003ead  _system_pre_init              
00003eb1  C$$EXIT                       
00003eb1  abort                         
00003eb4  _ctypes_                      
00003fc8  __TI_Handler_Table_Base       
00003fd4  __TI_Handler_Table_Limit      
00003fe0  __TI_CINIT_Base               
00003ff0  __TI_CINIT_Limit              
20000000  __stack                       
20000000  __start___llvm_prf_cnts       
20000000  __stop___llvm_prf_cnts        
20000200  __STACK_TOP                   
20002800  __STACK_END                   
20002800  pollFound                     
20002c00  dataTable                     
20002e04  TXBuffer                      
20002f04  MODE                          
20002f08  Rxphase                       
20002f0a  phase                         
20002f0c  setAtTable                    
20002f48  LED_OFF_TIMEOUT               
20002f49  LED_ON_TIMEOUT                
20002f4a  max                           
20002f4c  ON                            
20002f4e  devAddr                       
20002f50  pollMode                      
20002f51  startCode                     
20002f52  pollIndex                     
20002f54  checkBreak                    
20002f55  readIndex                     
20002f56  writeIndex                    
20002f58  errno                         
ffffffff  __TI_pprof_out_hndl           
ffffffff  __TI_prof_data_size           
ffffffff  __TI_prof_data_start          
ffffffff  __binit__                     
ffffffff  __c_args__                    
ffffffff  binit                         
UNDEFED   __mpu_init                    
UNDEFED   _system_post_cinit            

[134 symbols]
