******************************************************************************
                  TI ARM Linker PC v20.2.1                     
******************************************************************************
>> Linked Thu Nov 12 11:31:01 2020

OUTPUT FILE NAME:   <DMX512Project.out>
ENTRY POINT SYMBOL: "_c_int00_noargs"  address: 00002dc1


MEMORY CONFIGURATION

         name            origin    length      used     unused   attr    fill
----------------------  --------  ---------  --------  --------  ----  --------
  FLASH                 00000000   00040000  0000302d  0003cfd3  R  X
  SRAM                  20000000   00008000  0000131b  00006ce5  RW X


SEGMENT ALLOCATION MAP

run origin  load origin   length   init length attrs members
----------  ----------- ---------- ----------- ----- -------
00000000    00000000    00003030   00003030    r-x
  00000000    00000000    0000026c   0000026c    r-- .intvecs
  0000026c    0000026c    00002c90   00002c90    r-x .text
  00002efc    00002efc    00000101   00000101    r-- .const
  00003000    00003000    00000030   00000030    r-- .cinit
20000000    20000000    0000131c   00000000    rw-
  20000000    20000000    00001000   00000000    rw- .stack
  20001000    20001000    0000030f   00000000    rw- .bss
  20001310    20001310    0000000c   00000000    rw- .data


SECTION ALLOCATION MAP

 output                                  attributes/
section   page    origin      length       input sections
--------  ----  ----------  ----------   ----------------
.intvecs   0    00000000    0000026c     
                  00000000    0000026c     tm4c123gh6pm_startup_ccs.obj (.intvecs)

.text      0    0000026c    00002c90     
                  0000026c    00000a4e     rtsv7M4_T_le_v4SPD16_eabi.lib : _printfi.c.obj (.text:__TI_printfi)
                  00000cba    00000002                                   : div0.asm.obj (.text)
                  00000cbc    000008ac     dmxData.obj (.text)
                  00001568    00000294     uart0.obj (.text)
                  000017fc    00000270     rtsv7M4_T_le_v4SPD16_eabi.lib : _printfi.c.obj (.text:_pconv_a)
                  00001a6c    000001d0                                   : _printfi.c.obj (.text:_pconv_g)
                  00001c3c    000001b6                                   : fd_add_t2.asm.obj (.text)
                  00001df2    00000002     --HOLE-- [fill = 0]
                  00001df4    0000019c     uart1.obj (.text)
                  00001f90    0000013c     rtsv7M4_T_le_v4SPD16_eabi.lib : _printfi.c.obj (.text:_pconv_e)
                  000020cc    00000136                                   : fd_div_t2.asm.obj (.text)
                  00002202    00000002     --HOLE-- [fill = 0]
                  00002204    00000124                                   : _printfi.c.obj (.text:fcvt)
                  00002328    00000110                                   : s_scalbn.c.obj (.text:scalbn)
                  00002438    00000110     timer1.obj (.text)
                  00002548    000000fc     rtsv7M4_T_le_v4SPD16_eabi.lib : fd_mul_t2.asm.obj (.text)
                  00002644    000000b1                                   : _printfi.c.obj (.text:_ltostr)
                  000026f5    00000001     --HOLE-- [fill = 0]
                  000026f6    0000009c                                   : memcpy_t2.asm.obj (.text)
                  00002792    00000096                                   : ull_div_t2.asm.obj (.text)
                  00002828    00000086                                   : fd_cmp_t2.asm.obj (.text:__aeabi_cdcmple)
                  000028ae    00000086                                   : fd_cmp_t2.asm.obj (.text:__aeabi_cdrcmple)
                  00002934    00000084     eeprom.obj (.text)
                  000029b8    0000007a     rtsv7M4_T_le_v4SPD16_eabi.lib : memset_t2.asm.obj (.text)
                  00002a32    0000006e                                   : _printfi.c.obj (.text:_mcpy)
                  00002aa0    00000068                                   : copy_decompress_lzss.c.obj (.text:decompress:lzss:__TI_decompress_lzss)
                  00002b08    00000064                                   : s_frexp.c.obj (.text:frexp)
                  00002b6c    00000056                                   : _printfi.c.obj (.text:_pconv_f)
                  00002bc2    00000054                                   : _ltoa.c.obj (.text:__TI_ltoa)
                  00002c16    00000052                                   : _printfi.c.obj (.text:_ecpy)
                  00002c68    0000004c                                   : atoi.c.obj (.text:atoi)
                  00002cb4    00000048                                   : fd_toi_t2.asm.obj (.text)
                  00002cfc    00000044                                   : autoinit.c.obj (.text:__TI_auto_init_nobinit_nopinit:__TI_auto_init_nobinit_nopinit)
                  00002d40    00000040                                   : sprintf.c.obj (.text:sprintf)
                  00002d80    0000003e                                   : _printfi.c.obj (.text:_fcpy)
                  00002dbe    00000002     --HOLE-- [fill = 0]
                  00002dc0    00000034                                   : boot_cortex_m.c.obj (.text:_c_int00_noargs:_c_int00_noargs)
                  00002df4    0000002e                                   : i_tofd_t2.asm.obj (.text)
                  00002e22    0000001c                                   : copy_zero_init.c.obj (.text:decompress:ZI:__TI_zero_init_nomemset:__TI_zero_init_nomemset)
                  00002e3e    0000001c                                   : memccpy.c.obj (.text:memccpy)
                  00002e5a    0000001a                                   : s_copysign.c.obj (.text:copysign)
                  00002e74    00000018                                   : sprintf.c.obj (.text:_outs)
                  00002e8c    00000016                                   : strchr.c.obj (.text:strchr)
                  00002ea2    00000014                                   : strlen.c.obj (.text:strlen)
                  00002eb6    00000012                                   : wcslen.c.obj (.text:wcslen)
                  00002ec8    0000000e                                   : copy_decompress_none.c.obj (.text:decompress:none:__TI_decompress_none)
                  00002ed6    0000000c     tm4c123gh6pm_startup_ccs.obj (.text)
                  00002ee2    0000000a     rtsv7M4_T_le_v4SPD16_eabi.lib : sprintf.c.obj (.text:_outc)
                  00002eec    00000008                                   : errno.c.obj (.text:__aeabi_errno_addr)
                  00002ef4    00000004                                   : pre_init.c.obj (.text:_system_pre_init)
                  00002ef8    00000004                                   : exit.c.obj (.text:abort:abort)

.const     0    00002efc    00000101     
                  00002efc    00000101     rtsv7M4_T_le_v4SPD16_eabi.lib : ctype.c.obj (.const:.string:_ctypes_)

.cinit     0    00003000    00000030     
                  00003000    0000000c     (.cinit..data.load) [load image, compression = lzss]
                  0000300c    0000000c     (__TI_handler_table)
                  00003018    00000008     (.cinit..bss.load) [load image, compression = zero_init]
                  00003020    00000010     (__TI_cinit_table)

.init_array 
*          0    00000000    00000000     UNINITIALIZED

.bss       0    20001000    0000030f     UNINITIALIZED
                  20001000    00000204     (.common:dataTable)
                  20001204    00000100     (.common:TXBuffer)
                  20001304    00000004     (.common:MODE)
                  20001308    00000002     (.common:phase)
                  2000130a    00000001     (.common:day)
                  2000130b    00000001     (.common:hr)
                  2000130c    00000001     (.common:min)
                  2000130d    00000001     (.common:mth)
                  2000130e    00000001     (.common:sec)

.data      0    20001310    0000000c     UNINITIALIZED
                  20001310    00000006     dmxData.obj (.data)
                  20001316    00000002     uart0.obj (.data)
                  20001318    00000004     rtsv7M4_T_le_v4SPD16_eabi.lib : errno.c.obj (.data)

.stack     0    20000000    00001000     UNINITIALIZED
                  20000000    00000004     rtsv7M4_T_le_v4SPD16_eabi.lib : boot_cortex_m.c.obj (.stack)
                  20000004    00000ffc     --HOLE--

__llvm_prf_cnts 
*          0    20000000    00000000     UNINITIALIZED

MODULE SUMMARY

       Module                         code    ro data   rw data
       ------                         ----    -------   -------
    .\
       dmxData.obj                    2220    0         533    
       uart0.obj                      660     0         258    
       tm4c123gh6pm_startup_ccs.obj   12      620       0      
       uart1.obj                      412     0         0      
       timer1.obj                     272     0         0      
       eeprom.obj                     132     0         0      
    +--+------------------------------+-------+---------+---------+
       Total:                         3708    620       791    
                                                               
    C:\ti\ccs1011\ccs\tools\compiler\ti-cgt-arm_20.2.1.LTS\lib\rtsv7M4_T_le_v4SPD16_eabi.lib
       _printfi.c.obj                 4851    0         0      
       fd_add_t2.asm.obj              438     0         0      
       fd_div_t2.asm.obj              310     0         0      
       s_scalbn.c.obj                 272     0         0      
       fd_cmp_t2.asm.obj              268     0         0      
       ctype.c.obj                    0       257       0      
       fd_mul_t2.asm.obj              252     0         0      
       memcpy_t2.asm.obj              156     0         0      
       ull_div_t2.asm.obj             150     0         0      
       memset_t2.asm.obj              122     0         0      
       copy_decompress_lzss.c.obj     104     0         0      
       s_frexp.c.obj                  100     0         0      
       sprintf.c.obj                  98      0         0      
       _ltoa.c.obj                    84      0         0      
       atoi.c.obj                     76      0         0      
       fd_toi_t2.asm.obj              72      0         0      
       autoinit.c.obj                 68      0         0      
       boot_cortex_m.c.obj            52      0         0      
       i_tofd_t2.asm.obj              46      0         0      
       copy_zero_init.c.obj           28      0         0      
       memccpy.c.obj                  28      0         0      
       s_copysign.c.obj               26      0         0      
       strchr.c.obj                   22      0         0      
       strlen.c.obj                   20      0         0      
       wcslen.c.obj                   18      0         0      
       copy_decompress_none.c.obj     14      0         0      
       errno.c.obj                    8       0         4      
       exit.c.obj                     4       0         0      
       pre_init.c.obj                 4       0         0      
       div0.asm.obj                   2       0         0      
    +--+------------------------------+-------+---------+---------+
       Total:                         7693    257       4      
                                                               
       Stack:                         0       0         4096   
       Linker Generated:              0       48        0      
    +--+------------------------------+-------+---------+---------+
       Grand Total:                   11401   925       4891   


LINKER GENERATED COPY TABLES

__TI_cinit_table @ 00003020 records: 2, size/record: 8, table size: 16
	.data: load addr=00003000, load size=0000000c bytes, run addr=20001310, run size=0000000c bytes, compression=lzss
	.bss: load addr=00003018, load size=00000008 bytes, run addr=20001000, run size=0000030f bytes, compression=zero_init


LINKER GENERATED HANDLER TABLE

__TI_handler_table @ 0000300c records: 3, size/record: 4, table size: 12
	index: 0, handler: __TI_decompress_lzss
	index: 1, handler: __TI_decompress_none
	index: 2, handler: __TI_zero_init


GLOBAL SYMBOLS: SORTED ALPHABETICALLY BY Name 

address   name                          
-------   ----                          
00002ef9  C$$EXIT                       
20001304  MODE                          
20001312  ON                            
00002ed7  ResetISR                      
20001204  TXBuffer                      
20001000  __STACK_END                   
00001000  __STACK_SIZE                  
20000200  __STACK_TOP                   
00003020  __TI_CINIT_Base               
00003030  __TI_CINIT_Limit              
0000300c  __TI_Handler_Table_Base       
00003018  __TI_Handler_Table_Limit      
00002cfd  __TI_auto_init_nobinit_nopinit
00002aa1  __TI_decompress_lzss          
00002ec9  __TI_decompress_none          
00002bc3  __TI_ltoa                     
ffffffff  __TI_pprof_out_hndl           
0000026d  __TI_printfi                  
ffffffff  __TI_prof_data_size           
ffffffff  __TI_prof_data_start          
00000000  __TI_static_base__            
00002e23  __TI_zero_init_nomemset       
00002829  __aeabi_cdcmpeq               
00002829  __aeabi_cdcmple               
000028af  __aeabi_cdrcmple              
00002cb5  __aeabi_d2iz                  
00001c47  __aeabi_dadd                  
000020cd  __aeabi_ddiv                  
00002549  __aeabi_dmul                  
00001c3d  __aeabi_dsub                  
00002eed  __aeabi_errno_addr            
00002df5  __aeabi_i2d                   
00000cbb  __aeabi_idiv0                 
00000cbb  __aeabi_ldiv0                 
000029b9  __aeabi_memclr                
000029b9  __aeabi_memclr4               
000029b9  __aeabi_memclr8               
000026f7  __aeabi_memcpy                
000026f7  __aeabi_memcpy4               
000026f7  __aeabi_memcpy8               
000029bb  __aeabi_memset                
000029bb  __aeabi_memset4               
000029bb  __aeabi_memset8               
00002793  __aeabi_uldivmod              
ffffffff  __binit__                     
ffffffff  __c_args__                    
UNDEFED   __mpu_init                    
20000000  __stack                       
20000000  __start___llvm_prf_cnts       
20000000  __stop___llvm_prf_cnts        
00002dc1  _c_int00_noargs               
00002efc  _ctypes_                      
UNDEFED   _system_post_cinit            
00002ef5  _system_pre_init              
00002ef9  abort                         
000010d9  addTask                       
00000efd  alphabetToInteger             
00002c69  atoi                          
ffffffff  binit                         
00001143  clear                         
000010f1  controllerMode                
00002e5b  copysign                      
00002e5b  copysignl                     
20001000  dataTable                     
2000130a  day                           
20001314  devAddr                       
00001111  deviceMode                    
000016a9  displayUart0                  
20001318  errno                         
00002b09  frexp                         
00002b09  frexpl                        
00000000  g_pfnVectors                  
0000108f  getData                       
000010cd  getDate                       
00001005  getFieldInteger               
00000ecd  getFieldString                
000010af  getTime                       
0000167b  getcUart0                     
00000d13  getsUart0                     
2000130b  hr                            
00002935  initEeprom                    
00000cbd  initHw                        
00002439  initTimer1                    
00001569  initUart0                     
00001df5  initUart1                     
0000103f  isCommand                     
0000168f  kbhitUart0                    
00002329  ldexp                         
00002329  ldexpl                        
000011a1  main                          
20001310  max                           
00002e3f  memccpy                       
000026f7  memcpy                        
000029c1  memset                        
2000130c  min                           
2000130d  mth                           
00000d91  parseFields                   
20001308  phase                         
00001633  putcUart0                     
0000164f  putsUart0                     
0000297d  readEeprom                    
20001316  readIndex                     
00002329  scalbn                        
00002329  scalbnl                       
2000130e  sec                           
00001eb5  sendByteUart1                 
00001073  setData                       
000010bd  setDate                       
0000109b  setTime                       
00001607  setUart0BaudRate              
00001e89  setUart1BaudRate              
00002d41  sprintf                       
00001179  startDMX_TX                   
00002e8d  strchr                        
00000f69  stringCompare                 
00002ea3  strlen                        
0000249b  timer1ISR                     
0000173d  uart0ISR                      
00001ed1  uart1ISR                      
00002eb7  wcslen                        
0000294b  writeEeprom                   
20001317  writeIndex                    


GLOBAL SYMBOLS: SORTED BY Symbol Address 

address   name                          
-------   ----                          
00000000  __TI_static_base__            
00000000  g_pfnVectors                  
0000026d  __TI_printfi                  
00000cbb  __aeabi_idiv0                 
00000cbb  __aeabi_ldiv0                 
00000cbd  initHw                        
00000d13  getsUart0                     
00000d91  parseFields                   
00000ecd  getFieldString                
00000efd  alphabetToInteger             
00000f69  stringCompare                 
00001000  __STACK_SIZE                  
00001005  getFieldInteger               
0000103f  isCommand                     
00001073  setData                       
0000108f  getData                       
0000109b  setTime                       
000010af  getTime                       
000010bd  setDate                       
000010cd  getDate                       
000010d9  addTask                       
000010f1  controllerMode                
00001111  deviceMode                    
00001143  clear                         
00001179  startDMX_TX                   
000011a1  main                          
00001569  initUart0                     
00001607  setUart0BaudRate              
00001633  putcUart0                     
0000164f  putsUart0                     
0000167b  getcUart0                     
0000168f  kbhitUart0                    
000016a9  displayUart0                  
0000173d  uart0ISR                      
00001c3d  __aeabi_dsub                  
00001c47  __aeabi_dadd                  
00001df5  initUart1                     
00001e89  setUart1BaudRate              
00001eb5  sendByteUart1                 
00001ed1  uart1ISR                      
000020cd  __aeabi_ddiv                  
00002329  ldexp                         
00002329  ldexpl                        
00002329  scalbn                        
00002329  scalbnl                       
00002439  initTimer1                    
0000249b  timer1ISR                     
00002549  __aeabi_dmul                  
000026f7  __aeabi_memcpy                
000026f7  __aeabi_memcpy4               
000026f7  __aeabi_memcpy8               
000026f7  memcpy                        
00002793  __aeabi_uldivmod              
00002829  __aeabi_cdcmpeq               
00002829  __aeabi_cdcmple               
000028af  __aeabi_cdrcmple              
00002935  initEeprom                    
0000294b  writeEeprom                   
0000297d  readEeprom                    
000029b9  __aeabi_memclr                
000029b9  __aeabi_memclr4               
000029b9  __aeabi_memclr8               
000029bb  __aeabi_memset                
000029bb  __aeabi_memset4               
000029bb  __aeabi_memset8               
000029c1  memset                        
00002aa1  __TI_decompress_lzss          
00002b09  frexp                         
00002b09  frexpl                        
00002bc3  __TI_ltoa                     
00002c69  atoi                          
00002cb5  __aeabi_d2iz                  
00002cfd  __TI_auto_init_nobinit_nopinit
00002d41  sprintf                       
00002dc1  _c_int00_noargs               
00002df5  __aeabi_i2d                   
00002e23  __TI_zero_init_nomemset       
00002e3f  memccpy                       
00002e5b  copysign                      
00002e5b  copysignl                     
00002e8d  strchr                        
00002ea3  strlen                        
00002eb7  wcslen                        
00002ec9  __TI_decompress_none          
00002ed7  ResetISR                      
00002eed  __aeabi_errno_addr            
00002ef5  _system_pre_init              
00002ef9  C$$EXIT                       
00002ef9  abort                         
00002efc  _ctypes_                      
0000300c  __TI_Handler_Table_Base       
00003018  __TI_Handler_Table_Limit      
00003020  __TI_CINIT_Base               
00003030  __TI_CINIT_Limit              
20000000  __stack                       
20000000  __start___llvm_prf_cnts       
20000000  __stop___llvm_prf_cnts        
20000200  __STACK_TOP                   
20001000  __STACK_END                   
20001000  dataTable                     
20001204  TXBuffer                      
20001304  MODE                          
20001308  phase                         
2000130a  day                           
2000130b  hr                            
2000130c  min                           
2000130d  mth                           
2000130e  sec                           
20001310  max                           
20001312  ON                            
20001314  devAddr                       
20001316  readIndex                     
20001317  writeIndex                    
20001318  errno                         
ffffffff  __TI_pprof_out_hndl           
ffffffff  __TI_prof_data_size           
ffffffff  __TI_prof_data_start          
ffffffff  __binit__                     
ffffffff  __c_args__                    
ffffffff  binit                         
UNDEFED   __mpu_init                    
UNDEFED   _system_post_cinit            

[122 symbols]
