<?xml version="1.0" encoding="ISO-8859-1" ?>
<link_info>
   <banner>TI ARM Linker PC v20.2.1.LTS</banner>
   <copyright>Copyright (c) 1996-2018 Texas Instruments Incorporated</copyright>
   <link_time>0x5fca9450</link_time>
   <link_errors>0x0</link_errors>
   <output_file>DMX512Project.out</output_file>
   <entry_point>
      <name>_c_int00_noargs</name>
      <address>0x3121</address>
   </entry_point>
   <input_file_list>
      <input_file id="fl-2">
         <path>.\</path>
         <kind>object</kind>
         <file>PWM.obj</file>
         <name>PWM.obj</name>
      </input_file>
      <input_file id="fl-3">
         <path>.\</path>
         <kind>object</kind>
         <file>dmxData.obj</file>
         <name>dmxData.obj</name>
      </input_file>
      <input_file id="fl-4">
         <path>.\</path>
         <kind>object</kind>
         <file>eeprom.obj</file>
         <name>eeprom.obj</name>
      </input_file>
      <input_file id="fl-5">
         <path>.\</path>
         <kind>object</kind>
         <file>timer1.obj</file>
         <name>timer1.obj</name>
      </input_file>
      <input_file id="fl-6">
         <path>.\</path>
         <kind>object</kind>
         <file>tm4c123gh6pm_startup_ccs.obj</file>
         <name>tm4c123gh6pm_startup_ccs.obj</name>
      </input_file>
      <input_file id="fl-7">
         <path>.\</path>
         <kind>object</kind>
         <file>uart0.obj</file>
         <name>uart0.obj</name>
      </input_file>
      <input_file id="fl-8">
         <path>.\</path>
         <kind>object</kind>
         <file>uart1.obj</file>
         <name>uart1.obj</name>
      </input_file>
      <input_file id="fl-9">
         <path>.\</path>
         <kind>object</kind>
         <file>wait.obj</file>
         <name>wait.obj</name>
      </input_file>
      <input_file id="fl-d">
         <kind>object</kind>
         <file>&lt;internal&gt;</file>
         <name>&lt;internal&gt;</name>
      </input_file>
      <input_file id="fl-c3">
         <path>C:\ti\ccs1011\ccs\tools\compiler\ti-cgt-arm_20.2.1.LTS\lib\</path>
         <kind>archive</kind>
         <file>rtsv7M4_T_le_v4SPD16_eabi.lib</file>
         <name>sprintf.c.obj</name>
      </input_file>
      <input_file id="fl-c4">
         <path>C:\ti\ccs1011\ccs\tools\compiler\ti-cgt-arm_20.2.1.LTS\lib\</path>
         <kind>archive</kind>
         <file>rtsv7M4_T_le_v4SPD16_eabi.lib</file>
         <name>memcpy_t2.asm.obj</name>
      </input_file>
      <input_file id="fl-c5">
         <path>C:\ti\ccs1011\ccs\tools\compiler\ti-cgt-arm_20.2.1.LTS\lib\</path>
         <kind>archive</kind>
         <file>rtsv7M4_T_le_v4SPD16_eabi.lib</file>
         <name>copy_zero_init.c.obj</name>
      </input_file>
      <input_file id="fl-c6">
         <path>C:\ti\ccs1011\ccs\tools\compiler\ti-cgt-arm_20.2.1.LTS\lib\</path>
         <kind>archive</kind>
         <file>rtsv7M4_T_le_v4SPD16_eabi.lib</file>
         <name>copy_decompress_none.c.obj</name>
      </input_file>
      <input_file id="fl-c7">
         <path>C:\ti\ccs1011\ccs\tools\compiler\ti-cgt-arm_20.2.1.LTS\lib\</path>
         <kind>archive</kind>
         <file>rtsv7M4_T_le_v4SPD16_eabi.lib</file>
         <name>copy_decompress_lzss.c.obj</name>
      </input_file>
      <input_file id="fl-c8">
         <path>C:\ti\ccs1011\ccs\tools\compiler\ti-cgt-arm_20.2.1.LTS\lib\</path>
         <kind>archive</kind>
         <file>rtsv7M4_T_le_v4SPD16_eabi.lib</file>
         <name>boot_cortex_m.c.obj</name>
      </input_file>
      <input_file id="fl-c9">
         <path>C:\ti\ccs1011\ccs\tools\compiler\ti-cgt-arm_20.2.1.LTS\lib\</path>
         <kind>archive</kind>
         <file>rtsv7M4_T_le_v4SPD16_eabi.lib</file>
         <name>_printfi.c.obj</name>
      </input_file>
      <input_file id="fl-ca">
         <path>C:\ti\ccs1011\ccs\tools\compiler\ti-cgt-arm_20.2.1.LTS\lib\</path>
         <kind>archive</kind>
         <file>rtsv7M4_T_le_v4SPD16_eabi.lib</file>
         <name>memset_t2.asm.obj</name>
      </input_file>
      <input_file id="fl-cb">
         <path>C:\ti\ccs1011\ccs\tools\compiler\ti-cgt-arm_20.2.1.LTS\lib\</path>
         <kind>archive</kind>
         <file>rtsv7M4_T_le_v4SPD16_eabi.lib</file>
         <name>fd_add_t2.asm.obj</name>
      </input_file>
      <input_file id="fl-cc">
         <path>C:\ti\ccs1011\ccs\tools\compiler\ti-cgt-arm_20.2.1.LTS\lib\</path>
         <kind>archive</kind>
         <file>rtsv7M4_T_le_v4SPD16_eabi.lib</file>
         <name>fd_cmp_t2.asm.obj</name>
      </input_file>
      <input_file id="fl-cd">
         <path>C:\ti\ccs1011\ccs\tools\compiler\ti-cgt-arm_20.2.1.LTS\lib\</path>
         <kind>archive</kind>
         <file>rtsv7M4_T_le_v4SPD16_eabi.lib</file>
         <name>fd_div_t2.asm.obj</name>
      </input_file>
      <input_file id="fl-ce">
         <path>C:\ti\ccs1011\ccs\tools\compiler\ti-cgt-arm_20.2.1.LTS\lib\</path>
         <kind>archive</kind>
         <file>rtsv7M4_T_le_v4SPD16_eabi.lib</file>
         <name>fd_mul_t2.asm.obj</name>
      </input_file>
      <input_file id="fl-cf">
         <path>C:\ti\ccs1011\ccs\tools\compiler\ti-cgt-arm_20.2.1.LTS\lib\</path>
         <kind>archive</kind>
         <file>rtsv7M4_T_le_v4SPD16_eabi.lib</file>
         <name>fd_toi_t2.asm.obj</name>
      </input_file>
      <input_file id="fl-d0">
         <path>C:\ti\ccs1011\ccs\tools\compiler\ti-cgt-arm_20.2.1.LTS\lib\</path>
         <kind>archive</kind>
         <file>rtsv7M4_T_le_v4SPD16_eabi.lib</file>
         <name>i_tofd_t2.asm.obj</name>
      </input_file>
      <input_file id="fl-d1">
         <path>C:\ti\ccs1011\ccs\tools\compiler\ti-cgt-arm_20.2.1.LTS\lib\</path>
         <kind>archive</kind>
         <file>rtsv7M4_T_le_v4SPD16_eabi.lib</file>
         <name>ull_div_t2.asm.obj</name>
      </input_file>
      <input_file id="fl-d2">
         <path>C:\ti\ccs1011\ccs\tools\compiler\ti-cgt-arm_20.2.1.LTS\lib\</path>
         <kind>archive</kind>
         <file>rtsv7M4_T_le_v4SPD16_eabi.lib</file>
         <name>autoinit.c.obj</name>
      </input_file>
      <input_file id="fl-d3">
         <path>C:\ti\ccs1011\ccs\tools\compiler\ti-cgt-arm_20.2.1.LTS\lib\</path>
         <kind>archive</kind>
         <file>rtsv7M4_T_le_v4SPD16_eabi.lib</file>
         <name>pre_init.c.obj</name>
      </input_file>
      <input_file id="fl-d4">
         <path>C:\ti\ccs1011\ccs\tools\compiler\ti-cgt-arm_20.2.1.LTS\lib\</path>
         <kind>archive</kind>
         <file>rtsv7M4_T_le_v4SPD16_eabi.lib</file>
         <name>cpy_tbl.c.obj</name>
      </input_file>
      <input_file id="fl-d5">
         <path>C:\ti\ccs1011\ccs\tools\compiler\ti-cgt-arm_20.2.1.LTS\lib\</path>
         <kind>archive</kind>
         <file>rtsv7M4_T_le_v4SPD16_eabi.lib</file>
         <name>exit.c.obj</name>
      </input_file>
      <input_file id="fl-d6">
         <path>C:\ti\ccs1011\ccs\tools\compiler\ti-cgt-arm_20.2.1.LTS\lib\</path>
         <kind>archive</kind>
         <file>rtsv7M4_T_le_v4SPD16_eabi.lib</file>
         <name>_lock.c.obj</name>
      </input_file>
      <input_file id="fl-d7">
         <path>C:\ti\ccs1011\ccs\tools\compiler\ti-cgt-arm_20.2.1.LTS\lib\</path>
         <kind>archive</kind>
         <file>rtsv7M4_T_le_v4SPD16_eabi.lib</file>
         <name>_ltoa.c.obj</name>
      </input_file>
      <input_file id="fl-d8">
         <path>C:\ti\ccs1011\ccs\tools\compiler\ti-cgt-arm_20.2.1.LTS\lib\</path>
         <kind>archive</kind>
         <file>rtsv7M4_T_le_v4SPD16_eabi.lib</file>
         <name>args_main.c.obj</name>
      </input_file>
      <input_file id="fl-d9">
         <path>C:\ti\ccs1011\ccs\tools\compiler\ti-cgt-arm_20.2.1.LTS\lib\</path>
         <kind>archive</kind>
         <file>rtsv7M4_T_le_v4SPD16_eabi.lib</file>
         <name>atoi.c.obj</name>
      </input_file>
      <input_file id="fl-da">
         <path>C:\ti\ccs1011\ccs\tools\compiler\ti-cgt-arm_20.2.1.LTS\lib\</path>
         <kind>archive</kind>
         <file>rtsv7M4_T_le_v4SPD16_eabi.lib</file>
         <name>ctype.c.obj</name>
      </input_file>
      <input_file id="fl-db">
         <path>C:\ti\ccs1011\ccs\tools\compiler\ti-cgt-arm_20.2.1.LTS\lib\</path>
         <kind>archive</kind>
         <file>rtsv7M4_T_le_v4SPD16_eabi.lib</file>
         <name>memccpy.c.obj</name>
      </input_file>
      <input_file id="fl-dc">
         <path>C:\ti\ccs1011\ccs\tools\compiler\ti-cgt-arm_20.2.1.LTS\lib\</path>
         <kind>archive</kind>
         <file>rtsv7M4_T_le_v4SPD16_eabi.lib</file>
         <name>strchr.c.obj</name>
      </input_file>
      <input_file id="fl-dd">
         <path>C:\ti\ccs1011\ccs\tools\compiler\ti-cgt-arm_20.2.1.LTS\lib\</path>
         <kind>archive</kind>
         <file>rtsv7M4_T_le_v4SPD16_eabi.lib</file>
         <name>strlen.c.obj</name>
      </input_file>
      <input_file id="fl-de">
         <path>C:\ti\ccs1011\ccs\tools\compiler\ti-cgt-arm_20.2.1.LTS\lib\</path>
         <kind>archive</kind>
         <file>rtsv7M4_T_le_v4SPD16_eabi.lib</file>
         <name>errno.c.obj</name>
      </input_file>
      <input_file id="fl-df">
         <path>C:\ti\ccs1011\ccs\tools\compiler\ti-cgt-arm_20.2.1.LTS\lib\</path>
         <kind>archive</kind>
         <file>rtsv7M4_T_le_v4SPD16_eabi.lib</file>
         <name>s_frexp.c.obj</name>
      </input_file>
      <input_file id="fl-e0">
         <path>C:\ti\ccs1011\ccs\tools\compiler\ti-cgt-arm_20.2.1.LTS\lib\</path>
         <kind>archive</kind>
         <file>rtsv7M4_T_le_v4SPD16_eabi.lib</file>
         <name>s_scalbn.c.obj</name>
      </input_file>
      <input_file id="fl-e1">
         <path>C:\ti\ccs1011\ccs\tools\compiler\ti-cgt-arm_20.2.1.LTS\lib\</path>
         <kind>archive</kind>
         <file>rtsv7M4_T_le_v4SPD16_eabi.lib</file>
         <name>wcslen.c.obj</name>
      </input_file>
      <input_file id="fl-e2">
         <path>C:\ti\ccs1011\ccs\tools\compiler\ti-cgt-arm_20.2.1.LTS\lib\</path>
         <kind>archive</kind>
         <file>rtsv7M4_T_le_v4SPD16_eabi.lib</file>
         <name>div0.asm.obj</name>
      </input_file>
      <input_file id="fl-e3">
         <path>C:\ti\ccs1011\ccs\tools\compiler\ti-cgt-arm_20.2.1.LTS\lib\</path>
         <kind>archive</kind>
         <file>rtsv7M4_T_le_v4SPD16_eabi.lib</file>
         <name>s_copysign.c.obj</name>
      </input_file>
   </input_file_list>
   <object_component_list>
      <object_component id="oc-12">
         <name>.intvecs</name>
         <load_address>0x0</load_address>
         <run_address>0x0</run_address>
         <size>0x26c</size>
         <input_file_ref idref="fl-6"/>
      </object_component>
      <object_component id="oc-14f">
         <name>.text:__TI_printfi</name>
         <load_address>0x26c</load_address>
         <run_address>0x26c</run_address>
         <size>0xa4e</size>
         <input_file_ref idref="fl-c9"/>
      </object_component>
      <object_component id="oc-292">
         <name>.text</name>
         <load_address>0xcba</load_address>
         <run_address>0xcba</run_address>
         <size>0x2</size>
         <input_file_ref idref="fl-e2"/>
      </object_component>
      <object_component id="oc-91">
         <name>.text</name>
         <load_address>0xcbc</load_address>
         <run_address>0xcbc</run_address>
         <size>0xa2c</size>
         <input_file_ref idref="fl-3"/>
      </object_component>
      <object_component id="oc-2d">
         <name>.text</name>
         <load_address>0x16e8</load_address>
         <run_address>0x16e8</run_address>
         <size>0x294</size>
         <input_file_ref idref="fl-7"/>
      </object_component>
      <object_component id="oc-1b4">
         <name>.text:_pconv_a</name>
         <load_address>0x197c</load_address>
         <run_address>0x197c</run_address>
         <size>0x270</size>
         <input_file_ref idref="fl-c9"/>
      </object_component>
      <object_component id="oc-33">
         <name>.text</name>
         <load_address>0x1bec</load_address>
         <run_address>0x1bec</run_address>
         <size>0x210</size>
         <input_file_ref idref="fl-8"/>
      </object_component>
      <object_component id="oc-1a2">
         <name>.text:_pconv_g</name>
         <load_address>0x1dfc</load_address>
         <run_address>0x1dfc</run_address>
         <size>0x1d0</size>
         <input_file_ref idref="fl-c9"/>
      </object_component>
      <object_component id="oc-22a">
         <name>.text</name>
         <load_address>0x1fcc</load_address>
         <run_address>0x1fcc</run_address>
         <size>0x1b6</size>
         <input_file_ref idref="fl-cb"/>
      </object_component>
      <object_component id="oc-97">
         <name>.text</name>
         <load_address>0x2184</load_address>
         <run_address>0x2184</run_address>
         <size>0x16c</size>
         <input_file_ref idref="fl-2"/>
      </object_component>
      <object_component id="oc-1ae">
         <name>.text:_pconv_e</name>
         <load_address>0x22f0</load_address>
         <run_address>0x22f0</run_address>
         <size>0x13c</size>
         <input_file_ref idref="fl-c9"/>
      </object_component>
      <object_component id="oc-210">
         <name>.text</name>
         <load_address>0x242c</load_address>
         <run_address>0x242c</run_address>
         <size>0x136</size>
         <input_file_ref idref="fl-cd"/>
      </object_component>
      <object_component id="oc-23c">
         <name>.text:fcvt</name>
         <load_address>0x2564</load_address>
         <run_address>0x2564</run_address>
         <size>0x124</size>
         <input_file_ref idref="fl-c9"/>
      </object_component>
      <object_component id="oc-250">
         <name>.text:scalbn</name>
         <load_address>0x2688</load_address>
         <run_address>0x2688</run_address>
         <size>0x110</size>
         <input_file_ref idref="fl-e0"/>
      </object_component>
      <object_component id="oc-39">
         <name>.text</name>
         <load_address>0x2798</load_address>
         <run_address>0x2798</run_address>
         <size>0x110</size>
         <input_file_ref idref="fl-5"/>
      </object_component>
      <object_component id="oc-20b">
         <name>.text</name>
         <load_address>0x28a8</load_address>
         <run_address>0x28a8</run_address>
         <size>0xfc</size>
         <input_file_ref idref="fl-ce"/>
      </object_component>
      <object_component id="oc-197">
         <name>.text:_ltostr</name>
         <load_address>0x29a4</load_address>
         <run_address>0x29a4</run_address>
         <size>0xb1</size>
         <input_file_ref idref="fl-c9"/>
      </object_component>
      <object_component id="oc-4d">
         <name>.text</name>
         <load_address>0x2a56</load_address>
         <run_address>0x2a56</run_address>
         <size>0x9c</size>
         <input_file_ref idref="fl-c4"/>
      </object_component>
      <object_component id="oc-204">
         <name>.text</name>
         <load_address>0x2af2</load_address>
         <run_address>0x2af2</run_address>
         <size>0x96</size>
         <input_file_ref idref="fl-d1"/>
      </object_component>
      <object_component id="oc-19d">
         <name>.text:__aeabi_cdcmple</name>
         <load_address>0x2b88</load_address>
         <run_address>0x2b88</run_address>
         <size>0x86</size>
         <input_file_ref idref="fl-cc"/>
      </object_component>
      <object_component id="oc-215">
         <name>.text:__aeabi_cdrcmple</name>
         <load_address>0x2c0e</load_address>
         <run_address>0x2c0e</run_address>
         <size>0x86</size>
         <input_file_ref idref="fl-cc"/>
      </object_component>
      <object_component id="oc-e9">
         <name>.text</name>
         <load_address>0x2c94</load_address>
         <run_address>0x2c94</run_address>
         <size>0x84</size>
         <input_file_ref idref="fl-4"/>
      </object_component>
      <object_component id="oc-c2">
         <name>.text</name>
         <load_address>0x2d18</load_address>
         <run_address>0x2d18</run_address>
         <size>0x7a</size>
         <input_file_ref idref="fl-ca"/>
      </object_component>
      <object_component id="oc-235">
         <name>.text:_mcpy</name>
         <load_address>0x2d92</load_address>
         <run_address>0x2d92</run_address>
         <size>0x6e</size>
         <input_file_ref idref="fl-c9"/>
      </object_component>
      <object_component id="oc-15">
         <name>.text:decompress:lzss:__TI_decompress_lzss</name>
         <load_address>0x2e00</load_address>
         <run_address>0x2e00</run_address>
         <size>0x68</size>
         <input_file_ref idref="fl-c7"/>
      </object_component>
      <object_component id="oc-24a">
         <name>.text:frexp</name>
         <load_address>0x2e68</load_address>
         <run_address>0x2e68</run_address>
         <size>0x64</size>
         <input_file_ref idref="fl-df"/>
      </object_component>
      <object_component id="oc-1a8">
         <name>.text:_pconv_f</name>
         <load_address>0x2ecc</load_address>
         <run_address>0x2ecc</run_address>
         <size>0x56</size>
         <input_file_ref idref="fl-c9"/>
      </object_component>
      <object_component id="oc-21f">
         <name>.text:__TI_ltoa</name>
         <load_address>0x2f22</load_address>
         <run_address>0x2f22</run_address>
         <size>0x54</size>
         <input_file_ref idref="fl-d7"/>
      </object_component>
      <object_component id="oc-22f">
         <name>.text:_ecpy</name>
         <load_address>0x2f76</load_address>
         <run_address>0x2f76</run_address>
         <size>0x52</size>
         <input_file_ref idref="fl-c9"/>
      </object_component>
      <object_component id="oc-191">
         <name>.text:atoi</name>
         <load_address>0x2fc8</load_address>
         <run_address>0x2fc8</run_address>
         <size>0x4c</size>
         <input_file_ref idref="fl-d9"/>
      </object_component>
      <object_component id="oc-21a">
         <name>.text</name>
         <load_address>0x3014</load_address>
         <run_address>0x3014</run_address>
         <size>0x48</size>
         <input_file_ref idref="fl-cf"/>
      </object_component>
      <object_component id="oc-11d">
         <name>.text:__TI_auto_init_nobinit_nopinit:__TI_auto_init_nobinit_nopinit</name>
         <load_address>0x305c</load_address>
         <run_address>0x305c</run_address>
         <size>0x44</size>
         <input_file_ref idref="fl-d2"/>
      </object_component>
      <object_component id="oc-e3">
         <name>.text:sprintf</name>
         <load_address>0x30a0</load_address>
         <run_address>0x30a0</run_address>
         <size>0x40</size>
         <input_file_ref idref="fl-c3"/>
      </object_component>
      <object_component id="oc-242">
         <name>.text:_fcpy</name>
         <load_address>0x30e0</load_address>
         <run_address>0x30e0</run_address>
         <size>0x3e</size>
         <input_file_ref idref="fl-c9"/>
      </object_component>
      <object_component id="oc-6b">
         <name>.text:_c_int00_noargs:_c_int00_noargs</name>
         <load_address>0x3120</load_address>
         <run_address>0x3120</run_address>
         <size>0x34</size>
         <input_file_ref idref="fl-c8"/>
      </object_component>
      <object_component id="oc-225">
         <name>.text</name>
         <load_address>0x3154</load_address>
         <run_address>0x3154</run_address>
         <size>0x2e</size>
         <input_file_ref idref="fl-d0"/>
      </object_component>
      <object_component id="oc-59">
         <name>.text:decompress:ZI:__TI_zero_init_nomemset:__TI_zero_init_nomemset</name>
         <load_address>0x3182</load_address>
         <run_address>0x3182</run_address>
         <size>0x1c</size>
         <input_file_ref idref="fl-c5"/>
      </object_component>
      <object_component id="oc-1ba">
         <name>.text:memccpy</name>
         <load_address>0x319e</load_address>
         <run_address>0x319e</run_address>
         <size>0x1c</size>
         <input_file_ref idref="fl-db"/>
      </object_component>
      <object_component id="oc-2ab">
         <name>.text:copysign</name>
         <load_address>0x31ba</load_address>
         <run_address>0x31ba</run_address>
         <size>0x1a</size>
         <input_file_ref idref="fl-e3"/>
      </object_component>
      <object_component id="oc-155">
         <name>.text:_outs</name>
         <load_address>0x31d4</load_address>
         <run_address>0x31d4</run_address>
         <size>0x18</size>
         <input_file_ref idref="fl-c3"/>
      </object_component>
      <object_component id="oc-256">
         <name>.text:strchr</name>
         <load_address>0x31ec</load_address>
         <run_address>0x31ec</run_address>
         <size>0x16</size>
         <input_file_ref idref="fl-dc"/>
      </object_component>
      <object_component id="oc-18b">
         <name>.text:strlen</name>
         <load_address>0x3202</load_address>
         <run_address>0x3202</run_address>
         <size>0x14</size>
         <input_file_ref idref="fl-dd"/>
      </object_component>
      <object_component id="oc-1c0">
         <name>.text:wcslen</name>
         <load_address>0x3216</load_address>
         <run_address>0x3216</run_address>
         <size>0x12</size>
         <input_file_ref idref="fl-e1"/>
      </object_component>
      <object_component id="oc-1b">
         <name>.text:decompress:none:__TI_decompress_none</name>
         <load_address>0x3228</load_address>
         <run_address>0x3228</run_address>
         <size>0xe</size>
         <input_file_ref idref="fl-c6"/>
      </object_component>
      <object_component id="oc-27">
         <name>.text</name>
         <load_address>0x3236</load_address>
         <run_address>0x3236</run_address>
         <size>0xc</size>
         <input_file_ref idref="fl-6"/>
      </object_component>
      <object_component id="oc-15b">
         <name>.text:_outc</name>
         <load_address>0x3242</load_address>
         <run_address>0x3242</run_address>
         <size>0xa</size>
         <input_file_ref idref="fl-c3"/>
      </object_component>
      <object_component id="oc-1c6">
         <name>.text:__aeabi_errno_addr</name>
         <load_address>0x324c</load_address>
         <run_address>0x324c</run_address>
         <size>0x8</size>
         <input_file_ref idref="fl-de"/>
      </object_component>
      <object_component id="oc-c8">
         <name>.text:_system_pre_init</name>
         <load_address>0x3254</load_address>
         <run_address>0x3254</run_address>
         <size>0x4</size>
         <input_file_ref idref="fl-d3"/>
      </object_component>
      <object_component id="oc-111">
         <name>.text:abort:abort</name>
         <load_address>0x3258</load_address>
         <run_address>0x3258</run_address>
         <size>0x4</size>
         <input_file_ref idref="fl-d5"/>
      </object_component>
      <object_component id="oc-1ff">
         <name>.const:.string:_ctypes_</name>
         <load_address>0x325c</load_address>
         <run_address>0x325c</run_address>
         <size>0x101</size>
         <input_file_ref idref="fl-da"/>
      </object_component>
      <object_component id="oc-303">
         <name>.cinit..data.load</name>
         <load_address>0x3360</load_address>
         <run_address>0x3360</run_address>
         <size>0xc</size>
      </object_component>
      <object_component id="oc-301">
         <name>__TI_handler_table</name>
         <load_address>0x336c</load_address>
         <run_address>0x336c</run_address>
         <size>0xc</size>
      </object_component>
      <object_component id="oc-304">
         <name>.cinit..bss.load</name>
         <load_address>0x3378</load_address>
         <run_address>0x3378</run_address>
         <size>0x8</size>
      </object_component>
      <object_component id="oc-302">
         <name>__TI_cinit_table</name>
         <load_address>0x3380</load_address>
         <run_address>0x3380</run_address>
         <size>0x10</size>
      </object_component>
      <object_component id="oc-a0">
         <name>.data</name>
         <load_address>0x20001310</load_address>
         <run_address>0x20001310</run_address>
         <size>0x6</size>
         <input_file_ref idref="fl-3"/>
      </object_component>
      <object_component id="oc-83">
         <name>.data</name>
         <load_address>0x20001316</load_address>
         <run_address>0x20001316</run_address>
         <size>0x2</size>
         <input_file_ref idref="fl-7"/>
      </object_component>
      <object_component id="oc-266">
         <name>.data</name>
         <load_address>0x20001318</load_address>
         <run_address>0x20001318</run_address>
         <size>0x4</size>
         <input_file_ref idref="fl-de"/>
      </object_component>
      <object_component id="oc-a3">
         <name>.common:dataTable</name>
         <uninitialized>true</uninitialized>
         <run_address>0x20001000</run_address>
         <size>0x204</size>
      </object_component>
      <object_component id="oc-f0">
         <name>.common:hr</name>
         <uninitialized>true</uninitialized>
         <run_address>0x2000130b</run_address>
         <size>0x1</size>
      </object_component>
      <object_component id="oc-f1">
         <name>.common:min</name>
         <uninitialized>true</uninitialized>
         <run_address>0x2000130c</run_address>
         <size>0x1</size>
      </object_component>
      <object_component id="oc-f2">
         <name>.common:sec</name>
         <uninitialized>true</uninitialized>
         <run_address>0x2000130e</run_address>
         <size>0x1</size>
      </object_component>
      <object_component id="oc-f3">
         <name>.common:mth</name>
         <uninitialized>true</uninitialized>
         <run_address>0x2000130d</run_address>
         <size>0x1</size>
      </object_component>
      <object_component id="oc-f4">
         <name>.common:day</name>
         <uninitialized>true</uninitialized>
         <run_address>0x2000130a</run_address>
         <size>0x1</size>
      </object_component>
      <object_component id="oc-9d">
         <name>.common:phase</name>
         <uninitialized>true</uninitialized>
         <run_address>0x20001308</run_address>
         <size>0x2</size>
      </object_component>
      <object_component id="oc-ef">
         <name>.common:MODE</name>
         <uninitialized>true</uninitialized>
         <run_address>0x20001304</run_address>
         <size>0x4</size>
      </object_component>
      <object_component id="oc-80">
         <name>.common:TXBuffer</name>
         <uninitialized>true</uninitialized>
         <run_address>0x20001204</run_address>
         <size>0x100</size>
      </object_component>
      <object_component id="oc-24">
         <name>.stack</name>
         <uninitialized>true</uninitialized>
         <run_address>0x20000000</run_address>
         <size>0x4</size>
         <input_file_ref idref="fl-c8"/>
      </object_component>
      <object_component id="oc-306">
         <name>.stack</name>
         <uninitialized>true</uninitialized>
         <run_address>0x20000000</run_address>
         <size>0x0</size>
      </object_component>
      <object_component id="oc-100">
         <name>.debug_info</name>
         <load_address>0x0</load_address>
         <run_address>0x0</run_address>
         <size>0x25d</size>
         <input_file_ref idref="fl-2"/>
      </object_component>
      <object_component id="oc-98">
         <name>.debug_info</name>
         <load_address>0x25d</load_address>
         <run_address>0x25d</run_address>
         <size>0x183</size>
         <input_file_ref idref="fl-2"/>
      </object_component>
      <object_component id="oc-a8">
         <name>.debug_info</name>
         <load_address>0x3e0</load_address>
         <run_address>0x3e0</run_address>
         <size>0x26b</size>
         <input_file_ref idref="fl-2"/>
      </object_component>
      <object_component id="oc-48">
         <name>.debug_info</name>
         <load_address>0x64b</load_address>
         <run_address>0x64b</run_address>
         <size>0x84</size>
         <input_file_ref idref="fl-2"/>
      </object_component>
      <object_component id="oc-de">
         <name>.debug_info</name>
         <load_address>0x6cf</load_address>
         <run_address>0x6cf</run_address>
         <size>0x2a4</size>
         <input_file_ref idref="fl-2"/>
      </object_component>
      <object_component id="oc-87">
         <name>.debug_info</name>
         <load_address>0x973</load_address>
         <run_address>0x973</run_address>
         <size>0xbb</size>
         <input_file_ref idref="fl-2"/>
      </object_component>
      <object_component id="oc-9e">
         <name>.debug_info</name>
         <load_address>0xa2e</load_address>
         <run_address>0xa2e</run_address>
         <size>0x579</size>
         <input_file_ref idref="fl-3"/>
      </object_component>
      <object_component id="oc-a1">
         <name>.debug_info</name>
         <load_address>0xfa7</load_address>
         <run_address>0xfa7</run_address>
         <size>0x100</size>
         <input_file_ref idref="fl-3"/>
      </object_component>
      <object_component id="oc-93">
         <name>.debug_info</name>
         <load_address>0x10a7</load_address>
         <run_address>0x10a7</run_address>
         <size>0x1145</size>
         <input_file_ref idref="fl-3"/>
      </object_component>
      <object_component id="oc-f6">
         <name>.debug_info</name>
         <load_address>0x21ec</load_address>
         <run_address>0x21ec</run_address>
         <size>0x8a</size>
         <input_file_ref idref="fl-3"/>
      </object_component>
      <object_component id="oc-8c">
         <name>.debug_info</name>
         <load_address>0x2276</load_address>
         <run_address>0x2276</run_address>
         <size>0x8b</size>
         <input_file_ref idref="fl-3"/>
      </object_component>
      <object_component id="oc-163">
         <name>.debug_info</name>
         <load_address>0x2301</load_address>
         <run_address>0x2301</run_address>
         <size>0x2c</size>
         <input_file_ref idref="fl-3"/>
      </object_component>
      <object_component id="oc-eb">
         <name>.debug_info</name>
         <load_address>0x232d</load_address>
         <run_address>0x232d</run_address>
         <size>0x204</size>
         <input_file_ref idref="fl-4"/>
      </object_component>
      <object_component id="oc-3a">
         <name>.debug_info</name>
         <load_address>0x2531</load_address>
         <run_address>0x2531</run_address>
         <size>0x198</size>
         <input_file_ref idref="fl-5"/>
      </object_component>
      <object_component id="oc-41">
         <name>.debug_info</name>
         <load_address>0x26c9</load_address>
         <run_address>0x26c9</run_address>
         <size>0x2fa</size>
         <input_file_ref idref="fl-6"/>
      </object_component>
      <object_component id="oc-13">
         <name>.debug_info</name>
         <load_address>0x29c3</load_address>
         <run_address>0x29c3</run_address>
         <size>0xef</size>
         <input_file_ref idref="fl-6"/>
      </object_component>
      <object_component id="oc-2b">
         <name>.debug_info</name>
         <load_address>0x2ab2</load_address>
         <run_address>0x2ab2</run_address>
         <size>0x26b</size>
         <input_file_ref idref="fl-6"/>
      </object_component>
      <object_component id="oc-81">
         <name>.debug_info</name>
         <load_address>0x2d1d</load_address>
         <run_address>0x2d1d</run_address>
         <size>0x295</size>
         <input_file_ref idref="fl-7"/>
      </object_component>
      <object_component id="oc-84">
         <name>.debug_info</name>
         <load_address>0x2fb2</load_address>
         <run_address>0x2fb2</run_address>
         <size>0xfb</size>
         <input_file_ref idref="fl-7"/>
      </object_component>
      <object_component id="oc-31">
         <name>.debug_info</name>
         <load_address>0x30ad</load_address>
         <run_address>0x30ad</run_address>
         <size>0x41c</size>
         <input_file_ref idref="fl-7"/>
      </object_component>
      <object_component id="oc-34">
         <name>.debug_info</name>
         <load_address>0x34c9</load_address>
         <run_address>0x34c9</run_address>
         <size>0x306</size>
         <input_file_ref idref="fl-8"/>
      </object_component>
      <object_component id="oc-162">
         <name>.debug_info</name>
         <load_address>0x37cf</load_address>
         <run_address>0x37cf</run_address>
         <size>0x333</size>
         <input_file_ref idref="fl-c3"/>
      </object_component>
      <object_component id="oc-e6">
         <name>.debug_info</name>
         <load_address>0x3b02</load_address>
         <run_address>0x3b02</run_address>
         <size>0x1d1</size>
         <input_file_ref idref="fl-c3"/>
      </object_component>
      <object_component id="oc-157">
         <name>.debug_info</name>
         <load_address>0x3cd3</load_address>
         <run_address>0x3cd3</run_address>
         <size>0x18d</size>
         <input_file_ref idref="fl-c3"/>
      </object_component>
      <object_component id="oc-15d">
         <name>.debug_info</name>
         <load_address>0x3e60</load_address>
         <run_address>0x3e60</run_address>
         <size>0x16d</size>
         <input_file_ref idref="fl-c3"/>
      </object_component>
      <object_component id="oc-26d">
         <name>.debug_info</name>
         <load_address>0x3fcd</load_address>
         <run_address>0x3fcd</run_address>
         <size>0x2c</size>
         <input_file_ref idref="fl-c3"/>
      </object_component>
      <object_component id="oc-4f">
         <name>.debug_info</name>
         <load_address>0x3ff9</load_address>
         <run_address>0x3ff9</run_address>
         <size>0x119</size>
         <input_file_ref idref="fl-c4"/>
      </object_component>
      <object_component id="oc-c1">
         <name>.debug_info</name>
         <load_address>0x4112</load_address>
         <run_address>0x4112</run_address>
         <size>0x2d4</size>
         <input_file_ref idref="fl-c5"/>
      </object_component>
      <object_component id="oc-5b">
         <name>.debug_info</name>
         <load_address>0x43e6</load_address>
         <run_address>0x43e6</run_address>
         <size>0x1d2</size>
         <input_file_ref idref="fl-c5"/>
      </object_component>
      <object_component id="oc-bc">
         <name>.debug_info</name>
         <load_address>0x45b8</load_address>
         <run_address>0x45b8</run_address>
         <size>0x46</size>
         <input_file_ref idref="fl-c5"/>
      </object_component>
      <object_component id="oc-108">
         <name>.debug_info</name>
         <load_address>0x45fe</load_address>
         <run_address>0x45fe</run_address>
         <size>0x2c</size>
         <input_file_ref idref="fl-c5"/>
      </object_component>
      <object_component id="oc-58">
         <name>.debug_info</name>
         <load_address>0x462a</load_address>
         <run_address>0x462a</run_address>
         <size>0x2a8</size>
         <input_file_ref idref="fl-c6"/>
      </object_component>
      <object_component id="oc-1e">
         <name>.debug_info</name>
         <load_address>0x48d2</load_address>
         <run_address>0x48d2</run_address>
         <size>0x1ea</size>
         <input_file_ref idref="fl-c6"/>
      </object_component>
      <object_component id="oc-53">
         <name>.debug_info</name>
         <load_address>0x4abc</load_address>
         <run_address>0x4abc</run_address>
         <size>0x46</size>
         <input_file_ref idref="fl-c6"/>
      </object_component>
      <object_component id="oc-b4">
         <name>.debug_info</name>
         <load_address>0x4b02</load_address>
         <run_address>0x4b02</run_address>
         <size>0x2c</size>
         <input_file_ref idref="fl-c6"/>
      </object_component>
      <object_component id="oc-b2">
         <name>.debug_info</name>
         <load_address>0x4b2e</load_address>
         <run_address>0x4b2e</run_address>
         <size>0x29e</size>
         <input_file_ref idref="fl-c7"/>
      </object_component>
      <object_component id="oc-19">
         <name>.debug_info</name>
         <load_address>0x4dcc</load_address>
         <run_address>0x4dcc</run_address>
         <size>0x250</size>
         <input_file_ref idref="fl-c7"/>
      </object_component>
      <object_component id="oc-43">
         <name>.debug_info</name>
         <load_address>0x501c</load_address>
         <run_address>0x501c</run_address>
         <size>0x60</size>
         <input_file_ref idref="fl-c7"/>
      </object_component>
      <object_component id="oc-101">
         <name>.debug_info</name>
         <load_address>0x507c</load_address>
         <run_address>0x507c</run_address>
         <size>0x46</size>
         <input_file_ref idref="fl-c7"/>
      </object_component>
      <object_component id="oc-ad">
         <name>.debug_info</name>
         <load_address>0x50c2</load_address>
         <run_address>0x50c2</run_address>
         <size>0x39</size>
         <input_file_ref idref="fl-c7"/>
      </object_component>
      <object_component id="oc-25">
         <name>.debug_info</name>
         <load_address>0x50fb</load_address>
         <run_address>0x50fb</run_address>
         <size>0x10b</size>
         <input_file_ref idref="fl-c8"/>
      </object_component>
      <object_component id="oc-6c">
         <name>.debug_info</name>
         <load_address>0x5206</load_address>
         <run_address>0x5206</run_address>
         <size>0x1a9</size>
         <input_file_ref idref="fl-c8"/>
      </object_component>
      <object_component id="oc-1cd">
         <name>.debug_info</name>
         <load_address>0x53af</load_address>
         <run_address>0x53af</run_address>
         <size>0x590</size>
         <input_file_ref idref="fl-c9"/>
      </object_component>
      <object_component id="oc-199">
         <name>.debug_info</name>
         <load_address>0x593f</load_address>
         <run_address>0x593f</run_address>
         <size>0x21e</size>
         <input_file_ref idref="fl-c9"/>
      </object_component>
      <object_component id="oc-230">
         <name>.debug_info</name>
         <load_address>0x5b5d</load_address>
         <run_address>0x5b5d</run_address>
         <size>0x1b3</size>
         <input_file_ref idref="fl-c9"/>
      </object_component>
      <object_component id="oc-236">
         <name>.debug_info</name>
         <load_address>0x5d10</load_address>
         <run_address>0x5d10</run_address>
         <size>0x21b</size>
         <input_file_ref idref="fl-c9"/>
      </object_component>
      <object_component id="oc-1a3">
         <name>.debug_info</name>
         <load_address>0x5f2b</load_address>
         <run_address>0x5f2b</run_address>
         <size>0x3c0</size>
         <input_file_ref idref="fl-c9"/>
      </object_component>
      <object_component id="oc-23d">
         <name>.debug_info</name>
         <load_address>0x62eb</load_address>
         <run_address>0x62eb</run_address>
         <size>0x30a</size>
         <input_file_ref idref="fl-c9"/>
      </object_component>
      <object_component id="oc-243">
         <name>.debug_info</name>
         <load_address>0x65f5</load_address>
         <run_address>0x65f5</run_address>
         <size>0x215</size>
         <input_file_ref idref="fl-c9"/>
      </object_component>
      <object_component id="oc-1a9">
         <name>.debug_info</name>
         <load_address>0x680a</load_address>
         <run_address>0x680a</run_address>
         <size>0x215</size>
         <input_file_ref idref="fl-c9"/>
      </object_component>
      <object_component id="oc-1af">
         <name>.debug_info</name>
         <load_address>0x6a1f</load_address>
         <run_address>0x6a1f</run_address>
         <size>0x304</size>
         <input_file_ref idref="fl-c9"/>
      </object_component>
      <object_component id="oc-1b5">
         <name>.debug_info</name>
         <load_address>0x6d23</load_address>
         <run_address>0x6d23</run_address>
         <size>0x4b5</size>
         <input_file_ref idref="fl-c9"/>
      </object_component>
      <object_component id="oc-150">
         <name>.debug_info</name>
         <load_address>0x71d8</load_address>
         <run_address>0x71d8</run_address>
         <size>0x5f4</size>
         <input_file_ref idref="fl-c9"/>
      </object_component>
      <object_component id="oc-1ce">
         <name>.debug_info</name>
         <load_address>0x77cc</load_address>
         <run_address>0x77cc</run_address>
         <size>0x86</size>
         <input_file_ref idref="fl-c9"/>
      </object_component>
      <object_component id="oc-272">
         <name>.debug_info</name>
         <load_address>0x7852</load_address>
         <run_address>0x7852</run_address>
         <size>0x39</size>
         <input_file_ref idref="fl-c9"/>
      </object_component>
      <object_component id="oc-2c2">
         <name>.debug_info</name>
         <load_address>0x788b</load_address>
         <run_address>0x788b</run_address>
         <size>0xb6</size>
         <input_file_ref idref="fl-c9"/>
      </object_component>
      <object_component id="oc-277">
         <name>.debug_info</name>
         <load_address>0x7941</load_address>
         <run_address>0x7941</run_address>
         <size>0x46</size>
         <input_file_ref idref="fl-c9"/>
      </object_component>
      <object_component id="oc-1d3">
         <name>.debug_info</name>
         <load_address>0x7987</load_address>
         <run_address>0x7987</run_address>
         <size>0x46</size>
         <input_file_ref idref="fl-c9"/>
      </object_component>
      <object_component id="oc-c4">
         <name>.debug_info</name>
         <load_address>0x79cd</load_address>
         <run_address>0x79cd</run_address>
         <size>0x147</size>
         <input_file_ref idref="fl-ca"/>
      </object_component>
      <object_component id="oc-22d">
         <name>.debug_info</name>
         <load_address>0x7b14</load_address>
         <run_address>0x7b14</run_address>
         <size>0x14c</size>
         <input_file_ref idref="fl-cb"/>
      </object_component>
      <object_component id="oc-19f">
         <name>.debug_info</name>
         <load_address>0x7c60</load_address>
         <run_address>0x7c60</run_address>
         <size>0x128</size>
         <input_file_ref idref="fl-cc"/>
      </object_component>
      <object_component id="oc-216">
         <name>.debug_info</name>
         <load_address>0x7d88</load_address>
         <run_address>0x7d88</run_address>
         <size>0x12a</size>
         <input_file_ref idref="fl-cc"/>
      </object_component>
      <object_component id="oc-212">
         <name>.debug_info</name>
         <load_address>0x7eb2</load_address>
         <run_address>0x7eb2</run_address>
         <size>0x13a</size>
         <input_file_ref idref="fl-cd"/>
      </object_component>
      <object_component id="oc-20c">
         <name>.debug_info</name>
         <load_address>0x7fec</load_address>
         <run_address>0x7fec</run_address>
         <size>0x13a</size>
         <input_file_ref idref="fl-ce"/>
      </object_component>
      <object_component id="oc-21d">
         <name>.debug_info</name>
         <load_address>0x8126</load_address>
         <run_address>0x8126</run_address>
         <size>0x12e</size>
         <input_file_ref idref="fl-cf"/>
      </object_component>
      <object_component id="oc-226">
         <name>.debug_info</name>
         <load_address>0x8254</load_address>
         <run_address>0x8254</run_address>
         <size>0x12c</size>
         <input_file_ref idref="fl-d0"/>
      </object_component>
      <object_component id="oc-206">
         <name>.debug_info</name>
         <load_address>0x8380</load_address>
         <run_address>0x8380</run_address>
         <size>0x134</size>
         <input_file_ref idref="fl-d1"/>
      </object_component>
      <object_component id="oc-176">
         <name>.debug_info</name>
         <load_address>0x84b4</load_address>
         <run_address>0x84b4</run_address>
         <size>0x4b3</size>
         <input_file_ref idref="fl-d2"/>
      </object_component>
      <object_component id="oc-121">
         <name>.debug_info</name>
         <load_address>0x8967</load_address>
         <run_address>0x8967</run_address>
         <size>0x1a6</size>
         <input_file_ref idref="fl-d2"/>
      </object_component>
      <object_component id="oc-1ec">
         <name>.debug_info</name>
         <load_address>0x8b0d</load_address>
         <run_address>0x8b0d</run_address>
         <size>0x39</size>
         <input_file_ref idref="fl-d2"/>
      </object_component>
      <object_component id="oc-27f">
         <name>.debug_info</name>
         <load_address>0x8b46</load_address>
         <run_address>0x8b46</run_address>
         <size>0x39</size>
         <input_file_ref idref="fl-d2"/>
      </object_component>
      <object_component id="oc-1f1">
         <name>.debug_info</name>
         <load_address>0x8b7f</load_address>
         <run_address>0x8b7f</run_address>
         <size>0x39</size>
         <input_file_ref idref="fl-d2"/>
      </object_component>
      <object_component id="oc-1f6">
         <name>.debug_info</name>
         <load_address>0x8bb8</load_address>
         <run_address>0x8bb8</run_address>
         <size>0xcd</size>
         <input_file_ref idref="fl-d2"/>
      </object_component>
      <object_component id="oc-cb">
         <name>.debug_info</name>
         <load_address>0x8c85</load_address>
         <run_address>0x8c85</run_address>
         <size>0x153</size>
         <input_file_ref idref="fl-d3"/>
      </object_component>
      <object_component id="oc-112">
         <name>.debug_info</name>
         <load_address>0x8dd8</load_address>
         <run_address>0x8dd8</run_address>
         <size>0x122</size>
         <input_file_ref idref="fl-d5"/>
      </object_component>
      <object_component id="oc-29d">
         <name>.debug_info</name>
         <load_address>0x8efa</load_address>
         <run_address>0x8efa</run_address>
         <size>0x29c</size>
         <input_file_ref idref="fl-d7"/>
      </object_component>
      <object_component id="oc-223">
         <name>.debug_info</name>
         <load_address>0x9196</load_address>
         <run_address>0x9196</run_address>
         <size>0x1da</size>
         <input_file_ref idref="fl-d7"/>
      </object_component>
      <object_component id="oc-203">
         <name>.debug_info</name>
         <load_address>0x9370</load_address>
         <run_address>0x9370</run_address>
         <size>0x2b9</size>
         <input_file_ref idref="fl-d9"/>
      </object_component>
      <object_component id="oc-195">
         <name>.debug_info</name>
         <load_address>0x9629</load_address>
         <run_address>0x9629</run_address>
         <size>0x17c</size>
         <input_file_ref idref="fl-d9"/>
      </object_component>
      <object_component id="oc-28f">
         <name>.debug_info</name>
         <load_address>0x97a5</load_address>
         <run_address>0x97a5</run_address>
         <size>0xf9</size>
         <input_file_ref idref="fl-da"/>
      </object_component>
      <object_component id="oc-200">
         <name>.debug_info</name>
         <load_address>0x989e</load_address>
         <run_address>0x989e</run_address>
         <size>0x105</size>
         <input_file_ref idref="fl-da"/>
      </object_component>
      <object_component id="oc-25e">
         <name>.debug_info</name>
         <load_address>0x99a3</load_address>
         <run_address>0x99a3</run_address>
         <size>0x2a7</size>
         <input_file_ref idref="fl-db"/>
      </object_component>
      <object_component id="oc-1bd">
         <name>.debug_info</name>
         <load_address>0x9c4a</load_address>
         <run_address>0x9c4a</run_address>
         <size>0x1b8</size>
         <input_file_ref idref="fl-db"/>
      </object_component>
      <object_component id="oc-2b4">
         <name>.debug_info</name>
         <load_address>0x9e02</load_address>
         <run_address>0x9e02</run_address>
         <size>0x29a</size>
         <input_file_ref idref="fl-dc"/>
      </object_component>
      <object_component id="oc-257">
         <name>.debug_info</name>
         <load_address>0xa09c</load_address>
         <run_address>0xa09c</run_address>
         <size>0x262</size>
         <input_file_ref idref="fl-dc"/>
      </object_component>
      <object_component id="oc-1fe">
         <name>.debug_info</name>
         <load_address>0xa2fe</load_address>
         <run_address>0xa2fe</run_address>
         <size>0x28f</size>
         <input_file_ref idref="fl-dd"/>
      </object_component>
      <object_component id="oc-18e">
         <name>.debug_info</name>
         <load_address>0xa58d</load_address>
         <run_address>0xa58d</run_address>
         <size>0x245</size>
         <input_file_ref idref="fl-dd"/>
      </object_component>
      <object_component id="oc-26a">
         <name>.debug_info</name>
         <load_address>0xa7d2</load_address>
         <run_address>0xa7d2</run_address>
         <size>0x289</size>
         <input_file_ref idref="fl-de"/>
      </object_component>
      <object_component id="oc-267">
         <name>.debug_info</name>
         <load_address>0xaa5b</load_address>
         <run_address>0xaa5b</run_address>
         <size>0x10e</size>
         <input_file_ref idref="fl-de"/>
      </object_component>
      <object_component id="oc-1c8">
         <name>.debug_info</name>
         <load_address>0xab69</load_address>
         <run_address>0xab69</run_address>
         <size>0x14e</size>
         <input_file_ref idref="fl-de"/>
      </object_component>
      <object_component id="oc-2a5">
         <name>.debug_info</name>
         <load_address>0xacb7</load_address>
         <run_address>0xacb7</run_address>
         <size>0x29a</size>
         <input_file_ref idref="fl-df"/>
      </object_component>
      <object_component id="oc-24b">
         <name>.debug_info</name>
         <load_address>0xaf51</load_address>
         <run_address>0xaf51</run_address>
         <size>0x195</size>
         <input_file_ref idref="fl-df"/>
      </object_component>
      <object_component id="oc-2ce">
         <name>.debug_info</name>
         <load_address>0xb0e6</load_address>
         <run_address>0xb0e6</run_address>
         <size>0x39</size>
         <input_file_ref idref="fl-df"/>
      </object_component>
      <object_component id="oc-2a6">
         <name>.debug_info</name>
         <load_address>0xb11f</load_address>
         <run_address>0xb11f</run_address>
         <size>0x2c</size>
         <input_file_ref idref="fl-df"/>
      </object_component>
      <object_component id="oc-2b2">
         <name>.debug_info</name>
         <load_address>0xb14b</load_address>
         <run_address>0xb14b</run_address>
         <size>0x2fd</size>
         <input_file_ref idref="fl-e0"/>
      </object_component>
      <object_component id="oc-253">
         <name>.debug_info</name>
         <load_address>0xb448</load_address>
         <run_address>0xb448</run_address>
         <size>0x225</size>
         <input_file_ref idref="fl-e0"/>
      </object_component>
      <object_component id="oc-265">
         <name>.debug_info</name>
         <load_address>0xb66d</load_address>
         <run_address>0xb66d</run_address>
         <size>0x28f</size>
         <input_file_ref idref="fl-e1"/>
      </object_component>
      <object_component id="oc-1c4">
         <name>.debug_info</name>
         <load_address>0xb8fc</load_address>
         <run_address>0xb8fc</run_address>
         <size>0x15a</size>
         <input_file_ref idref="fl-e1"/>
      </object_component>
      <object_component id="oc-2b7">
         <name>.debug_info</name>
         <load_address>0xba56</load_address>
         <run_address>0xba56</run_address>
         <size>0x46</size>
         <input_file_ref idref="fl-e1"/>
      </object_component>
      <object_component id="oc-260">
         <name>.debug_info</name>
         <load_address>0xba9c</load_address>
         <run_address>0xba9c</run_address>
         <size>0x39</size>
         <input_file_ref idref="fl-e1"/>
      </object_component>
      <object_component id="oc-295">
         <name>.debug_info</name>
         <load_address>0xbad5</load_address>
         <run_address>0xbad5</run_address>
         <size>0x115</size>
         <input_file_ref idref="fl-e2"/>
      </object_component>
      <object_component id="oc-2ac">
         <name>.debug_info</name>
         <load_address>0xbbea</load_address>
         <run_address>0xbbea</run_address>
         <size>0x161</size>
         <input_file_ref idref="fl-e3"/>
      </object_component>
      <object_component id="oc-307">
         <name>.debug_info</name>
         <load_address>0xbd4b</load_address>
         <run_address>0xbd4b</run_address>
         <size>0xa2</size>
      </object_component>
      <object_component id="oc-16a">
         <name>.debug_line</name>
         <load_address>0x0</load_address>
         <run_address>0x0</run_address>
         <size>0x20</size>
         <input_file_ref idref="fl-2"/>
      </object_component>
      <object_component id="oc-9b">
         <name>.debug_line</name>
         <load_address>0x20</load_address>
         <run_address>0x20</run_address>
         <size>0x87</size>
         <input_file_ref idref="fl-2"/>
      </object_component>
      <object_component id="oc-ab">
         <name>.debug_line</name>
         <load_address>0xa7</load_address>
         <run_address>0xa7</run_address>
         <size>0x6f</size>
         <input_file_ref idref="fl-2"/>
      </object_component>
      <object_component id="oc-4b">
         <name>.debug_line</name>
         <load_address>0x116</load_address>
         <run_address>0x116</run_address>
         <size>0x20</size>
         <input_file_ref idref="fl-2"/>
      </object_component>
      <object_component id="oc-e1">
         <name>.debug_line</name>
         <load_address>0x136</load_address>
         <run_address>0x136</run_address>
         <size>0x73</size>
         <input_file_ref idref="fl-2"/>
      </object_component>
      <object_component id="oc-8a">
         <name>.debug_line</name>
         <load_address>0x1a9</load_address>
         <run_address>0x1a9</run_address>
         <size>0x70</size>
         <input_file_ref idref="fl-2"/>
      </object_component>
      <object_component id="oc-fd">
         <name>.debug_line</name>
         <load_address>0x219</load_address>
         <run_address>0x219</run_address>
         <size>0xb4</size>
         <input_file_ref idref="fl-3"/>
      </object_component>
      <object_component id="oc-ff">
         <name>.debug_line</name>
         <load_address>0x2cd</load_address>
         <run_address>0x2cd</run_address>
         <size>0x30</size>
         <input_file_ref idref="fl-3"/>
      </object_component>
      <object_component id="oc-96">
         <name>.debug_line</name>
         <load_address>0x2fd</load_address>
         <run_address>0x2fd</run_address>
         <size>0x4e8</size>
         <input_file_ref idref="fl-3"/>
      </object_component>
      <object_component id="oc-f9">
         <name>.debug_line</name>
         <load_address>0x7e5</load_address>
         <run_address>0x7e5</run_address>
         <size>0x30</size>
         <input_file_ref idref="fl-3"/>
      </object_component>
      <object_component id="oc-8f">
         <name>.debug_line</name>
         <load_address>0x815</load_address>
         <run_address>0x815</run_address>
         <size>0x20</size>
         <input_file_ref idref="fl-3"/>
      </object_component>
      <object_component id="oc-166">
         <name>.debug_line</name>
         <load_address>0x835</load_address>
         <run_address>0x835</run_address>
         <size>0x6b</size>
         <input_file_ref idref="fl-3"/>
      </object_component>
      <object_component id="oc-ea">
         <name>.debug_line</name>
         <load_address>0x8a0</load_address>
         <run_address>0x8a0</run_address>
         <size>0x7d</size>
         <input_file_ref idref="fl-4"/>
      </object_component>
      <object_component id="oc-3d">
         <name>.debug_line</name>
         <load_address>0x91d</load_address>
         <run_address>0x91d</run_address>
         <size>0x7c</size>
         <input_file_ref idref="fl-5"/>
      </object_component>
      <object_component id="oc-a7">
         <name>.debug_line</name>
         <load_address>0x999</load_address>
         <run_address>0x999</run_address>
         <size>0x41</size>
         <input_file_ref idref="fl-6"/>
      </object_component>
      <object_component id="oc-40">
         <name>.debug_line</name>
         <load_address>0x9da</load_address>
         <run_address>0x9da</run_address>
         <size>0x41</size>
         <input_file_ref idref="fl-6"/>
      </object_component>
      <object_component id="oc-2a">
         <name>.debug_line</name>
         <load_address>0xa1b</load_address>
         <run_address>0xa1b</run_address>
         <size>0xa1</size>
         <input_file_ref idref="fl-6"/>
      </object_component>
      <object_component id="oc-db">
         <name>.debug_line</name>
         <load_address>0xabc</load_address>
         <run_address>0xabc</run_address>
         <size>0x2e</size>
         <input_file_ref idref="fl-7"/>
      </object_component>
      <object_component id="oc-dd">
         <name>.debug_line</name>
         <load_address>0xaea</load_address>
         <run_address>0xaea</run_address>
         <size>0x2e</size>
         <input_file_ref idref="fl-7"/>
      </object_component>
      <object_component id="oc-2e">
         <name>.debug_line</name>
         <load_address>0xb18</load_address>
         <run_address>0xb18</run_address>
         <size>0x147</size>
         <input_file_ref idref="fl-7"/>
      </object_component>
      <object_component id="oc-38">
         <name>.debug_line</name>
         <load_address>0xc5f</load_address>
         <run_address>0xc5f</run_address>
         <size>0xd2</size>
         <input_file_ref idref="fl-8"/>
      </object_component>
      <object_component id="oc-1db">
         <name>.debug_line</name>
         <load_address>0xd31</load_address>
         <run_address>0xd31</run_address>
         <size>0x2d</size>
         <input_file_ref idref="fl-c3"/>
      </object_component>
      <object_component id="oc-e4">
         <name>.debug_line</name>
         <load_address>0xd5e</load_address>
         <run_address>0xd5e</run_address>
         <size>0x4b</size>
         <input_file_ref idref="fl-c3"/>
      </object_component>
      <object_component id="oc-156">
         <name>.debug_line</name>
         <load_address>0xda9</load_address>
         <run_address>0xda9</run_address>
         <size>0x4b</size>
         <input_file_ref idref="fl-c3"/>
      </object_component>
      <object_component id="oc-15c">
         <name>.debug_line</name>
         <load_address>0xdf4</load_address>
         <run_address>0xdf4</run_address>
         <size>0x3f</size>
         <input_file_ref idref="fl-c3"/>
      </object_component>
      <object_component id="oc-270">
         <name>.debug_line</name>
         <load_address>0xe33</load_address>
         <run_address>0xe33</run_address>
         <size>0x91</size>
         <input_file_ref idref="fl-c3"/>
      </object_component>
      <object_component id="oc-4e">
         <name>.debug_line</name>
         <load_address>0xec4</load_address>
         <run_address>0xec4</run_address>
         <size>0x88</size>
         <input_file_ref idref="fl-c4"/>
      </object_component>
      <object_component id="oc-10e">
         <name>.debug_line</name>
         <load_address>0xf4c</load_address>
         <run_address>0xf4c</run_address>
         <size>0x92</size>
         <input_file_ref idref="fl-c5"/>
      </object_component>
      <object_component id="oc-5d">
         <name>.debug_line</name>
         <load_address>0xfde</load_address>
         <run_address>0xfde</run_address>
         <size>0x56</size>
         <input_file_ref idref="fl-c5"/>
      </object_component>
      <object_component id="oc-bf">
         <name>.debug_line</name>
         <load_address>0x1034</load_address>
         <run_address>0x1034</run_address>
         <size>0x34</size>
         <input_file_ref idref="fl-c5"/>
      </object_component>
      <object_component id="oc-10b">
         <name>.debug_line</name>
         <load_address>0x1068</load_address>
         <run_address>0x1068</run_address>
         <size>0x92</size>
         <input_file_ref idref="fl-c5"/>
      </object_component>
      <object_component id="oc-ba">
         <name>.debug_line</name>
         <load_address>0x10fa</load_address>
         <run_address>0x10fa</run_address>
         <size>0x20</size>
         <input_file_ref idref="fl-c6"/>
      </object_component>
      <object_component id="oc-1c">
         <name>.debug_line</name>
         <load_address>0x111a</load_address>
         <run_address>0x111a</run_address>
         <size>0x55</size>
         <input_file_ref idref="fl-c6"/>
      </object_component>
      <object_component id="oc-56">
         <name>.debug_line</name>
         <load_address>0x116f</load_address>
         <run_address>0x116f</run_address>
         <size>0x3a</size>
         <input_file_ref idref="fl-c6"/>
      </object_component>
      <object_component id="oc-b7">
         <name>.debug_line</name>
         <load_address>0x11a9</load_address>
         <run_address>0x11a9</run_address>
         <size>0x92</size>
         <input_file_ref idref="fl-c6"/>
      </object_component>
      <object_component id="oc-107">
         <name>.debug_line</name>
         <load_address>0x123b</load_address>
         <run_address>0x123b</run_address>
         <size>0x20</size>
         <input_file_ref idref="fl-c7"/>
      </object_component>
      <object_component id="oc-16">
         <name>.debug_line</name>
         <load_address>0x125b</load_address>
         <run_address>0x125b</run_address>
         <size>0xa9</size>
         <input_file_ref idref="fl-c7"/>
      </object_component>
      <object_component id="oc-46">
         <name>.debug_line</name>
         <load_address>0x1304</load_address>
         <run_address>0x1304</run_address>
         <size>0x3a</size>
         <input_file_ref idref="fl-c7"/>
      </object_component>
      <object_component id="oc-104">
         <name>.debug_line</name>
         <load_address>0x133e</load_address>
         <run_address>0x133e</run_address>
         <size>0x9a</size>
         <input_file_ref idref="fl-c7"/>
      </object_component>
      <object_component id="oc-b0">
         <name>.debug_line</name>
         <load_address>0x13d8</load_address>
         <run_address>0x13d8</run_address>
         <size>0x96</size>
         <input_file_ref idref="fl-c7"/>
      </object_component>
      <object_component id="oc-7e">
         <name>.debug_line</name>
         <load_address>0x146e</load_address>
         <run_address>0x146e</run_address>
         <size>0x33</size>
         <input_file_ref idref="fl-c8"/>
      </object_component>
      <object_component id="oc-6f">
         <name>.debug_line</name>
         <load_address>0x14a1</load_address>
         <run_address>0x14a1</run_address>
         <size>0x45</size>
         <input_file_ref idref="fl-c8"/>
      </object_component>
      <object_component id="oc-26c">
         <name>.debug_line</name>
         <load_address>0x14e6</load_address>
         <run_address>0x14e6</run_address>
         <size>0x264</size>
         <input_file_ref idref="fl-c9"/>
      </object_component>
      <object_component id="oc-198">
         <name>.debug_line</name>
         <load_address>0x174a</load_address>
         <run_address>0x174a</run_address>
         <size>0x7a</size>
         <input_file_ref idref="fl-c9"/>
      </object_component>
      <object_component id="oc-233">
         <name>.debug_line</name>
         <load_address>0x17c4</load_address>
         <run_address>0x17c4</run_address>
         <size>0x51</size>
         <input_file_ref idref="fl-c9"/>
      </object_component>
      <object_component id="oc-23a">
         <name>.debug_line</name>
         <load_address>0x1815</load_address>
         <run_address>0x1815</run_address>
         <size>0x88</size>
         <input_file_ref idref="fl-c9"/>
      </object_component>
      <object_component id="oc-1a6">
         <name>.debug_line</name>
         <load_address>0x189d</load_address>
         <run_address>0x189d</run_address>
         <size>0x14d</size>
         <input_file_ref idref="fl-c9"/>
      </object_component>
      <object_component id="oc-240">
         <name>.debug_line</name>
         <load_address>0x19ea</load_address>
         <run_address>0x19ea</run_address>
         <size>0xee</size>
         <input_file_ref idref="fl-c9"/>
      </object_component>
      <object_component id="oc-246">
         <name>.debug_line</name>
         <load_address>0x1ad8</load_address>
         <run_address>0x1ad8</run_address>
         <size>0x5d</size>
         <input_file_ref idref="fl-c9"/>
      </object_component>
      <object_component id="oc-1ac">
         <name>.debug_line</name>
         <load_address>0x1b35</load_address>
         <run_address>0x1b35</run_address>
         <size>0x5c</size>
         <input_file_ref idref="fl-c9"/>
      </object_component>
      <object_component id="oc-1b2">
         <name>.debug_line</name>
         <load_address>0x1b91</load_address>
         <run_address>0x1b91</run_address>
         <size>0xae</size>
         <input_file_ref idref="fl-c9"/>
      </object_component>
      <object_component id="oc-1b9">
         <name>.debug_line</name>
         <load_address>0x1c3f</load_address>
         <run_address>0x1c3f</run_address>
         <size>0x1b0</size>
         <input_file_ref idref="fl-c9"/>
      </object_component>
      <object_component id="oc-153">
         <name>.debug_line</name>
         <load_address>0x1def</load_address>
         <run_address>0x1def</run_address>
         <size>0x76f</size>
         <input_file_ref idref="fl-c9"/>
      </object_component>
      <object_component id="oc-1d1">
         <name>.debug_line</name>
         <load_address>0x255e</load_address>
         <run_address>0x255e</run_address>
         <size>0x92</size>
         <input_file_ref idref="fl-c9"/>
      </object_component>
      <object_component id="oc-275">
         <name>.debug_line</name>
         <load_address>0x25f0</load_address>
         <run_address>0x25f0</run_address>
         <size>0x92</size>
         <input_file_ref idref="fl-c9"/>
      </object_component>
      <object_component id="oc-2c5">
         <name>.debug_line</name>
         <load_address>0x2682</load_address>
         <run_address>0x2682</run_address>
         <size>0x9a</size>
         <input_file_ref idref="fl-c9"/>
      </object_component>
      <object_component id="oc-27a">
         <name>.debug_line</name>
         <load_address>0x271c</load_address>
         <run_address>0x271c</run_address>
         <size>0x97</size>
         <input_file_ref idref="fl-c9"/>
      </object_component>
      <object_component id="oc-1d6">
         <name>.debug_line</name>
         <load_address>0x27b3</load_address>
         <run_address>0x27b3</run_address>
         <size>0x2e</size>
         <input_file_ref idref="fl-c9"/>
      </object_component>
      <object_component id="oc-c3">
         <name>.debug_line</name>
         <load_address>0x27e1</load_address>
         <run_address>0x27e1</run_address>
         <size>0x79</size>
         <input_file_ref idref="fl-ca"/>
      </object_component>
      <object_component id="oc-22c">
         <name>.debug_line</name>
         <load_address>0x285a</load_address>
         <run_address>0x285a</run_address>
         <size>0xd2</size>
         <input_file_ref idref="fl-cb"/>
      </object_component>
      <object_component id="oc-19e">
         <name>.debug_line</name>
         <load_address>0x292c</load_address>
         <run_address>0x292c</run_address>
         <size>0x77</size>
         <input_file_ref idref="fl-cc"/>
      </object_component>
      <object_component id="oc-219">
         <name>.debug_line</name>
         <load_address>0x29a3</load_address>
         <run_address>0x29a3</run_address>
         <size>0x77</size>
         <input_file_ref idref="fl-cc"/>
      </object_component>
      <object_component id="oc-211">
         <name>.debug_line</name>
         <load_address>0x2a1a</load_address>
         <run_address>0x2a1a</run_address>
         <size>0xa8</size>
         <input_file_ref idref="fl-cd"/>
      </object_component>
      <object_component id="oc-20f">
         <name>.debug_line</name>
         <load_address>0x2ac2</load_address>
         <run_address>0x2ac2</run_address>
         <size>0x8e</size>
         <input_file_ref idref="fl-ce"/>
      </object_component>
      <object_component id="oc-21c">
         <name>.debug_line</name>
         <load_address>0x2b50</load_address>
         <run_address>0x2b50</run_address>
         <size>0x5a</size>
         <input_file_ref idref="fl-cf"/>
      </object_component>
      <object_component id="oc-229">
         <name>.debug_line</name>
         <load_address>0x2baa</load_address>
         <run_address>0x2baa</run_address>
         <size>0x50</size>
         <input_file_ref idref="fl-d0"/>
      </object_component>
      <object_component id="oc-205">
         <name>.debug_line</name>
         <load_address>0x2bfa</load_address>
         <run_address>0x2bfa</run_address>
         <size>0x81</size>
         <input_file_ref idref="fl-d1"/>
      </object_component>
      <object_component id="oc-1eb">
         <name>.debug_line</name>
         <load_address>0x2c7b</load_address>
         <run_address>0x2c7b</run_address>
         <size>0xbf</size>
         <input_file_ref idref="fl-d2"/>
      </object_component>
      <object_component id="oc-120">
         <name>.debug_line</name>
         <load_address>0x2d3a</load_address>
         <run_address>0x2d3a</run_address>
         <size>0x6f</size>
         <input_file_ref idref="fl-d2"/>
      </object_component>
      <object_component id="oc-1ef">
         <name>.debug_line</name>
         <load_address>0x2da9</load_address>
         <run_address>0x2da9</run_address>
         <size>0x2e</size>
         <input_file_ref idref="fl-d2"/>
      </object_component>
      <object_component id="oc-282">
         <name>.debug_line</name>
         <load_address>0x2dd7</load_address>
         <run_address>0x2dd7</run_address>
         <size>0x9a</size>
         <input_file_ref idref="fl-d2"/>
      </object_component>
      <object_component id="oc-1f4">
         <name>.debug_line</name>
         <load_address>0x2e71</load_address>
         <run_address>0x2e71</run_address>
         <size>0x97</size>
         <input_file_ref idref="fl-d2"/>
      </object_component>
      <object_component id="oc-1f9">
         <name>.debug_line</name>
         <load_address>0x2f08</load_address>
         <run_address>0x2f08</run_address>
         <size>0x93</size>
         <input_file_ref idref="fl-d2"/>
      </object_component>
      <object_component id="oc-c9">
         <name>.debug_line</name>
         <load_address>0x2f9b</load_address>
         <run_address>0x2f9b</run_address>
         <size>0x40</size>
         <input_file_ref idref="fl-d3"/>
      </object_component>
      <object_component id="oc-116">
         <name>.debug_line</name>
         <load_address>0x2fdb</load_address>
         <run_address>0x2fdb</run_address>
         <size>0x3c</size>
         <input_file_ref idref="fl-d5"/>
      </object_component>
      <object_component id="oc-2cb">
         <name>.debug_line</name>
         <load_address>0x3017</load_address>
         <run_address>0x3017</run_address>
         <size>0x20</size>
         <input_file_ref idref="fl-d7"/>
      </object_component>
      <object_component id="oc-222">
         <name>.debug_line</name>
         <load_address>0x3037</load_address>
         <run_address>0x3037</run_address>
         <size>0x67</size>
         <input_file_ref idref="fl-d7"/>
      </object_component>
      <object_component id="oc-291">
         <name>.debug_line</name>
         <load_address>0x309e</load_address>
         <run_address>0x309e</run_address>
         <size>0x91</size>
         <input_file_ref idref="fl-d9"/>
      </object_component>
      <object_component id="oc-192">
         <name>.debug_line</name>
         <load_address>0x312f</load_address>
         <run_address>0x312f</run_address>
         <size>0x63</size>
         <input_file_ref idref="fl-d9"/>
      </object_component>
      <object_component id="oc-2c8">
         <name>.debug_line</name>
         <load_address>0x3192</load_address>
         <run_address>0x3192</run_address>
         <size>0x20</size>
         <input_file_ref idref="fl-da"/>
      </object_component>
      <object_component id="oc-28e">
         <name>.debug_line</name>
         <load_address>0x31b2</load_address>
         <run_address>0x31b2</run_address>
         <size>0x2b</size>
         <input_file_ref idref="fl-da"/>
      </object_component>
      <object_component id="oc-2b6">
         <name>.debug_line</name>
         <load_address>0x31dd</load_address>
         <run_address>0x31dd</run_address>
         <size>0x20</size>
         <input_file_ref idref="fl-db"/>
      </object_component>
      <object_component id="oc-1bb">
         <name>.debug_line</name>
         <load_address>0x31fd</load_address>
         <run_address>0x31fd</run_address>
         <size>0x48</size>
         <input_file_ref idref="fl-db"/>
      </object_component>
      <object_component id="oc-2d7">
         <name>.debug_line</name>
         <load_address>0x3245</load_address>
         <run_address>0x3245</run_address>
         <size>0x20</size>
         <input_file_ref idref="fl-dc"/>
      </object_component>
      <object_component id="oc-25b">
         <name>.debug_line</name>
         <load_address>0x3265</load_address>
         <run_address>0x3265</run_address>
         <size>0xb0</size>
         <input_file_ref idref="fl-dc"/>
      </object_component>
      <object_component id="oc-28c">
         <name>.debug_line</name>
         <load_address>0x3315</load_address>
         <run_address>0x3315</run_address>
         <size>0x20</size>
         <input_file_ref idref="fl-dd"/>
      </object_component>
      <object_component id="oc-18d">
         <name>.debug_line</name>
         <load_address>0x3335</load_address>
         <run_address>0x3335</run_address>
         <size>0xb2</size>
         <input_file_ref idref="fl-dd"/>
      </object_component>
      <object_component id="oc-2c1">
         <name>.debug_line</name>
         <load_address>0x33e7</load_address>
         <run_address>0x33e7</run_address>
         <size>0x20</size>
         <input_file_ref idref="fl-de"/>
      </object_component>
      <object_component id="oc-2bf">
         <name>.debug_line</name>
         <load_address>0x3407</load_address>
         <run_address>0x3407</run_address>
         <size>0x2b</size>
         <input_file_ref idref="fl-de"/>
      </object_component>
      <object_component id="oc-1c7">
         <name>.debug_line</name>
         <load_address>0x3432</load_address>
         <run_address>0x3432</run_address>
         <size>0x40</size>
         <input_file_ref idref="fl-de"/>
      </object_component>
      <object_component id="oc-2cd">
         <name>.debug_line</name>
         <load_address>0x3472</load_address>
         <run_address>0x3472</run_address>
         <size>0x20</size>
         <input_file_ref idref="fl-df"/>
      </object_component>
      <object_component id="oc-24f">
         <name>.debug_line</name>
         <load_address>0x3492</load_address>
         <run_address>0x3492</run_address>
         <size>0x5e</size>
         <input_file_ref idref="fl-df"/>
      </object_component>
      <object_component id="oc-2d1">
         <name>.debug_line</name>
         <load_address>0x34f0</load_address>
         <run_address>0x34f0</run_address>
         <size>0x9a</size>
         <input_file_ref idref="fl-df"/>
      </object_component>
      <object_component id="oc-2a9">
         <name>.debug_line</name>
         <load_address>0x358a</load_address>
         <run_address>0x358a</run_address>
         <size>0x97</size>
         <input_file_ref idref="fl-df"/>
      </object_component>
      <object_component id="oc-2d5">
         <name>.debug_line</name>
         <load_address>0x3621</load_address>
         <run_address>0x3621</run_address>
         <size>0x9b</size>
         <input_file_ref idref="fl-e0"/>
      </object_component>
      <object_component id="oc-255">
         <name>.debug_line</name>
         <load_address>0x36bc</load_address>
         <run_address>0x36bc</run_address>
         <size>0x9c</size>
         <input_file_ref idref="fl-e0"/>
      </object_component>
      <object_component id="oc-2bd">
         <name>.debug_line</name>
         <load_address>0x3758</load_address>
         <run_address>0x3758</run_address>
         <size>0x20</size>
         <input_file_ref idref="fl-e1"/>
      </object_component>
      <object_component id="oc-1c3">
         <name>.debug_line</name>
         <load_address>0x3778</load_address>
         <run_address>0x3778</run_address>
         <size>0x46</size>
         <input_file_ref idref="fl-e1"/>
      </object_component>
      <object_component id="oc-2ba">
         <name>.debug_line</name>
         <load_address>0x37be</load_address>
         <run_address>0x37be</run_address>
         <size>0x9a</size>
         <input_file_ref idref="fl-e1"/>
      </object_component>
      <object_component id="oc-263">
         <name>.debug_line</name>
         <load_address>0x3858</load_address>
         <run_address>0x3858</run_address>
         <size>0x91</size>
         <input_file_ref idref="fl-e1"/>
      </object_component>
      <object_component id="oc-293">
         <name>.debug_line</name>
         <load_address>0x38e9</load_address>
         <run_address>0x38e9</run_address>
         <size>0x37</size>
         <input_file_ref idref="fl-e2"/>
      </object_component>
      <object_component id="oc-2b0">
         <name>.debug_line</name>
         <load_address>0x3920</load_address>
         <run_address>0x3920</run_address>
         <size>0x48</size>
         <input_file_ref idref="fl-e3"/>
      </object_component>
      <object_component id="oc-9c">
         <name>.debug_frame</name>
         <load_address>0x0</load_address>
         <run_address>0x0</run_address>
         <size>0x6c</size>
         <input_file_ref idref="fl-2"/>
      </object_component>
      <object_component id="oc-95">
         <name>.debug_frame</name>
         <load_address>0x6c</load_address>
         <run_address>0x6c</run_address>
         <size>0x23c</size>
         <input_file_ref idref="fl-3"/>
      </object_component>
      <object_component id="oc-ee">
         <name>.debug_frame</name>
         <load_address>0x2a8</load_address>
         <run_address>0x2a8</run_address>
         <size>0x84</size>
         <input_file_ref idref="fl-4"/>
      </object_component>
      <object_component id="oc-3e">
         <name>.debug_frame</name>
         <load_address>0x32c</load_address>
         <run_address>0x32c</run_address>
         <size>0x70</size>
         <input_file_ref idref="fl-5"/>
      </object_component>
      <object_component id="oc-29">
         <name>.debug_frame</name>
         <load_address>0x39c</load_address>
[...]
            </allocated_space>
            <allocated_space>
               <start_address>0x20001000</start_address>
               <size>0x30f</size>
               <logical_group_ref idref="lg-b"/>
            </allocated_space>
            <available_space>
               <start_address>0x2000130f</start_address>
               <size>0x1</size>
            </available_space>
            <allocated_space>
               <start_address>0x20001310</start_address>
               <size>0xc</size>
               <logical_group_ref idref="lg-a"/>
            </allocated_space>
            <available_space>
               <start_address>0x2000131c</start_address>
               <size>0x6ce4</size>
            </available_space>
         </usage_details>
      </memory_area>
   </placement_map>
   <cptbl_list>
      <cptbl>
         <name>__TI_cinit_table</name>
         <cprec>
            <name>.data</name>
            <load_address>0x3360</load_address>
            <load_size>0xc</load_size>
            <run_address>0x20001310</run_address>
            <run_size>0xc</run_size>
            <compression>lzss</compression>
         </cprec>
         <cprec>
            <name>.bss</name>
            <load_address>0x3378</load_address>
            <load_size>0x8</load_size>
            <run_address>0x20001000</run_address>
            <run_size>0x30f</run_size>
            <compression>zero_init</compression>
         </cprec>
      </cptbl>
   </cptbl_list>
   <handler_table>
      <handler_table_name>__TI_handler_table</handler_table_name>
      <handler>
         <index>0x0</index>
         <name>__TI_decompress_lzss</name>
      </handler>
      <handler>
         <index>0x1</index>
         <name>__TI_decompress_none</name>
      </handler>
      <handler>
         <index>0x2</index>
         <name>__TI_zero_init</name>
      </handler>
   </handler_table>
   <symbol_table>
      <symbol id="sm-1">
         <name>__STACK_TOP</name>
         <value>0x20000200</value>
      </symbol>
      <symbol id="sm-2">
         <name>__start___llvm_prf_cnts</name>
         <value>0x20000000</value>
      </symbol>
      <symbol id="sm-3">
         <name>__stop___llvm_prf_cnts</name>
         <value>0x20000000</value>
      </symbol>
      <symbol id="sm-4">
         <name>__TI_CINIT_Base</name>
         <value>0x3380</value>
      </symbol>
      <symbol id="sm-5">
         <name>__TI_CINIT_Limit</name>
         <value>0x3390</value>
      </symbol>
      <symbol id="sm-6">
         <name>__TI_Handler_Table_Base</name>
         <value>0x336c</value>
      </symbol>
      <symbol id="sm-7">
         <name>__TI_Handler_Table_Limit</name>
         <value>0x3378</value>
      </symbol>
      <symbol id="sm-8">
         <name>binit</name>
         <value>0xffffffff</value>
      </symbol>
      <symbol id="sm-9">
         <name>__binit__</name>
         <value>0xffffffff</value>
      </symbol>
      <symbol id="sm-a">
         <name>__STACK_SIZE</name>
         <value>0x1000</value>
      </symbol>
      <symbol id="sm-b">
         <name>__STACK_END</name>
         <value>0x20001000</value>
      </symbol>
      <symbol id="sm-c">
         <name>__c_args__</name>
         <value>0xffffffff</value>
      </symbol>
      <symbol id="sm-d">
         <name>__TI_pprof_out_hndl</name>
         <value>0xffffffff</value>
      </symbol>
      <symbol id="sm-e">
         <name>__TI_prof_data_start</name>
         <value>0xffffffff</value>
      </symbol>
      <symbol id="sm-f">
         <name>__TI_prof_data_size</name>
         <value>0xffffffff</value>
      </symbol>
      <symbol id="sm-63">
         <name>initLEDPWM</name>
         <value>0x2185</value>
         <object_component_ref idref="oc-97"/>
      </symbol>
      <symbol id="sm-64">
         <name>setLEDPWM</name>
         <value>0x2251</value>
         <object_component_ref idref="oc-97"/>
      </symbol>
      <symbol id="sm-11b">
         <name>dataTable</name>
         <value>0x20001000</value>
      </symbol>
      <symbol id="sm-11c">
         <name>hr</name>
         <value>0x2000130b</value>
      </symbol>
      <symbol id="sm-11d">
         <name>min</name>
         <value>0x2000130c</value>
      </symbol>
      <symbol id="sm-11e">
         <name>sec</name>
         <value>0x2000130e</value>
      </symbol>
      <symbol id="sm-11f">
         <name>mth</name>
         <value>0x2000130d</value>
      </symbol>
      <symbol id="sm-120">
         <name>day</name>
         <value>0x2000130a</value>
      </symbol>
      <symbol id="sm-121">
         <name>phase</name>
         <value>0x20001308</value>
      </symbol>
      <symbol id="sm-122">
         <name>MODE</name>
         <value>0x20001304</value>
      </symbol>
      <symbol id="sm-123">
         <name>clear</name>
         <value>0x11d3</value>
         <object_component_ref idref="oc-91"/>
      </symbol>
      <symbol id="sm-124">
         <name>getTime</name>
         <value>0x10cb</value>
         <object_component_ref idref="oc-91"/>
      </symbol>
      <symbol id="sm-125">
         <name>initHw</name>
         <value>0xcbd</value>
         <object_component_ref idref="oc-91"/>
      </symbol>
      <symbol id="sm-126">
         <name>isCommand</name>
         <value>0x103f</value>
         <object_component_ref idref="oc-91"/>
      </symbol>
      <symbol id="sm-127">
         <name>getFieldString</name>
         <value>0xecd</value>
         <object_component_ref idref="oc-91"/>
      </symbol>
      <symbol id="sm-128">
         <name>addTask</name>
         <value>0x10f5</value>
         <object_component_ref idref="oc-91"/>
      </symbol>
      <symbol id="sm-129">
         <name>startDMX_TX</name>
         <value>0x1209</value>
         <object_component_ref idref="oc-91"/>
      </symbol>
      <symbol id="sm-12a">
         <name>ON</name>
         <value>0x20001312</value>
         <object_component_ref idref="oc-a0"/>
      </symbol>
      <symbol id="sm-12b">
         <name>parseFields</name>
         <value>0xd91</value>
         <object_component_ref idref="oc-91"/>
      </symbol>
      <symbol id="sm-12c">
         <name>getData</name>
         <value>0x108f</value>
         <object_component_ref idref="oc-91"/>
      </symbol>
      <symbol id="sm-12d">
         <name>getDate</name>
         <value>0x10e9</value>
         <object_component_ref idref="oc-91"/>
      </symbol>
      <symbol id="sm-12e">
         <name>getFieldInteger</name>
         <value>0x1005</value>
         <object_component_ref idref="oc-91"/>
      </symbol>
      <symbol id="sm-12f">
         <name>stringCompare</name>
         <value>0xf69</value>
         <object_component_ref idref="oc-91"/>
      </symbol>
      <symbol id="sm-130">
         <name>main</name>
         <value>0x1239</value>
         <object_component_ref idref="oc-91"/>
      </symbol>
      <symbol id="sm-131">
         <name>setTime</name>
         <value>0x10b7</value>
         <object_component_ref idref="oc-91"/>
      </symbol>
      <symbol id="sm-132">
         <name>deviceMode</name>
         <value>0x1153</value>
         <object_component_ref idref="oc-91"/>
      </symbol>
      <symbol id="sm-133">
         <name>controllerMode</name>
         <value>0x110d</value>
         <object_component_ref idref="oc-91"/>
      </symbol>
      <symbol id="sm-134">
         <name>devAddr</name>
         <value>0x20001314</value>
         <object_component_ref idref="oc-a0"/>
      </symbol>
      <symbol id="sm-135">
         <name>alphabetToInteger</name>
         <value>0xefd</value>
         <object_component_ref idref="oc-91"/>
      </symbol>
      <symbol id="sm-136">
         <name>setData</name>
         <value>0x1073</value>
         <object_component_ref idref="oc-91"/>
      </symbol>
      <symbol id="sm-137">
         <name>setDate</name>
         <value>0x10d9</value>
         <object_component_ref idref="oc-91"/>
      </symbol>
      <symbol id="sm-138">
         <name>max</name>
         <value>0x20001310</value>
         <object_component_ref idref="oc-a0"/>
      </symbol>
      <symbol id="sm-139">
         <name>getsUart0</name>
         <value>0xd13</value>
         <object_component_ref idref="oc-91"/>
      </symbol>
      <symbol id="sm-14d">
         <name>writeEeprom</name>
         <value>0x2cab</value>
         <object_component_ref idref="oc-e9"/>
      </symbol>
      <symbol id="sm-14e">
         <name>initEeprom</name>
         <value>0x2c95</value>
         <object_component_ref idref="oc-e9"/>
      </symbol>
      <symbol id="sm-14f">
         <name>readEeprom</name>
         <value>0x2cdd</value>
         <object_component_ref idref="oc-e9"/>
      </symbol>
      <symbol id="sm-16d">
         <name>timer1ISR</name>
         <value>0x27fb</value>
         <object_component_ref idref="oc-39"/>
      </symbol>
      <symbol id="sm-16e">
         <name>initTimer1</name>
         <value>0x2799</value>
         <object_component_ref idref="oc-39"/>
      </symbol>
      <symbol id="sm-18a">
         <name>ResetISR</name>
         <value>0x3237</value>
         <object_component_ref idref="oc-27"/>
      </symbol>
      <symbol id="sm-18b">
         <name>g_pfnVectors</name>
         <value>0x0</value>
         <object_component_ref idref="oc-12"/>
      </symbol>
      <symbol id="sm-1cd">
         <name>TXBuffer</name>
         <value>0x20001204</value>
      </symbol>
      <symbol id="sm-1ce">
         <name>getcUart0</name>
         <value>0x17fb</value>
         <object_component_ref idref="oc-2d"/>
      </symbol>
      <symbol id="sm-1cf">
         <name>readIndex</name>
         <value>0x20001316</value>
         <object_component_ref idref="oc-83"/>
      </symbol>
      <symbol id="sm-1d0">
         <name>uart0ISR</name>
         <value>0x18bd</value>
         <object_component_ref idref="oc-2d"/>
      </symbol>
      <symbol id="sm-1d1">
         <name>kbhitUart0</name>
         <value>0x180f</value>
         <object_component_ref idref="oc-2d"/>
      </symbol>
      <symbol id="sm-1d2">
         <name>setUart0BaudRate</name>
         <value>0x1787</value>
         <object_component_ref idref="oc-2d"/>
      </symbol>
      <symbol id="sm-1d3">
         <name>displayUart0</name>
         <value>0x1829</value>
         <object_component_ref idref="oc-2d"/>
      </symbol>
      <symbol id="sm-1d4">
         <name>putsUart0</name>
         <value>0x17cf</value>
         <object_component_ref idref="oc-2d"/>
      </symbol>
      <symbol id="sm-1d5">
         <name>initUart0</name>
         <value>0x16e9</value>
         <object_component_ref idref="oc-2d"/>
      </symbol>
      <symbol id="sm-1d6">
         <name>putcUart0</name>
         <value>0x17b3</value>
         <object_component_ref idref="oc-2d"/>
      </symbol>
      <symbol id="sm-1d7">
         <name>writeIndex</name>
         <value>0x20001317</value>
         <object_component_ref idref="oc-83"/>
      </symbol>
      <symbol id="sm-208">
         <name>uart1ISR</name>
         <value>0x1cc9</value>
         <object_component_ref idref="oc-33"/>
      </symbol>
      <symbol id="sm-209">
         <name>initUart1</name>
         <value>0x1bed</value>
         <object_component_ref idref="oc-33"/>
      </symbol>
      <symbol id="sm-20a">
         <name>sendByteUart1</name>
         <value>0x1cad</value>
         <object_component_ref idref="oc-33"/>
      </symbol>
      <symbol id="sm-20b">
         <name>setUart1BaudRate</name>
         <value>0x1c81</value>
         <object_component_ref idref="oc-33"/>
      </symbol>
      <symbol id="sm-233">
         <name>sprintf</name>
         <value>0x30a1</value>
         <object_component_ref idref="oc-e3"/>
      </symbol>
      <symbol id="sm-24e">
         <name>memcpy</name>
         <value>0x2a57</value>
         <object_component_ref idref="oc-4d"/>
      </symbol>
      <symbol id="sm-24f">
         <name>__aeabi_memcpy</name>
         <value>0x2a57</value>
         <object_component_ref idref="oc-4d"/>
      </symbol>
      <symbol id="sm-250">
         <name>__aeabi_memcpy8</name>
         <value>0x2a57</value>
         <object_component_ref idref="oc-4d"/>
      </symbol>
      <symbol id="sm-251">
         <name>__aeabi_memcpy4</name>
         <value>0x2a57</value>
         <object_component_ref idref="oc-4d"/>
      </symbol>
      <symbol id="sm-26a">
         <name>__TI_zero_init_nomemset</name>
         <value>0x3183</value>
         <object_component_ref idref="oc-59"/>
      </symbol>
      <symbol id="sm-281">
         <name>__TI_decompress_none</name>
         <value>0x3229</value>
         <object_component_ref idref="oc-1b"/>
      </symbol>
      <symbol id="sm-2a4">
         <name>__TI_decompress_lzss</name>
         <value>0x2e01</value>
         <object_component_ref idref="oc-15"/>
      </symbol>
      <symbol id="sm-2b7">
         <name>__stack</name>
         <value>0x20000000</value>
         <object_component_ref idref="oc-24"/>
      </symbol>
      <symbol id="sm-2b8">
         <name>_c_int00_noargs</name>
         <value>0x3121</value>
         <object_component_ref idref="oc-6b"/>
      </symbol>
      <symbol id="sm-41d">
         <name>__TI_printfi</name>
         <value>0x26d</value>
         <object_component_ref idref="oc-14f"/>
      </symbol>
      <symbol id="sm-42c">
         <name>__aeabi_memset</name>
         <value>0x2d1b</value>
         <object_component_ref idref="oc-c2"/>
      </symbol>
      <symbol id="sm-42d">
         <name>memset</name>
         <value>0x2d21</value>
         <object_component_ref idref="oc-c2"/>
      </symbol>
      <symbol id="sm-42e">
         <name>__aeabi_memset8</name>
         <value>0x2d1b</value>
         <object_component_ref idref="oc-c2"/>
      </symbol>
      <symbol id="sm-42f">
         <name>__aeabi_memset4</name>
         <value>0x2d1b</value>
         <object_component_ref idref="oc-c2"/>
      </symbol>
      <symbol id="sm-430">
         <name>__aeabi_memclr8</name>
         <value>0x2d19</value>
         <object_component_ref idref="oc-c2"/>
      </symbol>
      <symbol id="sm-431">
         <name>__aeabi_memclr4</name>
         <value>0x2d19</value>
         <object_component_ref idref="oc-c2"/>
      </symbol>
      <symbol id="sm-432">
         <name>__aeabi_memclr</name>
         <value>0x2d19</value>
         <object_component_ref idref="oc-c2"/>
      </symbol>
      <symbol id="sm-449">
         <name>__aeabi_dsub</name>
         <value>0x1fcd</value>
         <object_component_ref idref="oc-22a"/>
      </symbol>
      <symbol id="sm-44a">
         <name>__aeabi_dadd</name>
         <value>0x1fd7</value>
         <object_component_ref idref="oc-22a"/>
      </symbol>
      <symbol id="sm-46c">
         <name>__aeabi_cdcmpeq</name>
         <value>0x2b89</value>
         <object_component_ref idref="oc-19d"/>
      </symbol>
      <symbol id="sm-46d">
         <name>__aeabi_cdcmple</name>
         <value>0x2b89</value>
         <object_component_ref idref="oc-19d"/>
      </symbol>
      <symbol id="sm-46e">
         <name>__aeabi_cdrcmple</name>
         <value>0x2c0f</value>
         <object_component_ref idref="oc-215"/>
      </symbol>
      <symbol id="sm-482">
         <name>__aeabi_ddiv</name>
         <value>0x242d</value>
         <object_component_ref idref="oc-210"/>
      </symbol>
      <symbol id="sm-48d">
         <name>__aeabi_dmul</name>
         <value>0x28a9</value>
         <object_component_ref idref="oc-20b"/>
      </symbol>
      <symbol id="sm-497">
         <name>__aeabi_d2iz</name>
         <value>0x3015</value>
         <object_component_ref idref="oc-21a"/>
      </symbol>
      <symbol id="sm-4a1">
         <name>__aeabi_i2d</name>
         <value>0x3155</value>
         <object_component_ref idref="oc-225"/>
      </symbol>
      <symbol id="sm-4ae">
         <name>__aeabi_uldivmod</name>
         <value>0x2af3</value>
         <object_component_ref idref="oc-204"/>
      </symbol>
      <symbol id="sm-4d6">
         <name>__TI_auto_init_nobinit_nopinit</name>
         <value>0x305d</value>
         <object_component_ref idref="oc-11d"/>
      </symbol>
      <symbol id="sm-4e0">
         <name>_system_pre_init</name>
         <value>0x3255</value>
         <object_component_ref idref="oc-c8"/>
      </symbol>
      <symbol id="sm-4ec">
         <name>C$$EXIT</name>
         <value>0x3259</value>
         <object_component_ref idref="oc-111"/>
      </symbol>
      <symbol id="sm-4ed">
         <name>abort</name>
         <value>0x3259</value>
         <object_component_ref idref="oc-111"/>
      </symbol>
      <symbol id="sm-4fd">
         <name>__TI_ltoa</name>
         <value>0x2f23</value>
         <object_component_ref idref="oc-21f"/>
      </symbol>
      <symbol id="sm-514">
         <name>atoi</name>
         <value>0x2fc9</value>
         <object_component_ref idref="oc-191"/>
      </symbol>
      <symbol id="sm-51f">
         <name>_ctypes_</name>
         <value>0x325c</value>
         <object_component_ref idref="oc-1ff"/>
      </symbol>
      <symbol id="sm-52f">
         <name>memccpy</name>
         <value>0x319f</value>
         <object_component_ref idref="oc-1ba"/>
      </symbol>
      <symbol id="sm-53f">
         <name>strchr</name>
         <value>0x31ed</value>
         <object_component_ref idref="oc-256"/>
      </symbol>
      <symbol id="sm-54d">
         <name>strlen</name>
         <value>0x3203</value>
         <object_component_ref idref="oc-18b"/>
      </symbol>
      <symbol id="sm-563">
         <name>__aeabi_errno_addr</name>
         <value>0x324d</value>
         <object_component_ref idref="oc-1c6"/>
      </symbol>
      <symbol id="sm-564">
         <name>errno</name>
         <value>0x20001318</value>
         <object_component_ref idref="oc-266"/>
      </symbol>
      <symbol id="sm-584">
         <name>frexpl</name>
         <value>0x2e69</value>
         <object_component_ref idref="oc-24a"/>
      </symbol>
      <symbol id="sm-585">
         <name>frexp</name>
         <value>0x2e69</value>
         <object_component_ref idref="oc-24a"/>
      </symbol>
      <symbol id="sm-5a2">
         <name>scalbn</name>
         <value>0x2689</value>
         <object_component_ref idref="oc-250"/>
      </symbol>
      <symbol id="sm-5a3">
         <name>scalbnl</name>
         <value>0x2689</value>
         <object_component_ref idref="oc-250"/>
      </symbol>
      <symbol id="sm-5a4">
         <name>ldexpl</name>
         <value>0x2689</value>
         <object_component_ref idref="oc-250"/>
      </symbol>
      <symbol id="sm-5a5">
         <name>ldexp</name>
         <value>0x2689</value>
         <object_component_ref idref="oc-250"/>
      </symbol>
      <symbol id="sm-5be">
         <name>wcslen</name>
         <value>0x3217</value>
         <object_component_ref idref="oc-1c0"/>
      </symbol>
      <symbol id="sm-5c8">
         <name>__aeabi_idiv0</name>
         <value>0xcbb</value>
         <object_component_ref idref="oc-292"/>
      </symbol>
      <symbol id="sm-5c9">
         <name>__aeabi_ldiv0</name>
         <value>0xcbb</value>
         <object_component_ref idref="oc-292"/>
      </symbol>
      <symbol id="sm-5d3">
         <name>copysign</name>
         <value>0x31bb</value>
         <object_component_ref idref="oc-2ab"/>
      </symbol>
      <symbol id="sm-5d4">
         <name>copysignl</name>
         <value>0x31bb</value>
         <object_component_ref idref="oc-2ab"/>
      </symbol>
      <symbol id="sm-5d5">
         <name>__TI_static_base__</name>
         <value>0x0</value>
      </symbol>
      <symbol id="sm-5d8">
         <name>__mpu_init</name>
         <value>0x0</value>
      </symbol>
      <symbol id="sm-5d9">
         <name>_system_post_cinit</name>
         <value>0x0</value>
      </symbol>
   </symbol_table>
   <title>Link successful</title>
</link_info>
