******************************************************************************
                  TI ARM Linker PC v20.2.1                     
******************************************************************************
>> Linked Thu Nov 12 14:59:05 2020

OUTPUT FILE NAME:   <DMX512Project.out>
ENTRY POINT SYMBOL: "_c_int00_noargs"  address: 00003005


MEMORY CONFIGURATION

         name            origin    length      used     unused   attr    fill
----------------------  --------  ---------  --------  --------  ----  --------
  FLASH                 00000000   00040000  00003271  0003cd8f  R  X
  SRAM                  20000000   00008000  0000131b  00006ce5  RW X


SEGMENT ALLOCATION MAP

run origin  load origin   length   init length attrs members
----------  ----------- ---------- ----------- ----- -------
00000000    00000000    00003278   00003278    r-x
  00000000    00000000    0000026c   0000026c    r-- .intvecs
  0000026c    0000026c    00002ed4   00002ed4    r-x .text
  00003140    00003140    00000101   00000101    r-- .const
  00003248    00003248    00000030   00000030    r-- .cinit
20000000    20000000    0000131c   00000000    rw-
  20000000    20000000    00001000   00000000    rw- .stack
  20001000    20001000    0000030f   00000000    rw- .bss
  20001310    20001310    0000000c   00000000    rw- .data


SECTION ALLOCATION MAP

 output                                  attributes/
section   page    origin      length       input sections
--------  ----  ----------  ----------   ----------------
.intvecs   0    00000000    0000026c     
                  00000000    0000026c     tm4c123gh6pm_startup_ccs.obj (.intvecs)

.text      0    0000026c    00002ed4     
                  0000026c    00000a4e     rtsv7M4_T_le_v4SPD16_eabi.lib : _printfi.c.obj (.text:__TI_printfi)
                  00000cba    00000002                                   : div0.asm.obj (.text)
                  00000cbc    00000928     dmxData.obj (.text)
                  000015e4    00000294     uart0.obj (.text)
                  00001878    00000270     rtsv7M4_T_le_v4SPD16_eabi.lib : _printfi.c.obj (.text:_pconv_a)
                  00001ae8    000001f8     uart1.obj (.text)
                  00001ce0    000001d0     rtsv7M4_T_le_v4SPD16_eabi.lib : _printfi.c.obj (.text:_pconv_g)
                  00001eb0    000001b6                                   : fd_add_t2.asm.obj (.text)
                  00002066    00000002     --HOLE-- [fill = 0]
                  00002068    0000016c     PWM.obj (.text)
                  000021d4    0000013c     rtsv7M4_T_le_v4SPD16_eabi.lib : _printfi.c.obj (.text:_pconv_e)
                  00002310    00000136                                   : fd_div_t2.asm.obj (.text)
                  00002446    00000002     --HOLE-- [fill = 0]
                  00002448    00000124                                   : _printfi.c.obj (.text:fcvt)
                  0000256c    00000110                                   : s_scalbn.c.obj (.text:scalbn)
                  0000267c    00000110     timer1.obj (.text)
                  0000278c    000000fc     rtsv7M4_T_le_v4SPD16_eabi.lib : fd_mul_t2.asm.obj (.text)
                  00002888    000000b1                                   : _printfi.c.obj (.text:_ltostr)
                  00002939    00000001     --HOLE-- [fill = 0]
                  0000293a    0000009c                                   : memcpy_t2.asm.obj (.text)
                  000029d6    00000096                                   : ull_div_t2.asm.obj (.text)
                  00002a6c    00000086                                   : fd_cmp_t2.asm.obj (.text:__aeabi_cdcmple)
                  00002af2    00000086                                   : fd_cmp_t2.asm.obj (.text:__aeabi_cdrcmple)
                  00002b78    00000084     eeprom.obj (.text)
                  00002bfc    0000007a     rtsv7M4_T_le_v4SPD16_eabi.lib : memset_t2.asm.obj (.text)
                  00002c76    0000006e                                   : _printfi.c.obj (.text:_mcpy)
                  00002ce4    00000068                                   : copy_decompress_lzss.c.obj (.text:decompress:lzss:__TI_decompress_lzss)
                  00002d4c    00000064                                   : s_frexp.c.obj (.text:frexp)
                  00002db0    00000056                                   : _printfi.c.obj (.text:_pconv_f)
                  00002e06    00000054                                   : _ltoa.c.obj (.text:__TI_ltoa)
                  00002e5a    00000052                                   : _printfi.c.obj (.text:_ecpy)
                  00002eac    0000004c                                   : atoi.c.obj (.text:atoi)
                  00002ef8    00000048                                   : fd_toi_t2.asm.obj (.text)
                  00002f40    00000044                                   : autoinit.c.obj (.text:__TI_auto_init_nobinit_nopinit:__TI_auto_init_nobinit_nopinit)
                  00002f84    00000040                                   : sprintf.c.obj (.text:sprintf)
                  00002fc4    0000003e                                   : _printfi.c.obj (.text:_fcpy)
                  00003002    00000002     --HOLE-- [fill = 0]
                  00003004    00000034                                   : boot_cortex_m.c.obj (.text:_c_int00_noargs:_c_int00_noargs)
                  00003038    0000002e                                   : i_tofd_t2.asm.obj (.text)
                  00003066    0000001c                                   : copy_zero_init.c.obj (.text:decompress:ZI:__TI_zero_init_nomemset:__TI_zero_init_nomemset)
                  00003082    0000001c                                   : memccpy.c.obj (.text:memccpy)
                  0000309e    0000001a                                   : s_copysign.c.obj (.text:copysign)
                  000030b8    00000018                                   : sprintf.c.obj (.text:_outs)
                  000030d0    00000016                                   : strchr.c.obj (.text:strchr)
                  000030e6    00000014                                   : strlen.c.obj (.text:strlen)
                  000030fa    00000012                                   : wcslen.c.obj (.text:wcslen)
                  0000310c    0000000e                                   : copy_decompress_none.c.obj (.text:decompress:none:__TI_decompress_none)
                  0000311a    0000000c     tm4c123gh6pm_startup_ccs.obj (.text)
                  00003126    0000000a     rtsv7M4_T_le_v4SPD16_eabi.lib : sprintf.c.obj (.text:_outc)
                  00003130    00000008                                   : errno.c.obj (.text:__aeabi_errno_addr)
                  00003138    00000004                                   : pre_init.c.obj (.text:_system_pre_init)
                  0000313c    00000004                                   : exit.c.obj (.text:abort:abort)

.const     0    00003140    00000101     
                  00003140    00000101     rtsv7M4_T_le_v4SPD16_eabi.lib : ctype.c.obj (.const:.string:_ctypes_)

.cinit     0    00003248    00000030     
                  00003248    0000000c     (.cinit..data.load) [load image, compression = lzss]
                  00003254    0000000c     (__TI_handler_table)
                  00003260    00000008     (.cinit..bss.load) [load image, compression = zero_init]
                  00003268    00000010     (__TI_cinit_table)

.init_array 
*          0    00000000    00000000     UNINITIALIZED

.bss       0    20001000    0000030f     UNINITIALIZED
                  20001000    00000204     (.common:dataTable)
                  20001204    00000100     (.common:TXBuffer)
                  20001304    00000004     (.common:MODE)
                  20001308    00000002     (.common:phase)
                  2000130a    00000001     (.common:day)
                  2000130b    00000001     (.common:hr)
                  2000130c    00000001     (.common:min)
                  2000130d    00000001     (.common:mth)
                  2000130e    00000001     (.common:sec)

.data      0    20001310    0000000c     UNINITIALIZED
                  20001310    00000006     dmxData.obj (.data)
                  20001316    00000002     uart0.obj (.data)
                  20001318    00000004     rtsv7M4_T_le_v4SPD16_eabi.lib : errno.c.obj (.data)

.stack     0    20000000    00001000     UNINITIALIZED
                  20000000    00000004     rtsv7M4_T_le_v4SPD16_eabi.lib : boot_cortex_m.c.obj (.stack)
                  20000004    00000ffc     --HOLE--

__llvm_prf_cnts 
*          0    20000000    00000000     UNINITIALIZED

MODULE SUMMARY

       Module                         code    ro data   rw data
       ------                         ----    -------   -------
    .\
       dmxData.obj                    2344    0         533    
       uart0.obj                      660     0         258    
       tm4c123gh6pm_startup_ccs.obj   12      620       0      
       uart1.obj                      504     0         0      
       PWM.obj                        364     0         0      
       timer1.obj                     272     0         0      
       eeprom.obj                     132     0         0      
    +--+------------------------------+-------+---------+---------+
       Total:                         4288    620       791    
                                                               
    C:\ti\ccs1011\ccs\tools\compiler\ti-cgt-arm_20.2.1.LTS\lib\rtsv7M4_T_le_v4SPD16_eabi.lib
       _printfi.c.obj                 4851    0         0      
       fd_add_t2.asm.obj              438     0         0      
       fd_div_t2.asm.obj              310     0         0      
       s_scalbn.c.obj                 272     0         0      
       fd_cmp_t2.asm.obj              268     0         0      
       ctype.c.obj                    0       257       0      
       fd_mul_t2.asm.obj              252     0         0      
       memcpy_t2.asm.obj              156     0         0      
       ull_div_t2.asm.obj             150     0         0      
       memset_t2.asm.obj              122     0         0      
       copy_decompress_lzss.c.obj     104     0         0      
       s_frexp.c.obj                  100     0         0      
       sprintf.c.obj                  98      0         0      
       _ltoa.c.obj                    84      0         0      
       atoi.c.obj                     76      0         0      
       fd_toi_t2.asm.obj              72      0         0      
       autoinit.c.obj                 68      0         0      
       boot_cortex_m.c.obj            52      0         0      
       i_tofd_t2.asm.obj              46      0         0      
       copy_zero_init.c.obj           28      0         0      
       memccpy.c.obj                  28      0         0      
       s_copysign.c.obj               26      0         0      
       strchr.c.obj                   22      0         0      
       strlen.c.obj                   20      0         0      
       wcslen.c.obj                   18      0         0      
       copy_decompress_none.c.obj     14      0         0      
       errno.c.obj                    8       0         4      
       exit.c.obj                     4       0         0      
       pre_init.c.obj                 4       0         0      
       div0.asm.obj                   2       0         0      
    +--+------------------------------+-------+---------+---------+
       Total:                         7693    257       4      
                                                               
       Stack:                         0       0         4096   
       Linker Generated:              0       48        0      
    +--+------------------------------+-------+---------+---------+
       Grand Total:                   11981   925       4891   


LINKER GENERATED COPY TABLES

__TI_cinit_table @ 00003268 records: 2, size/record: 8, table size: 16
	.data: load addr=00003248, load size=0000000c bytes, run addr=20001310, run size=0000000c bytes, compression=lzss
	.bss: load addr=00003260, load size=00000008 bytes, run addr=20001000, run size=0000030f bytes, compression=zero_init


LINKER GENERATED HANDLER TABLE

__TI_handler_table @ 00003254 records: 3, size/record: 4, table size: 12
	index: 0, handler: __TI_decompress_lzss
	index: 1, handler: __TI_decompress_none
	index: 2, handler: __TI_zero_init


GLOBAL SYMBOLS: SORTED ALPHABETICALLY BY Name 

address   name                          
-------   ----                          
0000313d  C$$EXIT                       
20001304  MODE                          
20001312  ON                            
0000311b  ResetISR                      
20001204  TXBuffer                      
20001000  __STACK_END                   
00001000  __STACK_SIZE                  
20000200  __STACK_TOP                   
00003268  __TI_CINIT_Base               
00003278  __TI_CINIT_Limit              
00003254  __TI_Handler_Table_Base       
00003260  __TI_Handler_Table_Limit      
00002f41  __TI_auto_init_nobinit_nopinit
00002ce5  __TI_decompress_lzss          
0000310d  __TI_decompress_none          
00002e07  __TI_ltoa                     
ffffffff  __TI_pprof_out_hndl           
0000026d  __TI_printfi                  
ffffffff  __TI_prof_data_size           
ffffffff  __TI_prof_data_start          
00000000  __TI_static_base__            
00003067  __TI_zero_init_nomemset       
00002a6d  __aeabi_cdcmpeq               
00002a6d  __aeabi_cdcmple               
00002af3  __aeabi_cdrcmple              
00002ef9  __aeabi_d2iz                  
00001ebb  __aeabi_dadd                  
00002311  __aeabi_ddiv                  
0000278d  __aeabi_dmul                  
00001eb1  __aeabi_dsub                  
00003131  __aeabi_errno_addr            
00003039  __aeabi_i2d                   
00000cbb  __aeabi_idiv0                 
00000cbb  __aeabi_ldiv0                 
00002bfd  __aeabi_memclr                
00002bfd  __aeabi_memclr4               
00002bfd  __aeabi_memclr8               
0000293b  __aeabi_memcpy                
0000293b  __aeabi_memcpy4               
0000293b  __aeabi_memcpy8               
00002bff  __aeabi_memset                
00002bff  __aeabi_memset4               
00002bff  __aeabi_memset8               
000029d7  __aeabi_uldivmod              
ffffffff  __binit__                     
ffffffff  __c_args__                    
UNDEFED   __mpu_init                    
20000000  __stack                       
20000000  __start___llvm_prf_cnts       
20000000  __stop___llvm_prf_cnts        
00003005  _c_int00_noargs               
00003140  _ctypes_                      
UNDEFED   _system_post_cinit            
00003139  _system_pre_init              
0000313d  abort                         
000010d9  addTask                       
00000efd  alphabetToInteger             
00002ead  atoi                          
ffffffff  binit                         
00001193  clear                         
000010f1  controllerMode                
0000309f  copysign                      
0000309f  copysignl                     
20001000  dataTable                     
2000130a  day                           
20001314  devAddr                       
0000112f  deviceMode                    
00001725  displayUart0                  
20001318  errno                         
00002d4d  frexp                         
00002d4d  frexpl                        
00000000  g_pfnVectors                  
0000108f  getData                       
000010cd  getDate                       
00001005  getFieldInteger               
00000ecd  getFieldString                
000010af  getTime                       
000016f7  getcUart0                     
00000d13  getsUart0                     
2000130b  hr                            
00002b79  initEeprom                    
00000cbd  initHw                        
00002069  initLEDPWM                    
0000267d  initTimer1                    
000015e5  initUart0                     
00001ae9  initUart1                     
0000103f  isCommand                     
0000170b  kbhitUart0                    
0000256d  ldexp                         
0000256d  ldexpl                        
000011f5  main                          
20001310  max                           
00003083  memccpy                       
0000293b  memcpy                        
00002c05  memset                        
2000130c  min                           
2000130d  mth                           
00000d91  parseFields                   
20001308  phase                         
000016af  putcUart0                     
000016cb  putsUart0                     
00002bc1  readEeprom                    
20001316  readIndex                     
0000256d  scalbn                        
0000256d  scalbnl                       
2000130e  sec                           
00001ba9  sendByteUart1                 
00001073  setData                       
000010bd  setDate                       
00002135  setLEDPWM                     
0000109b  setTime                       
00001683  setUart0BaudRate              
00001b7d  setUart1BaudRate              
00002f85  sprintf                       
000011c9  startDMX_TX                   
000030d1  strchr                        
00000f69  stringCompare                 
000030e7  strlen                        
000026df  timer1ISR                     
000017b9  uart0ISR                      
00001bc5  uart1ISR                      
000030fb  wcslen                        
00002b8f  writeEeprom                   
20001317  writeIndex                    


GLOBAL SYMBOLS: SORTED BY Symbol Address 

address   name                          
-------   ----                          
00000000  __TI_static_base__            
00000000  g_pfnVectors                  
0000026d  __TI_printfi                  
00000cbb  __aeabi_idiv0                 
00000cbb  __aeabi_ldiv0                 
00000cbd  initHw                        
00000d13  getsUart0                     
00000d91  parseFields                   
00000ecd  getFieldString                
00000efd  alphabetToInteger             
00000f69  stringCompare                 
00001000  __STACK_SIZE                  
00001005  getFieldInteger               
0000103f  isCommand                     
00001073  setData                       
0000108f  getData                       
0000109b  setTime                       
000010af  getTime                       
000010bd  setDate                       
000010cd  getDate                       
000010d9  addTask                       
000010f1  controllerMode                
0000112f  deviceMode                    
00001193  clear                         
000011c9  startDMX_TX                   
000011f5  main                          
000015e5  initUart0                     
00001683  setUart0BaudRate              
000016af  putcUart0                     
000016cb  putsUart0                     
000016f7  getcUart0                     
0000170b  kbhitUart0                    
00001725  displayUart0                  
000017b9  uart0ISR                      
00001ae9  initUart1                     
00001b7d  setUart1BaudRate              
00001ba9  sendByteUart1                 
00001bc5  uart1ISR                      
00001eb1  __aeabi_dsub                  
00001ebb  __aeabi_dadd                  
00002069  initLEDPWM                    
00002135  setLEDPWM                     
00002311  __aeabi_ddiv                  
0000256d  ldexp                         
0000256d  ldexpl                        
0000256d  scalbn                        
0000256d  scalbnl                       
0000267d  initTimer1                    
000026df  timer1ISR                     
0000278d  __aeabi_dmul                  
0000293b  __aeabi_memcpy                
0000293b  __aeabi_memcpy4               
0000293b  __aeabi_memcpy8               
0000293b  memcpy                        
000029d7  __aeabi_uldivmod              
00002a6d  __aeabi_cdcmpeq               
00002a6d  __aeabi_cdcmple               
00002af3  __aeabi_cdrcmple              
00002b79  initEeprom                    
00002b8f  writeEeprom                   
00002bc1  readEeprom                    
00002bfd  __aeabi_memclr                
00002bfd  __aeabi_memclr4               
00002bfd  __aeabi_memclr8               
00002bff  __aeabi_memset                
00002bff  __aeabi_memset4               
00002bff  __aeabi_memset8               
00002c05  memset                        
00002ce5  __TI_decompress_lzss          
00002d4d  frexp                         
00002d4d  frexpl                        
00002e07  __TI_ltoa                     
00002ead  atoi                          
00002ef9  __aeabi_d2iz                  
00002f41  __TI_auto_init_nobinit_nopinit
00002f85  sprintf                       
00003005  _c_int00_noargs               
00003039  __aeabi_i2d                   
00003067  __TI_zero_init_nomemset       
00003083  memccpy                       
0000309f  copysign                      
0000309f  copysignl                     
000030d1  strchr                        
000030e7  strlen                        
000030fb  wcslen                        
0000310d  __TI_decompress_none          
0000311b  ResetISR                      
00003131  __aeabi_errno_addr            
00003139  _system_pre_init              
0000313d  C$$EXIT                       
0000313d  abort                         
00003140  _ctypes_                      
00003254  __TI_Handler_Table_Base       
00003260  __TI_Handler_Table_Limit      
00003268  __TI_CINIT_Base               
00003278  __TI_CINIT_Limit              
20000000  __stack                       
20000000  __start___llvm_prf_cnts       
20000000  __stop___llvm_prf_cnts        
20000200  __STACK_TOP                   
20001000  __STACK_END                   
20001000  dataTable                     
20001204  TXBuffer                      
20001304  MODE                          
20001308  phase                         
2000130a  day                           
2000130b  hr                            
2000130c  min                           
2000130d  mth                           
2000130e  sec                           
20001310  max                           
20001312  ON                            
20001314  devAddr                       
20001316  readIndex                     
20001317  writeIndex                    
20001318  errno                         
ffffffff  __TI_pprof_out_hndl           
ffffffff  __TI_prof_data_size           
ffffffff  __TI_prof_data_start          
ffffffff  __binit__                     
ffffffff  __c_args__                    
ffffffff  binit                         
UNDEFED   __mpu_init                    
UNDEFED   _system_post_cinit            

[124 symbols]
