******************************************************************************
                  TI ARM Linker PC v20.2.1                     
******************************************************************************
>> Linked Sun Dec  6 22:53:33 2020

OUTPUT FILE NAME:   <DMX512Project.out>
ENTRY POINT SYMBOL: "_c_int00_noargs"  address: 00003c75


MEMORY CONFIGURATION

         name            origin    length      used     unused   attr    fill
----------------------  --------  ---------  --------  --------  ----  --------
  FLASH                 00000000   00040000  00003ee9  0003c117  R  X
  SRAM                  20000000   00008000  0000135a  00006ca6  RW X


SEGMENT ALLOCATION MAP

run origin  load origin   length   init length attrs members
----------  ----------- ---------- ----------- ----- -------
00000000    00000000    00003ef0   00003ef0    r-x
  00000000    00000000    0000026c   0000026c    r-- .intvecs
  0000026c    0000026c    00003b44   00003b44    r-x .text
  00003db0    00003db0    00000101   00000101    r-- .const
  00003eb8    00003eb8    00000038   00000038    r-- .cinit
20000000    20000000    0000135a   00000000    rw-
  20000000    20000000    00001000   00000000    rw- .stack
  20001000    20001000    0000030c   00000000    rw- .bss
  2000130c    2000130c    0000004e   00000000    rw- .data


SECTION ALLOCATION MAP

 output                                  attributes/
section   page    origin      length       input sections
--------  ----  ----------  ----------   ----------------
.intvecs   0    00000000    0000026c     
                  00000000    0000026c     tm4c123gh6pm_startup_ccs.obj (.intvecs)

.text      0    0000026c    00003b44     
                  0000026c    000012cc     dmxData.obj (.text)
                  00001538    00000a4e     rtsv7M4_T_le_v4SPD16_eabi.lib : _printfi.c.obj (.text:__TI_printfi)
                  00001f86    00000002                                   : div0.asm.obj (.text)
                  00001f88    000003a8     uart1.obj (.text)
                  00002330    00000294     uart0.obj (.text)
                  000025c4    00000270     rtsv7M4_T_le_v4SPD16_eabi.lib : _printfi.c.obj (.text:_pconv_a)
                  00002834    00000214     timer1.obj (.text)
                  00002a48    000001d0     rtsv7M4_T_le_v4SPD16_eabi.lib : _printfi.c.obj (.text:_pconv_g)
                  00002c18    000001b6                                   : fd_add_t2.asm.obj (.text)
                  00002dce    00000002     --HOLE-- [fill = 0]
                  00002dd0    00000184     PWM.obj (.text)
                  00002f54    0000013c     rtsv7M4_T_le_v4SPD16_eabi.lib : _printfi.c.obj (.text:_pconv_e)
                  00003090    00000136                                   : fd_div_t2.asm.obj (.text)
                  000031c6    00000002     --HOLE-- [fill = 0]
                  000031c8    00000124                                   : _printfi.c.obj (.text:fcvt)
                  000032ec    00000110                                   : s_scalbn.c.obj (.text:scalbn)
                  000033fc    000000fc                                   : fd_mul_t2.asm.obj (.text)
                  000034f8    000000b1                                   : _printfi.c.obj (.text:_ltostr)
                  000035a9    00000001     --HOLE-- [fill = 0]
                  000035aa    0000009c                                   : memcpy_t2.asm.obj (.text)
                  00003646    00000096                                   : ull_div_t2.asm.obj (.text)
                  000036dc    00000086                                   : fd_cmp_t2.asm.obj (.text:__aeabi_cdcmple)
                  00003762    00000086                                   : fd_cmp_t2.asm.obj (.text:__aeabi_cdrcmple)
                  000037e8    00000084     eeprom.obj (.text)
                  0000386c    0000007a     rtsv7M4_T_le_v4SPD16_eabi.lib : memset_t2.asm.obj (.text)
                  000038e6    0000006e                                   : _printfi.c.obj (.text:_mcpy)
                  00003954    00000068                                   : copy_decompress_lzss.c.obj (.text:decompress:lzss:__TI_decompress_lzss)
                  000039bc    00000064                                   : s_frexp.c.obj (.text:frexp)
                  00003a20    00000056                                   : _printfi.c.obj (.text:_pconv_f)
                  00003a76    00000054                                   : _ltoa.c.obj (.text:__TI_ltoa)
                  00003aca    00000052                                   : _printfi.c.obj (.text:_ecpy)
                  00003b1c    0000004c                                   : atoi.c.obj (.text:atoi)
                  00003b68    00000048                                   : fd_toi_t2.asm.obj (.text)
                  00003bb0    00000044                                   : autoinit.c.obj (.text:__TI_auto_init_nobinit_nopinit:__TI_auto_init_nobinit_nopinit)
                  00003bf4    00000040                                   : sprintf.c.obj (.text:sprintf)
                  00003c34    0000003e                                   : _printfi.c.obj (.text:_fcpy)
                  00003c72    00000002     --HOLE-- [fill = 0]
                  00003c74    00000034                                   : boot_cortex_m.c.obj (.text:_c_int00_noargs:_c_int00_noargs)
                  00003ca8    0000002e                                   : i_tofd_t2.asm.obj (.text)
                  00003cd6    0000001c                                   : copy_zero_init.c.obj (.text:decompress:ZI:__TI_zero_init_nomemset:__TI_zero_init_nomemset)
                  00003cf2    0000001c                                   : memccpy.c.obj (.text:memccpy)
                  00003d0e    0000001a                                   : s_copysign.c.obj (.text:copysign)
                  00003d28    00000018                                   : sprintf.c.obj (.text:_outs)
                  00003d40    00000016                                   : strchr.c.obj (.text:strchr)
                  00003d56    00000014                                   : strlen.c.obj (.text:strlen)
                  00003d6a    00000012                                   : wcslen.c.obj (.text:wcslen)
                  00003d7c    0000000e                                   : copy_decompress_none.c.obj (.text:decompress:none:__TI_decompress_none)
                  00003d8a    0000000c     tm4c123gh6pm_startup_ccs.obj (.text)
                  00003d96    0000000a     rtsv7M4_T_le_v4SPD16_eabi.lib : sprintf.c.obj (.text:_outc)
                  00003da0    00000008                                   : errno.c.obj (.text:__aeabi_errno_addr)
                  00003da8    00000004                                   : pre_init.c.obj (.text:_system_pre_init)
                  00003dac    00000004                                   : exit.c.obj (.text:abort:abort)

.const     0    00003db0    00000101     
                  00003db0    00000101     rtsv7M4_T_le_v4SPD16_eabi.lib : ctype.c.obj (.const:.string:_ctypes_)

.cinit     0    00003eb8    00000038     
                  00003eb8    00000010     (.cinit..data.load) [load image, compression = lzss]
                  00003ec8    0000000c     (__TI_handler_table)
                  00003ed4    00000004     --HOLE-- [fill = 0]
                  00003ed8    00000008     (.cinit..bss.load) [load image, compression = zero_init]
                  00003ee0    00000010     (__TI_cinit_table)

.init_array 
*          0    00000000    00000000     UNINITIALIZED

.bss       0    20001000    0000030c     UNINITIALIZED
                  20001000    00000204     (.common:dataTable)
                  20001204    00000100     (.common:TXBuffer)
                  20001304    00000004     (.common:MODE)
                  20001308    00000002     (.common:Rxphase)
                  2000130a    00000002     (.common:phase)

.data      0    2000130c    0000004e     UNINITIALIZED
                  2000130c    0000003c     dmxData.obj (.data:setAtTable)
                  20001348    0000000b     dmxData.obj (.data)
                  20001353    00000001     --HOLE--
                  20001354    00000004     rtsv7M4_T_le_v4SPD16_eabi.lib : errno.c.obj (.data)
                  20001358    00000002     uart0.obj (.data)

.stack     0    20000000    00001000     UNINITIALIZED
                  20000000    00000004     rtsv7M4_T_le_v4SPD16_eabi.lib : boot_cortex_m.c.obj (.stack)
                  20000004    00000ffc     --HOLE--

__llvm_prf_cnts 
*          0    20000000    00000000     UNINITIALIZED

MODULE SUMMARY

       Module                         code    ro data   rw data
       ------                         ----    -------   -------
    .\
       dmxData.obj                    4812    0         593    
       uart1.obj                      936     0         2      
       uart0.obj                      660     0         258    
       tm4c123gh6pm_startup_ccs.obj   12      620       0      
       timer1.obj                     532     0         0      
       PWM.obj                        388     0         0      
       eeprom.obj                     132     0         0      
    +--+------------------------------+-------+---------+---------+
       Total:                         7472    620       853    
                                                               
    C:\ti\ccs1011\ccs\tools\compiler\ti-cgt-arm_20.2.1.LTS\lib\rtsv7M4_T_le_v4SPD16_eabi.lib
       _printfi.c.obj                 4851    0         0      
       fd_add_t2.asm.obj              438     0         0      
       fd_div_t2.asm.obj              310     0         0      
       s_scalbn.c.obj                 272     0         0      
       fd_cmp_t2.asm.obj              268     0         0      
       ctype.c.obj                    0       257       0      
       fd_mul_t2.asm.obj              252     0         0      
       memcpy_t2.asm.obj              156     0         0      
       ull_div_t2.asm.obj             150     0         0      
       memset_t2.asm.obj              122     0         0      
       copy_decompress_lzss.c.obj     104     0         0      
       s_frexp.c.obj                  100     0         0      
       sprintf.c.obj                  98      0         0      
       _ltoa.c.obj                    84      0         0      
       atoi.c.obj                     76      0         0      
       fd_toi_t2.asm.obj              72      0         0      
       autoinit.c.obj                 68      0         0      
       boot_cortex_m.c.obj            52      0         0      
       i_tofd_t2.asm.obj              46      0         0      
       copy_zero_init.c.obj           28      0         0      
       memccpy.c.obj                  28      0         0      
       s_copysign.c.obj               26      0         0      
       strchr.c.obj                   22      0         0      
       strlen.c.obj                   20      0         0      
       wcslen.c.obj                   18      0         0      
       copy_decompress_none.c.obj     14      0         0      
       errno.c.obj                    8       0         4      
       exit.c.obj                     4       0         0      
       pre_init.c.obj                 4       0         0      
       div0.asm.obj                   2       0         0      
    +--+------------------------------+-------+---------+---------+
       Total:                         7693    257       4      
                                                               
       Stack:                         0       0         4096   
       Linker Generated:              0       52        0      
    +--+------------------------------+-------+---------+---------+
       Grand Total:                   15165   929       4953   


LINKER GENERATED COPY TABLES

__TI_cinit_table @ 00003ee0 records: 2, size/record: 8, table size: 16
	.data: load addr=00003eb8, load size=00000010 bytes, run addr=2000130c, run size=0000004e bytes, compression=lzss
	.bss: load addr=00003ed8, load size=00000008 bytes, run addr=20001000, run size=0000030c bytes, compression=zero_init


LINKER GENERATED HANDLER TABLE

__TI_handler_table @ 00003ec8 records: 3, size/record: 4, table size: 12
	index: 0, handler: __TI_decompress_lzss
	index: 1, handler: __TI_decompress_none
	index: 2, handler: __TI_zero_init


GLOBAL SYMBOLS: SORTED ALPHABETICALLY BY Name 

address   name                          
-------   ----                          
00003dad  C$$EXIT                       
000002eb  HIB_INIT                      
20001304  MODE                          
2000134a  ON                            
00003d8b  ResetISR                      
20001308  Rxphase                       
20001204  TXBuffer                      
20001000  __STACK_END                   
00001000  __STACK_SIZE                  
20000200  __STACK_TOP                   
00003ee0  __TI_CINIT_Base               
00003ef0  __TI_CINIT_Limit              
00003ec8  __TI_Handler_Table_Base       
00003ed4  __TI_Handler_Table_Limit      
00003bb1  __TI_auto_init_nobinit_nopinit
00003955  __TI_decompress_lzss          
00003d7d  __TI_decompress_none          
00003a77  __TI_ltoa                     
ffffffff  __TI_pprof_out_hndl           
00001539  __TI_printfi                  
ffffffff  __TI_prof_data_size           
ffffffff  __TI_prof_data_start          
00000000  __TI_static_base__            
00003cd7  __TI_zero_init_nomemset       
000036dd  __aeabi_cdcmpeq               
000036dd  __aeabi_cdcmple               
00003763  __aeabi_cdrcmple              
00003b69  __aeabi_d2iz                  
00002c23  __aeabi_dadd                  
00003091  __aeabi_ddiv                  
000033fd  __aeabi_dmul                  
00002c19  __aeabi_dsub                  
00003da1  __aeabi_errno_addr            
00003ca9  __aeabi_i2d                   
00001f87  __aeabi_idiv0                 
00001f87  __aeabi_ldiv0                 
0000386d  __aeabi_memclr                
0000386d  __aeabi_memclr4               
0000386d  __aeabi_memclr8               
000035ab  __aeabi_memcpy                
000035ab  __aeabi_memcpy4               
000035ab  __aeabi_memcpy8               
0000386f  __aeabi_memset                
0000386f  __aeabi_memset4               
0000386f  __aeabi_memset8               
00003647  __aeabi_uldivmod              
ffffffff  __binit__                     
ffffffff  __c_args__                    
UNDEFED   __mpu_init                    
20000000  __stack                       
20000000  __start___llvm_prf_cnts       
20000000  __stop___llvm_prf_cnts        
00003c75  _c_int00_noargs               
00003db0  _ctypes_                      
UNDEFED   _system_post_cinit            
00003da9  _system_pre_init              
00003dad  abort                         
000008f5  addTask                       
0000034b  alarmISR                      
00000635  alphabetToInteger             
00003b1d  atoi                          
ffffffff  binit                         
20001352  checkBreak                    
00000c71  clear                         
00000ba5  controllerMode                
00003d0f  copysign                      
00003d0f  copysignl                     
20001000  dataTable                     
2000134c  devAddr                       
00000beb  deviceMode                    
00002471  displayUart0                  
20001354  errno                         
000039bd  frexp                         
000039bd  frexpl                        
00000000  g_pfnVectors                  
000007ab  getData                       
000008a9  getDate                       
00000721  getFieldInteger               
000005ed  getFieldString                
00000807  getTime                       
00002443  getcUart0                     
000003f9  getsUart0                     
000037e9  initEeprom                    
0000026d  initHw                        
00002dd1  initLEDPWM                    
00002835  initTimer1                    
00002331  initUart0                     
00001f89  initUart1                     
0000075b  isCommand                     
00002457  kbhitUart0                    
000032ed  ldexp                         
000032ed  ldexpl                        
00000e39  main                          
20001348  max                           
00003cf3  memccpy                       
000035ab  memcpy                        
00003875  memset                        
0000048d  parseFields                   
2000130a  phase                         
00000cd9  poll                          
20001350  pollIndex                     
2000134e  pollMode                      
000023fb  putcUart0                     
00002417  putsUart0                     
00003831  readEeprom                    
20001358  readIndex                     
000032ed  scalbn                        
000032ed  scalbnl                       
00002049  sendByteUart1                 
2000130c  setAtTable                    
0000078f  setData                       
00000879  setDate                       
00002e9f  setLEDPWM                     
000007d3  setTime                       
000023cf  setUart0BaudRate              
0000201d  setUart1BaudRate              
00003bf5  sprintf                       
2000134f  startCode                     
00000cb1  startDMX_TX                   
00003d41  strchr                        
00000685  stringCompare                 
00003d57  strlen                        
000003f7  timer0ISR                     
00002897  timer1ISR                     
00002505  uart0ISR                      
00002065  uart1ISR                      
00002ee3  uninitPWM                     
00003d6b  wcslen                        
000037ff  writeEeprom                   
20001359  writeIndex                    


GLOBAL SYMBOLS: SORTED BY Symbol Address 

address   name                          
-------   ----                          
00000000  __TI_static_base__            
00000000  g_pfnVectors                  
0000026d  initHw                        
000002eb  HIB_INIT                      
0000034b  alarmISR                      
000003f7  timer0ISR                     
000003f9  getsUart0                     
0000048d  parseFields                   
000005ed  getFieldString                
00000635  alphabetToInteger             
00000685  stringCompare                 
00000721  getFieldInteger               
0000075b  isCommand                     
0000078f  setData                       
000007ab  getData                       
000007d3  setTime                       
00000807  getTime                       
00000879  setDate                       
000008a9  getDate                       
000008f5  addTask                       
00000ba5  controllerMode                
00000beb  deviceMode                    
00000c71  clear                         
00000cb1  startDMX_TX                   
00000cd9  poll                          
00000e39  main                          
00001000  __STACK_SIZE                  
00001539  __TI_printfi                  
00001f87  __aeabi_idiv0                 
00001f87  __aeabi_ldiv0                 
00001f89  initUart1                     
0000201d  setUart1BaudRate              
00002049  sendByteUart1                 
00002065  uart1ISR                      
00002331  initUart0                     
000023cf  setUart0BaudRate              
000023fb  putcUart0                     
00002417  putsUart0                     
00002443  getcUart0                     
00002457  kbhitUart0                    
00002471  displayUart0                  
00002505  uart0ISR                      
00002835  initTimer1                    
00002897  timer1ISR                     
00002c19  __aeabi_dsub                  
00002c23  __aeabi_dadd                  
00002dd1  initLEDPWM                    
00002e9f  setLEDPWM                     
00002ee3  uninitPWM                     
00003091  __aeabi_ddiv                  
000032ed  ldexp                         
000032ed  ldexpl                        
000032ed  scalbn                        
000032ed  scalbnl                       
000033fd  __aeabi_dmul                  
000035ab  __aeabi_memcpy                
000035ab  __aeabi_memcpy4               
000035ab  __aeabi_memcpy8               
000035ab  memcpy                        
00003647  __aeabi_uldivmod              
000036dd  __aeabi_cdcmpeq               
000036dd  __aeabi_cdcmple               
00003763  __aeabi_cdrcmple              
000037e9  initEeprom                    
000037ff  writeEeprom                   
00003831  readEeprom                    
0000386d  __aeabi_memclr                
0000386d  __aeabi_memclr4               
0000386d  __aeabi_memclr8               
0000386f  __aeabi_memset                
0000386f  __aeabi_memset4               
0000386f  __aeabi_memset8               
00003875  memset                        
00003955  __TI_decompress_lzss          
000039bd  frexp                         
000039bd  frexpl                        
00003a77  __TI_ltoa                     
00003b1d  atoi                          
00003b69  __aeabi_d2iz                  
00003bb1  __TI_auto_init_nobinit_nopinit
00003bf5  sprintf                       
00003c75  _c_int00_noargs               
00003ca9  __aeabi_i2d                   
00003cd7  __TI_zero_init_nomemset       
00003cf3  memccpy                       
00003d0f  copysign                      
00003d0f  copysignl                     
00003d41  strchr                        
00003d57  strlen                        
00003d6b  wcslen                        
00003d7d  __TI_decompress_none          
00003d8b  ResetISR                      
00003da1  __aeabi_errno_addr            
00003da9  _system_pre_init              
00003dad  C$$EXIT                       
00003dad  abort                         
00003db0  _ctypes_                      
00003ec8  __TI_Handler_Table_Base       
00003ed4  __TI_Handler_Table_Limit      
00003ee0  __TI_CINIT_Base               
00003ef0  __TI_CINIT_Limit              
20000000  __stack                       
20000000  __start___llvm_prf_cnts       
20000000  __stop___llvm_prf_cnts        
20000200  __STACK_TOP                   
20001000  __STACK_END                   
20001000  dataTable                     
20001204  TXBuffer                      
20001304  MODE                          
20001308  Rxphase                       
2000130a  phase                         
2000130c  setAtTable                    
20001348  max                           
2000134a  ON                            
2000134c  devAddr                       
2000134e  pollMode                      
2000134f  startCode                     
20001350  pollIndex                     
20001352  checkBreak                    
20001354  errno                         
20001358  readIndex                     
20001359  writeIndex                    
ffffffff  __TI_pprof_out_hndl           
ffffffff  __TI_prof_data_size           
ffffffff  __TI_prof_data_start          
ffffffff  __binit__                     
ffffffff  __c_args__                    
ffffffff  binit                         
UNDEFED   __mpu_init                    
UNDEFED   _system_post_cinit            

[130 symbols]
