******************************************************************************
                  TI ARM Linker PC v20.2.1                     
******************************************************************************
>> Linked Fri Dec  4 13:56:00 2020

OUTPUT FILE NAME:   <DMX512Project.out>
ENTRY POINT SYMBOL: "_c_int00_noargs"  address: 00003121


MEMORY CONFIGURATION

         name            origin    length      used     unused   attr    fill
----------------------  --------  ---------  --------  --------  ----  --------
  FLASH                 00000000   00040000  0000338d  0003cc73  R  X
  SRAM                  20000000   00008000  0000131b  00006ce5  RW X


SEGMENT ALLOCATION MAP

run origin  load origin   length   init length attrs members
----------  ----------- ---------- ----------- ----- -------
00000000    00000000    00003390   00003390    r-x
  00000000    00000000    0000026c   0000026c    r-- .intvecs
  0000026c    0000026c    00002ff0   00002ff0    r-x .text
  0000325c    0000325c    00000101   00000101    r-- .const
  00003360    00003360    00000030   00000030    r-- .cinit
20000000    20000000    0000131c   00000000    rw-
  20000000    20000000    00001000   00000000    rw- .stack
  20001000    20001000    0000030f   00000000    rw- .bss
  20001310    20001310    0000000c   00000000    rw- .data


SECTION ALLOCATION MAP

 output                                  attributes/
section   page    origin      length       input sections
--------  ----  ----------  ----------   ----------------
.intvecs   0    00000000    0000026c     
                  00000000    0000026c     tm4c123gh6pm_startup_ccs.obj (.intvecs)

.text      0    0000026c    00002ff0     
                  0000026c    00000a4e     rtsv7M4_T_le_v4SPD16_eabi.lib : _printfi.c.obj (.text:__TI_printfi)
                  00000cba    00000002                                   : div0.asm.obj (.text)
                  00000cbc    00000a2c     dmxData.obj (.text)
                  000016e8    00000294     uart0.obj (.text)
                  0000197c    00000270     rtsv7M4_T_le_v4SPD16_eabi.lib : _printfi.c.obj (.text:_pconv_a)
                  00001bec    00000210     uart1.obj (.text)
                  00001dfc    000001d0     rtsv7M4_T_le_v4SPD16_eabi.lib : _printfi.c.obj (.text:_pconv_g)
                  00001fcc    000001b6                                   : fd_add_t2.asm.obj (.text)
                  00002182    00000002     --HOLE-- [fill = 0]
                  00002184    0000016c     PWM.obj (.text)
                  000022f0    0000013c     rtsv7M4_T_le_v4SPD16_eabi.lib : _printfi.c.obj (.text:_pconv_e)
                  0000242c    00000136                                   : fd_div_t2.asm.obj (.text)
                  00002562    00000002     --HOLE-- [fill = 0]
                  00002564    00000124                                   : _printfi.c.obj (.text:fcvt)
                  00002688    00000110                                   : s_scalbn.c.obj (.text:scalbn)
                  00002798    00000110     timer1.obj (.text)
                  000028a8    000000fc     rtsv7M4_T_le_v4SPD16_eabi.lib : fd_mul_t2.asm.obj (.text)
                  000029a4    000000b1                                   : _printfi.c.obj (.text:_ltostr)
                  00002a55    00000001     --HOLE-- [fill = 0]
                  00002a56    0000009c                                   : memcpy_t2.asm.obj (.text)
                  00002af2    00000096                                   : ull_div_t2.asm.obj (.text)
                  00002b88    00000086                                   : fd_cmp_t2.asm.obj (.text:__aeabi_cdcmple)
                  00002c0e    00000086                                   : fd_cmp_t2.asm.obj (.text:__aeabi_cdrcmple)
                  00002c94    00000084     eeprom.obj (.text)
                  00002d18    0000007a     rtsv7M4_T_le_v4SPD16_eabi.lib : memset_t2.asm.obj (.text)
                  00002d92    0000006e                                   : _printfi.c.obj (.text:_mcpy)
                  00002e00    00000068                                   : copy_decompress_lzss.c.obj (.text:decompress:lzss:__TI_decompress_lzss)
                  00002e68    00000064                                   : s_frexp.c.obj (.text:frexp)
                  00002ecc    00000056                                   : _printfi.c.obj (.text:_pconv_f)
                  00002f22    00000054                                   : _ltoa.c.obj (.text:__TI_ltoa)
                  00002f76    00000052                                   : _printfi.c.obj (.text:_ecpy)
                  00002fc8    0000004c                                   : atoi.c.obj (.text:atoi)
                  00003014    00000048                                   : fd_toi_t2.asm.obj (.text)
                  0000305c    00000044                                   : autoinit.c.obj (.text:__TI_auto_init_nobinit_nopinit:__TI_auto_init_nobinit_nopinit)
                  000030a0    00000040                                   : sprintf.c.obj (.text:sprintf)
                  000030e0    0000003e                                   : _printfi.c.obj (.text:_fcpy)
                  0000311e    00000002     --HOLE-- [fill = 0]
                  00003120    00000034                                   : boot_cortex_m.c.obj (.text:_c_int00_noargs:_c_int00_noargs)
                  00003154    0000002e                                   : i_tofd_t2.asm.obj (.text)
                  00003182    0000001c                                   : copy_zero_init.c.obj (.text:decompress:ZI:__TI_zero_init_nomemset:__TI_zero_init_nomemset)
                  0000319e    0000001c                                   : memccpy.c.obj (.text:memccpy)
                  000031ba    0000001a                                   : s_copysign.c.obj (.text:copysign)
                  000031d4    00000018                                   : sprintf.c.obj (.text:_outs)
                  000031ec    00000016                                   : strchr.c.obj (.text:strchr)
                  00003202    00000014                                   : strlen.c.obj (.text:strlen)
                  00003216    00000012                                   : wcslen.c.obj (.text:wcslen)
                  00003228    0000000e                                   : copy_decompress_none.c.obj (.text:decompress:none:__TI_decompress_none)
                  00003236    0000000c     tm4c123gh6pm_startup_ccs.obj (.text)
                  00003242    0000000a     rtsv7M4_T_le_v4SPD16_eabi.lib : sprintf.c.obj (.text:_outc)
                  0000324c    00000008                                   : errno.c.obj (.text:__aeabi_errno_addr)
                  00003254    00000004                                   : pre_init.c.obj (.text:_system_pre_init)
                  00003258    00000004                                   : exit.c.obj (.text:abort:abort)

.const     0    0000325c    00000101     
                  0000325c    00000101     rtsv7M4_T_le_v4SPD16_eabi.lib : ctype.c.obj (.const:.string:_ctypes_)

.cinit     0    00003360    00000030     
                  00003360    0000000c     (.cinit..data.load) [load image, compression = lzss]
                  0000336c    0000000c     (__TI_handler_table)
                  00003378    00000008     (.cinit..bss.load) [load image, compression = zero_init]
                  00003380    00000010     (__TI_cinit_table)

.init_array 
*          0    00000000    00000000     UNINITIALIZED

.bss       0    20001000    0000030f     UNINITIALIZED
                  20001000    00000204     (.common:dataTable)
                  20001204    00000100     (.common:TXBuffer)
                  20001304    00000004     (.common:MODE)
                  20001308    00000002     (.common:phase)
                  2000130a    00000001     (.common:day)
                  2000130b    00000001     (.common:hr)
                  2000130c    00000001     (.common:min)
                  2000130d    00000001     (.common:mth)
                  2000130e    00000001     (.common:sec)

.data      0    20001310    0000000c     UNINITIALIZED
                  20001310    00000006     dmxData.obj (.data)
                  20001316    00000002     uart0.obj (.data)
                  20001318    00000004     rtsv7M4_T_le_v4SPD16_eabi.lib : errno.c.obj (.data)

.stack     0    20000000    00001000     UNINITIALIZED
                  20000000    00000004     rtsv7M4_T_le_v4SPD16_eabi.lib : boot_cortex_m.c.obj (.stack)
                  20000004    00000ffc     --HOLE--

__llvm_prf_cnts 
*          0    20000000    00000000     UNINITIALIZED

MODULE SUMMARY

       Module                         code    ro data   rw data
       ------                         ----    -------   -------
    .\
       dmxData.obj                    2604    0         533    
       uart0.obj                      660     0         258    
       tm4c123gh6pm_startup_ccs.obj   12      620       0      
       uart1.obj                      528     0         0      
       PWM.obj                        364     0         0      
       timer1.obj                     272     0         0      
       eeprom.obj                     132     0         0      
    +--+------------------------------+-------+---------+---------+
       Total:                         4572    620       791    
                                                               
    C:\ti\ccs1011\ccs\tools\compiler\ti-cgt-arm_20.2.1.LTS\lib\rtsv7M4_T_le_v4SPD16_eabi.lib
       _printfi.c.obj                 4851    0         0      
       fd_add_t2.asm.obj              438     0         0      
       fd_div_t2.asm.obj              310     0         0      
       s_scalbn.c.obj                 272     0         0      
       fd_cmp_t2.asm.obj              268     0         0      
       ctype.c.obj                    0       257       0      
       fd_mul_t2.asm.obj              252     0         0      
       memcpy_t2.asm.obj              156     0         0      
       ull_div_t2.asm.obj             150     0         0      
       memset_t2.asm.obj              122     0         0      
       copy_decompress_lzss.c.obj     104     0         0      
       s_frexp.c.obj                  100     0         0      
       sprintf.c.obj                  98      0         0      
       _ltoa.c.obj                    84      0         0      
       atoi.c.obj                     76      0         0      
       fd_toi_t2.asm.obj              72      0         0      
       autoinit.c.obj                 68      0         0      
       boot_cortex_m.c.obj            52      0         0      
       i_tofd_t2.asm.obj              46      0         0      
       copy_zero_init.c.obj           28      0         0      
       memccpy.c.obj                  28      0         0      
       s_copysign.c.obj               26      0         0      
       strchr.c.obj                   22      0         0      
       strlen.c.obj                   20      0         0      
       wcslen.c.obj                   18      0         0      
       copy_decompress_none.c.obj     14      0         0      
       errno.c.obj                    8       0         4      
       exit.c.obj                     4       0         0      
       pre_init.c.obj                 4       0         0      
       div0.asm.obj                   2       0         0      
    +--+------------------------------+-------+---------+---------+
       Total:                         7693    257       4      
                                                               
       Stack:                         0       0         4096   
       Linker Generated:              0       48        0      
    +--+------------------------------+-------+---------+---------+
       Grand Total:                   12265   925       4891   


LINKER GENERATED COPY TABLES

__TI_cinit_table @ 00003380 records: 2, size/record: 8, table size: 16
	.data: load addr=00003360, load size=0000000c bytes, run addr=20001310, run size=0000000c bytes, compression=lzss
	.bss: load addr=00003378, load size=00000008 bytes, run addr=20001000, run size=0000030f bytes, compression=zero_init


LINKER GENERATED HANDLER TABLE

__TI_handler_table @ 0000336c records: 3, size/record: 4, table size: 12
	index: 0, handler: __TI_decompress_lzss
	index: 1, handler: __TI_decompress_none
	index: 2, handler: __TI_zero_init


GLOBAL SYMBOLS: SORTED ALPHABETICALLY BY Name 

address   name                          
-------   ----                          
00003259  C$$EXIT                       
20001304  MODE                          
20001312  ON                            
00003237  ResetISR                      
20001204  TXBuffer                      
20001000  __STACK_END                   
00001000  __STACK_SIZE                  
20000200  __STACK_TOP                   
00003380  __TI_CINIT_Base               
00003390  __TI_CINIT_Limit              
0000336c  __TI_Handler_Table_Base       
00003378  __TI_Handler_Table_Limit      
0000305d  __TI_auto_init_nobinit_nopinit
00002e01  __TI_decompress_lzss          
00003229  __TI_decompress_none          
00002f23  __TI_ltoa                     
ffffffff  __TI_pprof_out_hndl           
0000026d  __TI_printfi                  
ffffffff  __TI_prof_data_size           
ffffffff  __TI_prof_data_start          
00000000  __TI_static_base__            
00003183  __TI_zero_init_nomemset       
00002b89  __aeabi_cdcmpeq               
00002b89  __aeabi_cdcmple               
00002c0f  __aeabi_cdrcmple              
00003015  __aeabi_d2iz                  
00001fd7  __aeabi_dadd                  
0000242d  __aeabi_ddiv                  
000028a9  __aeabi_dmul                  
00001fcd  __aeabi_dsub                  
0000324d  __aeabi_errno_addr            
00003155  __aeabi_i2d                   
00000cbb  __aeabi_idiv0                 
00000cbb  __aeabi_ldiv0                 
00002d19  __aeabi_memclr                
00002d19  __aeabi_memclr4               
00002d19  __aeabi_memclr8               
00002a57  __aeabi_memcpy                
00002a57  __aeabi_memcpy4               
00002a57  __aeabi_memcpy8               
00002d1b  __aeabi_memset                
00002d1b  __aeabi_memset4               
00002d1b  __aeabi_memset8               
00002af3  __aeabi_uldivmod              
ffffffff  __binit__                     
ffffffff  __c_args__                    
UNDEFED   __mpu_init                    
20000000  __stack                       
20000000  __start___llvm_prf_cnts       
20000000  __stop___llvm_prf_cnts        
00003121  _c_int00_noargs               
0000325c  _ctypes_                      
UNDEFED   _system_post_cinit            
00003255  _system_pre_init              
00003259  abort                         
000010f5  addTask                       
00000efd  alphabetToInteger             
00002fc9  atoi                          
ffffffff  binit                         
000011d3  clear                         
0000110d  controllerMode                
000031bb  copysign                      
000031bb  copysignl                     
20001000  dataTable                     
2000130a  day                           
20001314  devAddr                       
00001153  deviceMode                    
00001829  displayUart0                  
20001318  errno                         
00002e69  frexp                         
00002e69  frexpl                        
00000000  g_pfnVectors                  
0000108f  getData                       
000010e9  getDate                       
00001005  getFieldInteger               
00000ecd  getFieldString                
000010cb  getTime                       
000017fb  getcUart0                     
00000d13  getsUart0                     
2000130b  hr                            
00002c95  initEeprom                    
00000cbd  initHw                        
00002185  initLEDPWM                    
00002799  initTimer1                    
000016e9  initUart0                     
00001bed  initUart1                     
0000103f  isCommand                     
0000180f  kbhitUart0                    
00002689  ldexp                         
00002689  ldexpl                        
00001239  main                          
20001310  max                           
0000319f  memccpy                       
00002a57  memcpy                        
00002d21  memset                        
2000130c  min                           
2000130d  mth                           
00000d91  parseFields                   
20001308  phase                         
000017b3  putcUart0                     
000017cf  putsUart0                     
00002cdd  readEeprom                    
20001316  readIndex                     
00002689  scalbn                        
00002689  scalbnl                       
2000130e  sec                           
00001cad  sendByteUart1                 
00001073  setData                       
000010d9  setDate                       
00002251  setLEDPWM                     
000010b7  setTime                       
00001787  setUart0BaudRate              
00001c81  setUart1BaudRate              
000030a1  sprintf                       
00001209  startDMX_TX                   
000031ed  strchr                        
00000f69  stringCompare                 
00003203  strlen                        
000027fb  timer1ISR                     
000018bd  uart0ISR                      
00001cc9  uart1ISR                      
00003217  wcslen                        
00002cab  writeEeprom                   
20001317  writeIndex                    


GLOBAL SYMBOLS: SORTED BY Symbol Address 

address   name                          
-------   ----                          
00000000  __TI_static_base__            
00000000  g_pfnVectors                  
0000026d  __TI_printfi                  
00000cbb  __aeabi_idiv0                 
00000cbb  __aeabi_ldiv0                 
00000cbd  initHw                        
00000d13  getsUart0                     
00000d91  parseFields                   
00000ecd  getFieldString                
00000efd  alphabetToInteger             
00000f69  stringCompare                 
00001000  __STACK_SIZE                  
00001005  getFieldInteger               
0000103f  isCommand                     
00001073  setData                       
0000108f  getData                       
000010b7  setTime                       
000010cb  getTime                       
000010d9  setDate                       
000010e9  getDate                       
000010f5  addTask                       
0000110d  controllerMode                
00001153  deviceMode                    
000011d3  clear                         
00001209  startDMX_TX                   
00001239  main                          
000016e9  initUart0                     
00001787  setUart0BaudRate              
000017b3  putcUart0                     
000017cf  putsUart0                     
000017fb  getcUart0                     
0000180f  kbhitUart0                    
00001829  displayUart0                  
000018bd  uart0ISR                      
00001bed  initUart1                     
00001c81  setUart1BaudRate              
00001cad  sendByteUart1                 
00001cc9  uart1ISR                      
00001fcd  __aeabi_dsub                  
00001fd7  __aeabi_dadd                  
00002185  initLEDPWM                    
00002251  setLEDPWM                     
0000242d  __aeabi_ddiv                  
00002689  ldexp                         
00002689  ldexpl                        
00002689  scalbn                        
00002689  scalbnl                       
00002799  initTimer1                    
000027fb  timer1ISR                     
000028a9  __aeabi_dmul                  
00002a57  __aeabi_memcpy                
00002a57  __aeabi_memcpy4               
00002a57  __aeabi_memcpy8               
00002a57  memcpy                        
00002af3  __aeabi_uldivmod              
00002b89  __aeabi_cdcmpeq               
00002b89  __aeabi_cdcmple               
00002c0f  __aeabi_cdrcmple              
00002c95  initEeprom                    
00002cab  writeEeprom                   
00002cdd  readEeprom                    
00002d19  __aeabi_memclr                
00002d19  __aeabi_memclr4               
00002d19  __aeabi_memclr8               
00002d1b  __aeabi_memset                
00002d1b  __aeabi_memset4               
00002d1b  __aeabi_memset8               
00002d21  memset                        
00002e01  __TI_decompress_lzss          
00002e69  frexp                         
00002e69  frexpl                        
00002f23  __TI_ltoa                     
00002fc9  atoi                          
00003015  __aeabi_d2iz                  
0000305d  __TI_auto_init_nobinit_nopinit
000030a1  sprintf                       
00003121  _c_int00_noargs               
00003155  __aeabi_i2d                   
00003183  __TI_zero_init_nomemset       
0000319f  memccpy                       
000031bb  copysign                      
000031bb  copysignl                     
000031ed  strchr                        
00003203  strlen                        
00003217  wcslen                        
00003229  __TI_decompress_none          
00003237  ResetISR                      
0000324d  __aeabi_errno_addr            
00003255  _system_pre_init              
00003259  C$$EXIT                       
00003259  abort                         
0000325c  _ctypes_                      
0000336c  __TI_Handler_Table_Base       
00003378  __TI_Handler_Table_Limit      
00003380  __TI_CINIT_Base               
00003390  __TI_CINIT_Limit              
20000000  __stack                       
20000000  __start___llvm_prf_cnts       
20000000  __stop___llvm_prf_cnts        
20000200  __STACK_TOP                   
20001000  __STACK_END                   
20001000  dataTable                     
20001204  TXBuffer                      
20001304  MODE                          
20001308  phase                         
2000130a  day                           
2000130b  hr                            
2000130c  min                           
2000130d  mth                           
2000130e  sec                           
20001310  max                           
20001312  ON                            
20001314  devAddr                       
20001316  readIndex                     
20001317  writeIndex                    
20001318  errno                         
ffffffff  __TI_pprof_out_hndl           
ffffffff  __TI_prof_data_size           
ffffffff  __TI_prof_data_start          
ffffffff  __binit__                     
ffffffff  __c_args__                    
ffffffff  binit                         
UNDEFED   __mpu_init                    
UNDEFED   _system_post_cinit            

[124 symbols]
